ML/data/quarterly.csv
id,date,city,lat,long,pop,shop,brand,container,capacity,price,quantity
811,31/10/12,Athens,37.97945,23.71622,672130,shop_1,kinder-cola,plastic,1.5lt,3.42,7398
901,30/11/12,Athens,37.97945,23.71622,672130,shop_1,kinder-cola,plastic,1.5lt,3.63,6213
991,31/12/12,Athens,37.97945,23.71622,672130,shop_1,kinder-cola,plastic,1.5lt,3.85,6914
2970,31/10/14,Athens,37.97945,23.71622,668203,shop_1,kinder-cola,plastic,1.5lt,3.28,8408
3061,30/11/14,Athens,37.97945,23.71622,668203,shop_1,kinder-cola,plastic,1.5lt,2.66,9800
3151,31/12/14,Athens,37.97945,23.71622,668203,shop_1,kinder-cola,plastic,1.5lt,2.46,13190
4051,31/10/15,Athens,37.97945,23.71622,667237,shop_1,kinder-cola,plastic,1.5lt,3.9,6568
4141,30/11/15,Athens,37.97945,23.71622,667237,shop_1,kinder-cola,plastic,1.5lt,3.14,8494
4231,31/12/15,Athens,37.97945,23.71622,667237,shop_1,kinder-cola,plastic,1.5lt,3.04,11120
5131,31/10/16,Athens,37.97945,23.71622,665102,shop_1,kinder-cola,plastic,1.5lt,2.49,11455
5311,31/12/16,Athens,37.97945,23.71622,665102,shop_1,kinder-cola,plastic,1.5lt,2.78,12388
6211,31/10/17,Athens,37.97945,23.71622,665871,shop_1,kinder-cola,plastic,1.5lt,3.35,8857
6301,30/11/17,Athens,37.97945,23.71622,665871,shop_1,kinder-cola,plastic,1.5lt,3.68,7278
6391,31/12/17,Athens,37.97945,23.71622,665871,shop_1,kinder-cola,plastic,1.5lt,4.24,7092
7291,31/10/18,Athens,37.97945,23.71622,664046,shop_1,kinder-cola,plastic,1.5lt,1.94,13499
7381,30/11/18,Athens,37.97945,23.71622,664046,shop_1,kinder-cola,plastic,1.5lt,1.88,12756
7555,31/12/18,Athens,37.97945,23.71622,664046,shop_1,kinder-cola,plastic,1.5lt,2.52,13760
812,31/10/12,Athens,37.97945,23.71622,672130,shop_1,kinder-cola,can,330ml,0.8,12887
902,30/11/12,Athens,37.97945,23.71622,672130,shop_1,kinder-cola,can,330ml,0.58,16186
1068,31/12/12,Athens,37.97945,23.71622,672130,shop_1,kinder-cola,can,330ml,0.91,11981
2971,31/10/14,Athens,37.97945,23.71622,668203,shop_1,kinder-cola,can,330ml,0.76,14826
3147,30/11/14,Athens,37.97945,23.71622,668203,shop_1,kinder-cola,can,330ml,0.84,11283
3152,31/12/14,Athens,37.97945,23.71622,668203,shop_1,kinder-cola,can,330ml,0.75,17798
4052,31/10/15,Athens,37.97945,23.71622,667237,shop_1,kinder-cola,can,330ml,0.92,11435
4226,30/11/15,Athens,37.97945,23.71622,667237,shop_1,kinder-cola,can,330ml,0.59,16881
4232,31/12/15,Athens,37.97945,23.71622,667237,shop_1,kinder-cola,can,330ml,0.88,14622
5132,31/10/16,Athens,37.97945,23.71622,665102,shop_1,kinder-cola,can,330ml,0.69,17310
5222,30/11/16,Athens,37.97945,23.71622,665102,shop_1,kinder-cola,can,330ml,0.75,13857
5312,31/12/16,Athens,37.97945,23.71622,665102,shop_1,kinder-cola,can,330ml,0.49,25668
6212,31/10/17,Athens,37.97945,23.71622,665871,shop_1,kinder-cola,can,330ml,0.63,18855
6388,30/11/17,Athens,37.97945,23.71622,665871,shop_1,kinder-cola,can,330ml,0.83,12489
6392,31/12/17,Athens,37.97945,23.71622,665871,shop_1,kinder-cola,can,330ml,0.56,24049
7292,31/10/18,Athens,37.97945,23.71622,664046,shop_1,kinder-cola,can,330ml,0.63,19165
7382,30/11/18,Athens,37.97945,23.71622,664046,shop_1,kinder-cola,can,330ml,0.92,11104
7471,31/12/18,Athens,37.97945,23.71622,664046,shop_1,kinder-cola,can,330ml,0.81,17914
813,31/10/12,Athens,37.97945,23.71622,672130,shop_1,adult-cola,glass,500ml,1.35,13165
903,30/11/12,Athens,37.97945,23.71622,672130,shop_1,adult-cola,glass,500ml,1.25,15155
992,31/12/12,Athens,37.97945,23.71622,672130,shop_1,adult-cola,glass,500ml,1.03,22107
2972,31/10/14,Athens,37.97945,23.71622,668203,shop_1,adult-cola,glass,500ml,1.13,21027
3062,30/11/14,Athens,37.97945,23.71622,668203,shop_1,adult-cola,glass,500ml,1.08,21034
3222,31/12/14,Athens,37.97945,23.71622,668203,shop_1,adult-cola,glass,500ml,1.22,18201
4053,31/10/15,Athens,37.97945,23.71622,667237,shop_1,adult-cola,glass,500ml,0.87,28792
4142,30/11/15,Athens,37.97945,23.71622,667237,shop_1,adult-cola,glass,500ml,1.3,15979
4317,31/12/15,Athens,37.97945,23.71622,667237,shop_1,adult-cola,glass,500ml,1.14,20969
5133,31/10/16,Athens,37.97945,23.71622,665102,shop_1,adult-cola,glass,500ml,1.18,20842
5223,30/11/16,Athens,37.97945,23.71622,665102,shop_1,adult-cola,glass,500ml,0.86,27985
5313,31/12/16,Athens,37.97945,23.71622,665102,shop_1,adult-cola,glass,500ml,1.4,14816
6213,31/10/17,Athens,37.97945,23.71622,665871,shop_1,adult-cola,glass,500ml,0.95,27577
6302,30/11/17,Athens,37.97945,23.71622,665871,shop_1,adult-cola,glass,500ml,1.5,12491
6393,31/12/17,Athens,37.97945,23.71622,665871,shop_1,adult-cola,glass,500ml,1.15,22083
7293,31/10/18,Athens,37.97945,23.71622,664046,shop_1,adult-cola,glass,500ml,0.99,27189
7383,30/11/18,Athens,37.97945,23.71622,664046,shop_1,adult-cola,glass,500ml,0.61,34693
7472,31/12/18,Athens,37.97945,23.71622,664046,shop_1,adult-cola,glass,500ml,1.07,24731
814,31/10/12,Athens,37.97945,23.71622,672130,shop_1,adult-cola,plastic,1.5lt,2.22,14973
904,30/11/12,Athens,37.97945,23.71622,672130,shop_1,adult-cola,plastic,1.5lt,3.46,8330
1070,31/12/12,Athens,37.97945,23.71622,672130,shop_1,adult-cola,plastic,1.5lt,2.88,12347
2973,31/10/14,Athens,37.97945,23.71622,668203,shop_1,adult-cola,plastic,1.5lt,2.48,14004
3139,30/11/14,Athens,37.97945,23.71622,668203,shop_1,adult-cola,plastic,1.5lt,3.08,12063
3153,31/12/14,Athens,37.97945,23.71622,668203,shop_1,adult-cola,plastic,1.5lt,2.01,19239
4054,31/10/15,Athens,37.97945,23.71622,667237,shop_1,adult-cola,plastic,1.5lt,1.84,18105
4143,30/11/15,Athens,37.97945,23.71622,667237,shop_1,adult-cola,plastic,1.5lt,1.77,21516
4233,31/12/15,Athens,37.97945,23.71622,667237,shop_1,adult-cola,plastic,1.5lt,2.21,18222
5202,31/10/16,Athens,37.97945,23.71622,665102,shop_1,adult-cola,plastic,1.5lt,3.21,10409
5224,30/11/16,Athens,37.97945,23.71622,665102,shop_1,adult-cola,plastic,1.5lt,2.63,15976
5314,31/12/16,Athens,37.97945,23.71622,665102,shop_1,adult-cola,plastic,1.5lt,2.41,17187
6214,31/10/17,Athens,37.97945,23.71622,665871,shop_1,adult-cola,plastic,1.5lt,2.07,17251
6303,30/11/17,Athens,37.97945,23.71622,665871,shop_1,adult-cola,plastic,1.5lt,1.49,23821
6394,31/12/17,Athens,37.97945,23.71622,665871,shop_1,adult-cola,plastic,1.5lt,3.2,12397
7294,31/10/18,Athens,37.97945,23.71622,664046,shop_1,adult-cola,plastic,1.5lt,2.97,12496
7384,30/11/18,Athens,37.97945,23.71622,664046,shop_1,adult-cola,plastic,1.5lt,2.48,17652
7473,31/12/18,Athens,37.97945,23.71622,664046,shop_1,adult-cola,plastic,1.5lt,2.9,14736
815,31/10/12,Athens,37.97945,23.71622,672130,shop_1,adult-cola,can,330ml,0.8,16301
905,30/11/12,Athens,37.97945,23.71622,672130,shop_1,adult-cola,can,330ml,0.65,20157
993,31/12/12,Athens,37.97945,23.71622,672130,shop_1,adult-cola,can,330ml,0.77,18272
3053,31/10/14,Athens,37.97945,23.71622,668203,shop_1,adult-cola,can,330ml,0.4,37875
3063,30/11/14,Athens,37.97945,23.71622,668203,shop_1,adult-cola,can,330ml,0.79,15347
3228,31/12/14,Athens,37.97945,23.71622,668203,shop_1,adult-cola,can,330ml,0.59,29023
4055,31/10/15,Athens,37.97945,23.71622,667237,shop_1,adult-cola,can,330ml,0.57,30016
4144,30/11/15,Athens,37.97945,23.71622,667237,shop_1,adult-cola,can,330ml,0.56,25358
4308,31/12/15,Athens,37.97945,23.71622,667237,shop_1,adult-cola,can,330ml,0.48,35384
5134,31/10/16,Athens,37.97945,23.71622,665102,shop_1,adult-cola,can,330ml,0.73,23259
5225,30/11/16,Athens,37.97945,23.71622,665102,shop_1,adult-cola,can,330ml,0.92,11685
5315,31/12/16,Athens,37.97945,23.71622,665102,shop_1,adult-cola,can,330ml,0.58,30629
6292,31/10/17,Athens,37.97945,23.71622,665871,shop_1,adult-cola,can,330ml,0.87,17381
6304,30/11/17,Athens,37.97945,23.71622,665871,shop_1,adult-cola,can,330ml,0.38,33431
6395,31/12/17,Athens,37.97945,23.71622,665871,shop_1,adult-cola,can,330ml,0.62,29411
7295,31/10/18,Athens,37.97945,23.71622,664046,shop_1,adult-cola,can,330ml,0.64,28390
7460,30/11/18,Athens,37.97945,23.71622,664046,shop_1,adult-cola,can,330ml,0.49,29531
7549,31/12/18,Athens,37.97945,23.71622,664046,shop_1,adult-cola,can,330ml,0.83,19982
816,31/10/12,Athens,37.97945,23.71622,672130,shop_1,orange-power,plastic,1.5lt,2.08,14903
907,30/11/12,Athens,37.97945,23.71622,672130,shop_1,orange-power,plastic,1.5lt,1.43,21181
995,31/12/12,Athens,37.97945,23.71622,672130,shop_1,orange-power,plastic,1.5lt,1.53,21664
2975,31/10/14,Athens,37.97945,23.71622,668203,shop_1,orange-power,plastic,1.5lt,0.81,33889
3141,30/11/14,Athens,37.97945,23.71622,668203,shop_1,orange-power,plastic,1.5lt,1.65,19306
3155,31/12/14,Athens,37.97945,23.71622,668203,shop_1,orange-power,plastic,1.5lt,1.51,22813
4057,31/10/15,Athens,37.97945,23.71622,667237,shop_1,orange-power,plastic,1.5lt,1.79,20771
4220,30/11/15,Athens,37.97945,23.71622,667237,shop_1,orange-power,plastic,1.5lt,1.84,17450
4235,31/12/15,Athens,37.97945,23.71622,667237,shop_1,orange-power,plastic,1.5lt,1.93,17867
5136,31/10/16,Athens,37.97945,23.71622,665102,shop_1,orange-power,plastic,1.5lt,1.08,30711
5227,30/11/16,Athens,37.97945,23.71622,665102,shop_1,orange-power,plastic,1.5lt,1.52,21644
5317,31/12/16,Athens,37.97945,23.71622,665102,shop_1,orange-power,plastic,1.5lt,2.2,14954
6216,31/10/17,Athens,37.97945,23.71622,665871,shop_1,orange-power,plastic,1.5lt,1.92,20024
6306,30/11/17,Athens,37.97945,23.71622,665871,shop_1,orange-power,plastic,1.5lt,2.17,14528
6397,31/12/17,Athens,37.97945,23.71622,665871,shop_1,orange-power,plastic,1.5lt,1.73,21273
7297,31/10/18,Athens,37.97945,23.71622,664046,shop_1,orange-power,plastic,1.5lt,2.43,14051
7454,30/11/18,Athens,37.97945,23.71622,664046,shop_1,orange-power,plastic,1.5lt,1.41,23576
7556,31/12/18,Athens,37.97945,23.71622,664046,shop_1,orange-power,plastic,1.5lt,2.18,16309
817,31/10/12,Athens,37.97945,23.71622,672130,shop_1,orange-power,can,330ml,0.44,29299
908,30/11/12,Athens,37.97945,23.71622,672130,shop_1,orange-power,can,330ml,0.58,19414
996,31/12/12,Athens,37.97945,23.71622,672130,shop_1,orange-power,can,330ml,0.47,32152
2976,31/10/14,Athens,37.97945,23.71622,668203,shop_1,orange-power,can,330ml,0.44,30679
3065,30/11/14,Athens,37.97945,23.71622,668203,shop_1,orange-power,can,330ml,0.42,36434
3235,31/12/14,Athens,37.97945,23.71622,668203,shop_1,orange-power,can,330ml,0.54,27349
4126,31/10/15,Athens,37.97945,23.71622,667237,shop_1,orange-power,can,330ml,0.66,14076
4146,30/11/15,Athens,37.97945,23.71622,667237,shop_1,orange-power,can,330ml,0.49,31457
4236,31/12/15,Athens,37.97945,23.71622,667237,shop_1,orange-power,can,330ml,0.33,48586
5203,31/10/16,Athens,37.97945,23.71622,665102,shop_1,orange-power,can,330ml,0.53,25164
5228,30/11/16,Athens,37.97945,23.71622,665102,shop_1,orange-power,can,330ml,0.64,19039
5318,31/12/16,Athens,37.97945,23.71622,665102,shop_1,orange-power,can,330ml,0.53,29629
6217,31/10/17,Athens,37.97945,23.71622,665871,shop_1,orange-power,can,330ml,0.51,27028
6307,30/11/17,Athens,37.97945,23.71622,665871,shop_1,orange-power,can,330ml,0.44,37256
6461,31/12/17,Athens,37.97945,23.71622,665871,shop_1,orange-power,can,330ml,0.35,47998
7298,31/10/18,Athens,37.97945,23.71622,664046,shop_1,orange-power,can,330ml,0.46,32055
7386,30/11/18,Athens,37.97945,23.71622,664046,shop_1,orange-power,can,330ml,0.5,33484
7475,31/12/18,Athens,37.97945,23.71622,664046,shop_1,orange-power,can,330ml,0.49,35678
818,31/10/12,Athens,37.97945,23.71622,672130,shop_1,gazoza,plastic,1.5lt,0.82,31662
910,30/11/12,Athens,37.97945,23.71622,672130,shop_1,gazoza,plastic,1.5lt,0.48,39608
998,31/12/12,Athens,37.97945,23.71622,672130,shop_1,gazoza,plastic,1.5lt,0.79,35371
2978,31/10/14,Athens,37.97945,23.71622,668203,shop_1,gazoza,plastic,1.5lt,1.12,24182
3145,30/11/14,Athens,37.97945,23.71622,668203,shop_1,gazoza,plastic,1.5lt,1.25,19539
3157,31/12/14,Athens,37.97945,23.71622,668203,shop_1,gazoza,plastic,1.5lt,1.31,20458
4058,31/10/15,Athens,37.97945,23.71622,667237,shop_1,gazoza,plastic,1.5lt,0.93,29927
4211,30/11/15,Athens,37.97945,23.71622,667237,shop_1,gazoza,plastic,1.5lt,1.33,18098
4237,31/12/15,Athens,37.97945,23.71622,667237,shop_1,gazoza,plastic,1.5lt,0.95,32058
5137,31/10/16,Athens,37.97945,23.71622,665102,shop_1,gazoza,plastic,1.5lt,0.99,28928
5230,30/11/16,Athens,37.97945,23.71622,665102,shop_1,gazoza,plastic,1.5lt,0.91,29730
5320,31/12/16,Athens,37.97945,23.71622,665102,shop_1,gazoza,plastic,1.5lt,0.72,39302
6219,31/10/17,Athens,37.97945,23.71622,665871,shop_1,gazoza,plastic,1.5lt,1.32,20915
6309,30/11/17,Athens,37.97945,23.71622,665871,shop_1,gazoza,plastic,1.5lt,1.31,19973
6399,31/12/17,Athens,37.97945,23.71622,665871,shop_1,gazoza,plastic,1.5lt,1.31,22911
7300,31/10/18,Athens,37.97945,23.71622,664046,shop_1,gazoza,plastic,1.5lt,1.45,18117
7388,30/11/18,Athens,37.97945,23.71622,664046,shop_1,gazoza,plastic,1.5lt,1.19,23688
7477,31/12/18,Athens,37.97945,23.71622,664046,shop_1,gazoza,plastic,1.5lt,1.23,25987
819,31/10/12,Athens,37.97945,23.71622,672130,shop_1,gazoza,can,330ml,0.27,57172
985,30/11/12,Athens,37.97945,23.71622,672130,shop_1,gazoza,can,330ml,0.11,69182
999,31/12/12,Athens,37.97945,23.71622,672130,shop_1,gazoza,can,330ml,0.24,54655
2979,31/10/14,Athens,37.97945,23.71622,668203,shop_1,gazoza,can,330ml,0.37,38763
3067,30/11/14,Athens,37.97945,23.71622,668203,shop_1,gazoza,can,330ml,0.39,23934
3158,31/12/14,Athens,37.97945,23.71622,668203,shop_1,gazoza,can,330ml,0.3,44801
4059,31/10/15,Athens,37.97945,23.71622,667237,shop_1,gazoza,can,330ml,0.41,31284
4147,30/11/15,Athens,37.97945,23.71622,667237,shop_1,gazoza,can,330ml,0.27,44491
4238,31/12/15,Athens,37.97945,23.71622,667237,shop_1,gazoza,can,330ml,0.41,25521
5138,31/10/16,Athens,37.97945,23.71622,665102,shop_1,gazoza,can,330ml,0.29,58962
5231,30/11/16,Athens,37.97945,23.71622,665102,shop_1,gazoza,can,330ml,0.4,26161
5321,31/12/16,Athens,37.97945,23.71622,665102,shop_1,gazoza,can,330ml,0.43,23059
6220,31/10/17,Athens,37.97945,23.71622,665871,shop_1,gazoza,can,330ml,0.35,47591
6310,30/11/17,Athens,37.97945,23.71622,665871,shop_1,gazoza,can,330ml,0.38,29953
6400,31/12/17,Athens,37.97945,23.71622,665871,shop_1,gazoza,can,330ml,0.46,19384
7301,31/10/18,Athens,37.97945,23.71622,664046,shop_1,gazoza,can,330ml,0.46,26089
7389,30/11/18,Athens,37.97945,23.71622,664046,shop_1,gazoza,can,330ml,0.49,14900
7546,31/12/18,Athens,37.97945,23.71622,664046,shop_1,gazoza,can,330ml,0.24,58782
820,31/10/12,Athens,37.97945,23.71622,672130,shop_1,lemon-boost,glass,500ml,0.92,14355
911,30/11/12,Athens,37.97945,23.71622,672130,shop_1,lemon-boost,glass,500ml,1.05,12886
1000,31/12/12,Athens,37.97945,23.71622,672130,shop_1,lemon-boost,glass,500ml,1,13161
2980,31/10/14,Athens,37.97945,23.71622,668203,shop_1,lemon-boost,glass,500ml,0.97,14147
3068,30/11/14,Athens,37.97945,23.71622,668203,shop_1,lemon-boost,glass,500ml,0.93,17275
3159,31/12/14,Athens,37.97945,23.71622,668203,shop_1,lemon-boost,glass,500ml,0.9,16781
4136,31/10/15,Athens,37.97945,23.71622,667237,shop_1,lemon-boost,glass,500ml,1.02,13541
4148,30/11/15,Athens,37.97945,23.71622,667237,shop_1,lemon-boost,glass,500ml,0.94,17530
4239,31/12/15,Athens,37.97945,23.71622,667237,shop_1,lemon-boost,glass,500ml,1.01,14536
5139,31/10/16,Athens,37.97945,23.71622,665102,shop_1,lemon-boost,glass,500ml,0.84,18027
5232,30/11/16,Athens,37.97945,23.71622,665102,shop_1,lemon-boost,glass,500ml,1.03,15785
5322,31/12/16,Athens,37.97945,23.71622,665102,shop_1,lemon-boost,glass,500ml,1.11,12610
6221,31/10/17,Athens,37.97945,23.71622,665871,shop_1,lemon-boost,glass,500ml,0.98,15416
6311,30/11/17,Athens,37.97945,23.71622,665871,shop_1,lemon-boost,glass,500ml,0.73,24018
6401,31/12/17,Athens,37.97945,23.71622,665871,shop_1,lemon-boost,glass,500ml,0.71,22712
7302,31/10/18,Athens,37.97945,23.71622,664046,shop_1,lemon-boost,glass,500ml,0.9,17642
7390,30/11/18,Athens,37.97945,23.71622,664046,shop_1,lemon-boost,glass,500ml,1,17665
7478,31/12/18,Athens,37.97945,23.71622,664046,shop_1,lemon-boost,glass,500ml,0.88,19081
821,31/10/12,Athens,37.97945,23.71622,672130,shop_1,lemon-boost,plastic,1.5lt,2.3,10322
912,30/11/12,Athens,37.97945,23.71622,672130,shop_1,lemon-boost,plastic,1.5lt,2.28,10380
1001,31/12/12,Athens,37.97945,23.71622,672130,shop_1,lemon-boost,plastic,1.5lt,1.96,13239
2981,31/10/14,Athens,37.97945,23.71622,668203,shop_1,lemon-boost,plastic,1.5lt,1.45,17043
3069,30/11/14,Athens,37.97945,23.71622,668203,shop_1,lemon-boost,plastic,1.5lt,1.79,14487
3160,31/12/14,Athens,37.97945,23.71622,668203,shop_1,lemon-boost,plastic,1.5lt,2.24,11843
4060,31/10/15,Athens,37.97945,23.71622,667237,shop_1,lemon-boost,plastic,1.5lt,2.78,8080
4149,30/11/15,Athens,37.97945,23.71622,667237,shop_1,lemon-boost,plastic,1.5lt,2.55,9573
4240,31/12/15,Athens,37.97945,23.71622,667237,shop_1,lemon-boost,plastic,1.5lt,0.5,24603
5140,31/10/16,Athens,37.97945,23.71622,665102,shop_1,lemon-boost,plastic,1.5lt,1.6,16449
5233,30/11/16,Athens,,23.71622,665102,shop_1,lemon-boost,plastic,1.5lt,1.85,14611
5390,31/12/16,Athens,37.97945,23.71622,665102,shop_1,lemon-boost,plastic,1.5lt,2.75,8989
6222,31/10/17,Athens,37.97945,23.71622,665871,shop_1,lemon-boost,plastic,1.5lt,1.58,16766
6387,30/11/17,Athens,37.97945,23.71622,665871,shop_1,lemon-boost,plastic,1.5lt,2.23,12356
6472,31/12/17,Athens,37.97945,23.71622,665871,shop_1,lemon-boost,plastic,1.5lt,2.45,11379
7303,31/10/18,Athens,37.97945,23.71622,664046,shop_1,lemon-boost,plastic,1.5lt,2.82,8958
7391,30/11/18,Athens,37.97945,23.71622,664046,shop_1,lemon-boost,plastic,1.5lt,1.58,16857
7479,31/12/18,Athens,37.97945,23.71622,664046,shop_1,lemon-boost,plastic,1.5lt,2.28,12874
