ML/data/quarterly.csv
id,date,city,lat,long,pop,shop,brand,container,capacity,price,quantity
822,31/10/12,Athens,37.97945,23.71622,672130,shop_1,lemon-boost,can,330ml,0.67,12920
989,30/11/12,Athens,37.97945,23.71622,672130,shop_1,lemon-boost,can,330ml,0.43,25095
1002,31/12/12,Athens,37.97945,23.71622,672130,shop_1,lemon-boost,can,330ml,0.74,10409
2982,31/10/14,Athens,37.97945,23.71622,668203,shop_1,lemon-boost,can,330ml,0.62,16957
3146,30/11/14,Athens,37.97945,23.71622,668203,shop_1,lemon-boost,can,330ml,0.34,30151
3216,31/12/14,Athens,37.97945,23.71622,668203,shop_1,lemon-boost,can,330ml,0.45,28800
4061,31/10/15,Athens,37.97945,23.71622,667237,shop_1,lemon-boost,can,330ml,0.61,18230
4225,30/11/15,Athens,37.97945,23.71622,667237,shop_1,lemon-boost,can,330ml,0.44,26082
4241,31/12/15,Athens,37.97945,23.71622,667237,shop_1,lemon-boost,can,330ml,0.59,21493
5141,31/10/16,Athens,37.97945,23.71622,665102,shop_1,lemon-boost,can,330ml,0.63,18104
5234,30/11/16,Athens,37.97945,23.71622,665102,shop_1,lemon-boost,can,330ml,0.72,12992
5323,31/12/16,Athens,37.97945,23.71622,665102,shop_1,lemon-boost,can,330ml,0.52,26307
6223,31/10/17,Athens,37.97945,23.71622,665871,shop_1,lemon-boost,can,330ml,0.72,14033
6312,30/11/17,Athens,37.97945,23.71622,665871,shop_1,lemon-boost,can,330ml,0.72,13615
7378,31/10/18,Athens,37.97945,23.71622,664046,shop_1,lemon-boost,can,330ml,0.34,32793
7392,30/11/18,Athens,37.97945,23.71622,664046,shop_1,lemon-boost,can,330ml,0.68,16135
7480,31/12/18,Athens,37.97945,23.71622,664046,shop_1,lemon-boost,can,330ml,0.62,21678
823,31/10/12,Irakleion,35.32787,25.14341,134219,shop_2,kinder-cola,glass,500ml,1.1,16483
913,30/11/12,Irakleion,35.32787,25.14341,134219,shop_2,kinder-cola,glass,500ml,1.18,17534
1003,31/12/12,Irakleion,35.32787,25.14341,134219,shop_2,kinder-cola,glass,500ml,1.05,20746
2983,31/10/14,Irakleion,35.32787,25.14341,136202,shop_2,kinder-cola,glass,500ml,1.48,11369
3070,30/11/14,Irakleion,35.32787,25.14341,136202,shop_2,kinder-cola,glass,500ml,1.37,15034
3161,31/12/14,Irakleion,35.32787,25.14341,136202,shop_2,kinder-cola,glass,500ml,0.92,24031
4129,31/10/15,Irakleion,35.32787,25.14341,138560,shop_2,kinder-cola,glass,500ml,0.94,20111
4150,30/11/15,Irakleion,35.32787,25.14341,138560,shop_2,kinder-cola,glass,500ml,1.49,13479
4312,31/12/15,Irakleion,35.32787,25.14341,138560,shop_2,kinder-cola,glass,500ml,1.26,18240
5235,30/11/16,Irakleion,35.32787,25.14341,137302,shop_2,kinder-cola,glass,500ml,1.3,17249
5324,31/12/16,Irakleion,35.32787,25.14341,137302,shop_2,kinder-cola,glass,500ml,1.42,15804
6297,31/10/17,Irakleion,35.32787,25.14341,138200,shop_2,kinder-cola,glass,500ml,1.76,8507
6381,30/11/17,Irakleion,35.32787,25.14341,138200,shop_2,kinder-cola,glass,500ml,1.01,22734
6403,31/12/17,Irakleion,35.32787,25.14341,138200,shop_2,kinder-cola,glass,500ml,1.55,14022
7304,31/10/18,Irakleion,35.32787,25.14341,137154,shop_2,kinder-cola,glass,500ml,1.24,16640
7393,30/11/18,Irakleion,35.32787,25.14341,137154,shop_2,kinder-cola,glass,500ml,1.12,21162
7481,31/12/18,Irakleion,35.32787,25.14341,137154,shop_2,kinder-cola,glass,500ml,1.29,19015
824,31/10/12,Irakleion,35.32787,25.14341,134219,shop_2,kinder-cola,plastic,1.5lt,3.42,9484
914,30/11/12,Irakleion,35.32787,25.14341,134219,shop_2,kinder-cola,plastic,1.5lt,3.88,6723
1004,31/12/12,Irakleion,35.32787,25.14341,134219,shop_2,kinder-cola,plastic,1.5lt,3.24,11276
3054,31/10/14,Irakleion,35.32787,25.14341,136202,shop_2,kinder-cola,plastic,1.5lt,2.51,14091
3071,30/11/14,Irakleion,35.32787,25.14341,136202,shop_2,kinder-cola,plastic,1.5lt,2.03,14750
3162,31/12/14,Irakleion,35.32787,25.14341,136202,shop_2,kinder-cola,plastic,1.5lt,1.96,18099
4062,31/10/15,Irakleion,35.32787,25.14341,138560,shop_2,kinder-cola,plastic,1.5lt,3.28,11063
4151,30/11/15,Irakleion,35.32787,25.14341,138560,shop_2,kinder-cola,plastic,1.5lt,2.94,11387
4314,31/12/15,Irakleion,35.32787,25.14341,138560,shop_2,kinder-cola,plastic,1.5lt,4.14,8084
5143,31/10/16,Irakleion,,,137302,shop_2,kinder-cola,plastic,1.5lt,3.38,10918
5236,30/11/16,Irakleion,35.32787,25.14341,137302,shop_2,kinder-cola,plastic,1.5lt,3.4,9859
5325,31/12/16,Irakleion,35.32787,25.14341,137302,shop_2,kinder-cola,plastic,1.5lt,3.88,9687
6224,31/10/17,Irakleion,35.32787,25.14341,138200,shop_2,kinder-cola,plastic,1.5lt,3.57,10402
6380,30/11/17,Irakleion,35.32787,25.14341,138200,shop_2,kinder-cola,plastic,1.5lt,3,11628
6404,31/12/17,Irakleion,35.32787,25.14341,138200,shop_2,kinder-cola,plastic,1.5lt,1.98,18587
7305,31/10/18,Irakleion,35.32787,25.14341,137154,shop_2,kinder-cola,plastic,1.5lt,2.49,15036
7394,30/11/18,Irakleion,35.32787,25.14341,137154,shop_2,kinder-cola,plastic,1.5lt,3.21,11064
7482,31/12/18,Irakleion,35.32787,25.14341,137154,shop_2,kinder-cola,plastic,1.5lt,2.06,18412
825,31/10/12,Irakleion,35.32787,25.14341,134219,shop_2,kinder-cola,can,330ml,0.85,16925
915,30/11/12,Irakleion,35.32787,25.14341,134219,shop_2,kinder-cola,can,330ml,0.99,8404
1005,31/12/12,Irakleion,35.32787,25.14341,134219,shop_2,kinder-cola,can,330ml,0.55,29338
3051,31/10/14,Irakleion,35.32787,25.14341,136202,shop_2,kinder-cola,can,330ml,0.72,23119
3072,30/11/14,Irakleion,35.32787,25.14341,136202,shop_2,kinder-cola,can,330ml,0.68,17612
3163,31/12/14,Irakleion,35.32787,25.14341,136202,shop_2,kinder-cola,can,330ml,0.71,24287
4135,31/10/15,Irakleion,35.32787,25.14341,138560,shop_2,kinder-cola,can,330ml,0.87,18405
4152,30/11/15,Irakleion,35.32787,25.14341,138560,shop_2,kinder-cola,can,330ml,0.61,19710
4242,31/12/15,Irakleion,35.32787,25.14341,138560,shop_2,kinder-cola,can,330ml,0.67,26147
5144,31/10/16,Irakleion,35.32787,25.14341,137302,shop_2,kinder-cola,can,330ml,0.81,20869
5237,30/11/16,Irakleion,35.32787,25.14341,137302,shop_2,kinder-cola,can,330ml,0.64,19130
5386,31/12/16,Irakleion,35.32787,25.14341,137302,shop_2,kinder-cola,can,330ml,0.94,17324
6225,31/10/17,Irakleion,35.32787,25.14341,138200,shop_2,kinder-cola,can,330ml,0.83,20957
6313,30/11/17,Irakleion,35.32787,25.14341,138200,shop_2,kinder-cola,can,330ml,0.83,14986
6405,31/12/17,Irakleion,35.32787,25.14341,138200,shop_2,kinder-cola,can,330ml,0.74,24733
7306,31/10/18,Irakleion,35.32787,25.14341,137154,shop_2,kinder-cola,can,330ml,0.7,25711
7395,30/11/18,Irakleion,35.32787,25.14341,137154,shop_2,kinder-cola,can,330ml,0.81,15828
7483,31/12/18,Irakleion,35.32787,25.14341,137154,shop_2,kinder-cola,can,330ml,0.99,16885
826,31/10/12,Irakleion,35.32787,25.14341,134219,shop_2,adult-cola,glass,500ml,1.13,20320
916,30/11/12,Irakleion,35.32787,25.14341,134219,shop_2,adult-cola,glass,500ml,0.9,29106
1006,31/12/12,Irakleion,35.32787,25.14341,134219,shop_2,adult-cola,glass,500ml,0.93,31221
2984,31/10/14,Irakleion,35.32787,25.14341,136202,shop_2,adult-cola,glass,500ml,1.14,21440
3073,30/11/14,Irakleion,35.32787,25.14341,136202,shop_2,adult-cola,glass,500ml,1.51,11308
3164,31/12/14,Irakleion,35.32787,25.14341,136202,shop_2,adult-cola,glass,500ml,1.02,29270
4063,31/10/15,Irakleion,35.32787,25.14341,138560,shop_2,adult-cola,glass,500ml,0.96,27139
4153,30/11/15,Irakleion,35.32787,25.14341,138560,shop_2,adult-cola,glass,500ml,0.81,33465
4243,31/12/15,Irakleion,35.32787,25.14341,138560,shop_2,adult-cola,glass,500ml,1.16,25620
5145,31/10/16,Irakleion,35.32787,25.14341,137302,shop_2,adult-cola,glass,500ml,1.36,16760
5238,30/11/16,Irakleion,35.32787,25.14341,137302,shop_2,adult-cola,glass,500ml,1.32,18879
5395,31/12/16,Irakleion,35.32787,25.14341,137302,shop_2,adult-cola,glass,500ml,1.14,26807
6226,31/10/17,Irakleion,35.32787,25.14341,138200,shop_2,adult-cola,glass,500ml,1.31,18827
6314,30/11/17,Irakleion,35.32787,25.14341,138200,shop_2,adult-cola,glass,500ml,1.06,27397
6463,31/12/17,Irakleion,35.32787,25.14341,138200,shop_2,adult-cola,glass,500ml,1.25,24076
7307,31/10/18,Irakleion,35.32787,25.14341,137154,shop_2,adult-cola,glass,500ml,1.14,24088
7396,30/11/18,Irakleion,35.32787,25.14341,137154,shop_2,adult-cola,glass,500ml,1.35,19812
7559,31/12/18,Irakleion,35.32787,25.14341,137154,shop_2,adult-cola,glass,500ml,1.26,24615
827,31/10/12,Irakleion,35.32787,25.14341,134219,shop_2,adult-cola,plastic,1.5lt,3.2,13376
917,30/11/12,Irakleion,35.32787,25.14341,134219,shop_2,adult-cola,plastic,1.5lt,2.93,12200
1007,31/12/12,Irakleion,35.32787,25.14341,134219,shop_2,adult-cola,plastic,1.5lt,2.65,18689
3057,31/10/14,Irakleion,35.32787,25.14341,136202,shop_2,adult-cola,plastic,1.5lt,2.51,20918
3074,30/11/14,Irakleion,35.32787,25.14341,136202,shop_2,adult-cola,plastic,1.5lt,2.94,13063
3165,31/12/14,Irakleion,35.32787,25.14341,136202,shop_2,adult-cola,plastic,1.5lt,2.86,17795
4064,31/10/15,Irakleion,35.32787,25.14341,138560,shop_2,adult-cola,plastic,1.5lt,1.73,28357
4154,30/11/15,Irakleion,35.32787,25.14341,138560,shop_2,adult-cola,plastic,1.5lt,2.42,17010
4313,31/12/15,Irakleion,35.32787,25.14341,138560,shop_2,adult-cola,plastic,1.5lt,2.53,21380
5146,31/10/16,Irakleion,35.32787,25.14341,137302,shop_2,adult-cola,plastic,1.5lt,3.25,15448
5239,30/11/16,Irakleion,35.32787,25.14341,137302,shop_2,adult-cola,plastic,1.5lt,2.92,14045
5326,31/12/16,Irakleion,35.32787,25.14341,137302,shop_2,adult-cola,plastic,1.5lt,2.97,17908
6227,31/10/17,Irakleion,35.32787,25.14341,138200,shop_2,adult-cola,plastic,1.5lt,2.25,24566
6315,30/11/17,Irakleion,35.32787,25.14341,138200,shop_2,adult-cola,plastic,1.5lt,2.34,18250
6406,31/12/17,Irakleion,35.32787,25.14341,138200,shop_2,adult-cola,plastic,1.5lt,2.22,24881
7369,31/10/18,Irakleion,35.32787,25.14341,137154,shop_2,adult-cola,plastic,1.5lt,2.63,21770
7469,30/11/18,Irakleion,35.32787,25.14341,137154,shop_2,adult-cola,plastic,1.5lt,2.04,20468
7553,31/12/18,Irakleion,35.32787,25.14341,137154,shop_2,adult-cola,plastic,1.5lt,2.36,24141
828,31/10/12,Irakleion,35.32787,25.14341,134219,shop_2,orange-power,glass,500ml,0.63,43204
919,30/11/12,Irakleion,35.32787,25.14341,134219,shop_2,orange-power,glass,500ml,0.86,33425
1077,31/12/12,Irakleion,35.32787,25.14341,134219,shop_2,orange-power,glass,500ml,0.72,40032
2986,31/10/14,Irakleion,35.32787,25.14341,136202,shop_2,orange-power,glass,500ml,0.81,34144
3076,30/11/14,Irakleion,35.32787,25.14341,136202,shop_2,orange-power,glass,500ml,0.85,36901
3226,31/12/14,Irakleion,35.32787,25.14341,136202,shop_2,orange-power,glass,500ml,0.79,37461
4065,31/10/15,Irakleion,35.32787,25.14341,138560,shop_2,orange-power,glass,500ml,1,23402
4156,30/11/15,Irakleion,35.32787,25.14341,138560,shop_2,orange-power,glass,500ml,0.67,50684
4245,31/12/15,Irakleion,35.32787,25.14341,138560,shop_2,orange-power,glass,500ml,1.02,23923
5148,31/10/16,Irakleion,35.32787,25.14341,137302,shop_2,orange-power,glass,500ml,0.95,27594
5301,30/11/16,Irakleion,35.32787,25.14341,137302,shop_2,orange-power,glass,500ml,1,28926
5328,31/12/16,Irakleion,35.32787,25.14341,137302,shop_2,orange-power,glass,500ml,0.72,44173
6229,31/10/17,Irakleion,35.32787,25.14341,138200,shop_2,orange-power,glass,500ml,1.05,22871
6382,30/11/17,Irakleion,35.32787,25.14341,138200,shop_2,orange-power,glass,500ml,1.09,24415
6408,31/12/17,Irakleion,35.32787,25.14341,138200,shop_2,orange-power,glass,500ml,1.1,21755
7309,31/10/18,Irakleion,35.32787,25.14341,137154,shop_2,orange-power,glass,500ml,0.99,27671
7397,30/11/18,Irakleion,35.32787,25.14341,137154,shop_2,orange-power,glass,500ml,0.82,43789
7485,31/12/18,Irakleion,35.32787,25.14341,137154,shop_2,orange-power,glass,500ml,0.94,32307
829,31/10/12,Irakleion,35.32787,25.14341,134219,shop_2,orange-power,plastic,1.5lt,2.11,15553
920,30/11/12,Irakleion,35.32787,25.14341,134219,shop_2,orange-power,plastic,1.5lt,0.86,53058
1009,31/12/12,Irakleion,35.32787,25.14341,134219,shop_2,orange-power,plastic,1.5lt,1.55,30256
2987,31/10/14,Irakleion,35.32787,25.14341,136202,shop_2,orange-power,plastic,1.5lt,1.97,19011
3077,30/11/14,Irakleion,35.32787,25.14341,136202,shop_2,orange-power,plastic,1.5lt,0.96,34600
3167,31/12/14,Irakleion,35.32787,25.14341,136202,shop_2,orange-power,plastic,1.5lt,1.56,31397
4066,31/10/15,Irakleion,35.32787,25.14341,138560,shop_2,orange-power,plastic,1.5lt,1.7,23627
4157,30/11/15,Irakleion,35.32787,25.14341,138560,shop_2,orange-power,plastic,1.5lt,2.33,14484
4246,31/12/15,Irakleion,35.32787,25.14341,138560,shop_2,orange-power,plastic,1.5lt,1.35,35809
5208,31/10/16,Irakleion,35.32787,25.14341,137302,shop_2,orange-power,plastic,1.5lt,1.48,27327
5241,30/11/16,Irakleion,35.32787,25.14341,137302,shop_2,orange-power,plastic,1.5lt,2.73,9454
5329,31/12/16,Irakleion,35.32787,25.14341,137302,shop_2,orange-power,plastic,1.5lt,2.37,17985
6230,31/10/17,Irakleion,,,138200,shop_2,orange-power,plastic,1.5lt,1.59,26192
6317,30/11/17,Irakleion,35.32787,25.14341,138200,shop_2,orange-power,plastic,1.5lt,2.35,15680
6462,31/12/17,Irakleion,35.32787,25.14341,138200,shop_2,orange-power,plastic,1.5lt,2.03,24921
7310,31/10/18,Irakleion,35.32787,25.14341,137154,shop_2,orange-power,plastic,1.5lt,1.4,29253
7398,30/11/18,Irakleion,35.32787,25.14341,137154,shop_2,orange-power,plastic,1.5lt,2.09,19982
7486,31/12/18,Irakleion,35.32787,25.14341,137154,shop_2,orange-power,plastic,1.5lt,2.06,25003
830,31/10/12,Irakleion,35.32787,25.14341,134219,shop_2,orange-power,can,330ml,0.31,51986
921,30/11/12,Irakleion,35.32787,25.14341,134219,shop_2,orange-power,can,330ml,0.5,28811
1010,31/12/12,Irakleion,35.32787,25.14341,134219,shop_2,orange-power,can,330ml,0.36,56182
2988,31/10/14,Irakleion,35.32787,25.14341,136202,shop_2,orange-power,can,330ml,0.45,38791
3142,30/11/14,Irakleion,35.32787,25.14341,136202,shop_2,orange-power,can,330ml,0.62,19607
3225,31/12/14,Irakleion,35.32787,25.14341,136202,shop_2,orange-power,can,330ml,0.55,34025
4067,31/10/15,Irakleion,35.32787,25.14341,138560,shop_2,orange-power,can,330ml,0.32,53399
4158,30/11/15,Irakleion,35.32787,25.14341,138560,shop_2,orange-power,can,330ml,0.4,41342
4315,31/12/15,Irakleion,35.32787,25.14341,138560,shop_2,orange-power,can,330ml,0.49,43203
5149,31/10/16,Irakleion,35.32787,25.14341,137302,shop_2,orange-power,can,330ml,0.58,27116
5242,30/11/16,Irakleion,35.32787,25.14341,137302,shop_2,orange-power,can,330ml,0.35,47477
5385,31/12/16,Irakleion,35.32787,25.14341,137302,shop_2,orange-power,can,330ml,0.56,35062
6231,31/10/17,Irakleion,35.32787,25.14341,138200,shop_2,orange-power,can,330ml,0.57,29834
6318,30/11/17,Irakleion,35.32787,25.14341,138200,shop_2,orange-power,can,330ml,0.48,36234
6474,31/12/17,Irakleion,35.32787,25.14341,138200,shop_2,orange-power,can,330ml,0.51,42633
7375,31/10/18,Irakleion,35.32787,25.14341,137154,shop_2,orange-power,can,330ml,0.47,40751
7399,30/11/18,Irakleion,35.32787,25.14341,137154,shop_2,orange-power,can,330ml,0.49,36022
7487,31/12/18,Irakleion,35.32787,25.14341,137154,shop_2,orange-power,can,330ml,0.49,46792
831,31/10/12,Irakleion,35.32787,25.14341,134219,shop_2,gazoza,glass,500ml,0.47,54619
922,30/11/12,Irakleion,35.32787,25.14341,134219,shop_2,gazoza,glass,500ml,0.58,50004
1011,31/12/12,Irakleion,35.32787,25.14341,134219,shop_2,gazoza,glass,500ml,0.52,60011
3059,31/10/14,Irakleion,35.32787,25.14341,136202,shop_2,gazoza,glass,500ml,0.66,34435
3078,30/11/14,Irakleion,35.32787,25.14341,136202,shop_2,gazoza,glass,500ml,0.72,33185
3219,31/12/14,Irakleion,35.32787,25.14341,136202,shop_2,gazoza,glass,500ml,0.56,57001
4068,31/10/15,Irakleion,35.32787,25.14341,138560,shop_2,gazoza,glass,500ml,0.76,24273
4159,30/11/15,Irakleion,35.32787,25.14341,138560,shop_2,gazoza,glass,500ml,0.56,57577
4247,31/12/15,Irakleion,35.32787,25.14341,138560,shop_2,gazoza,glass,500ml,0.54,61583
5150,31/10/16,Irakleion,35.32787,25.14341,137302,shop_2,gazoza,glass,500ml,0.63,40395
5302,30/11/16,Irakleion,35.32787,25.14341,137302,shop_2,gazoza,glass,500ml,0.62,50738
5382,31/12/16,Irakleion,35.32787,25.14341,137302,shop_2,gazoza,glass,500ml,0.78,28699
6232,31/10/17,Irakleion,35.32787,25.14341,138200,shop_2,gazoza,glass,500ml,0.59,46598
6319,30/11/17,Irakleion,35.32787,25.14341,138200,shop_2,gazoza,glass,500ml,0.75,34920
6409,31/12/17,Irakleion,35.32787,25.14341,138200,shop_2,gazoza,glass,500ml,0.75,35852
7311,31/10/18,Irakleion,35.32787,25.14341,137154,shop_2,gazoza,glass,500ml,0.75,30732
7400,30/11/18,Irakleion,35.32787,25.14341,137154,shop_2,gazoza,glass,500ml,0.6,57528
7488,31/12/18,Irakleion,35.32787,25.14341,137154,shop_2,gazoza,glass,500ml,0.65,51730
832,31/10/12,Irakleion,35.32787,25.14341,134219,shop_2,gazoza,plastic,1.5lt,0.93,36455
984,30/11/12,Irakleion,35.32787,25.14341,134219,shop_2,gazoza,plastic,1.5lt,0.54,36874
1012,31/12/12,Irakleion,,25.14341,134219,shop_2,gazoza,plastic,1.5lt,0.98,35066
2989,31/10/14,Irakleion,35.32787,25.14341,136202,shop_2,gazoza,plastic,1.5lt,0.49,53861
3079,30/11/14,Irakleion,35.32787,25.14341,136202,shop_2,gazoza,plastic,1.5lt,0.88,28908
3168,31/12/14,Irakleion,35.32787,25.14341,136202,shop_2,gazoza,plastic,1.5lt,1.08,33141
4069,31/10/15,Irakleion,,25.14341,138560,shop_2,gazoza,plastic,1.5lt,1.28,26320
4160,30/11/15,Irakleion,35.32787,25.14341,138560,shop_2,gazoza,plastic,1.5lt,1.06,24772
4248,31/12/15,Irakleion,35.32787,25.14341,138560,shop_2,gazoza,plastic,1.5lt,1.39,22806
5151,31/10/16,Irakleion,35.32787,25.14341,137302,shop_2,gazoza,plastic,1.5lt,1.57,17259
5243,30/11/16,Irakleion,35.32787,25.14341,137302,shop_2,gazoza,plastic,1.5lt,0.99,26884
5330,31/12/16,Irakleion,35.32787,25.14341,137302,shop_2,gazoza,plastic,1.5lt,0.91,40584
6289,31/10/17,Irakleion,35.32787,25.14341,138200,shop_2,gazoza,plastic,1.5lt,0.83,43283
6320,30/11/17,Irakleion,35.32787,25.14341,138200,shop_2,gazoza,plastic,1.5lt,1.4,17402
6410,31/12/17,Irakleion,35.32787,25.14341,138200,shop_2,gazoza,plastic,1.5lt,0.93,40514
7312,31/10/18,Irakleion,35.32787,25.14341,137154,shop_2,gazoza,plastic,1.5lt,1.53,20759
7468,30/11/18,Irakleion,35.32787,25.14341,137154,shop_2,gazoza,plastic,1.5lt,1.66,11938
7489,31/12/18,Irakleion,35.32787,25.14341,137154,shop_2,gazoza,plastic,1.5lt,1.09,35712
