ML/data/quarterly.csv
id,date,city,lat,long,pop,shop,brand,container,capacity,price,quantity
833,31/10/12,Irakleion,35.32787,25.14341,134219,shop_2,gazoza,can,330ml,0.24,57589
923,30/11/12,Irakleion,35.32787,25.14341,134219,shop_2,gazoza,can,330ml,0.21,73231
1013,31/12/12,Irakleion,35.32787,25.14341,134219,shop_2,gazoza,can,330ml,0.31,61168
2990,31/10/14,Irakleion,35.32787,25.14341,136202,shop_2,gazoza,can,330ml,0.34,39810
3080,30/11/14,Irakleion,35.32787,25.14341,136202,shop_2,gazoza,can,330ml,0.36,40883
3239,31/12/14,Irakleion,35.32787,25.14341,136202,shop_2,gazoza,can,330ml,0.3,65214
4070,31/10/15,Irakleion,35.32787,25.14341,138560,shop_2,gazoza,can,330ml,0.35,39130
4161,30/11/15,Irakleion,35.32787,25.14341,138560,shop_2,gazoza,can,330ml,0.4,32762
4319,31/12/15,Irakleion,35.32787,25.14341,138560,shop_2,gazoza,can,330ml,0.32,61898
5152,31/10/16,Irakleion,35.32787,25.14341,137302,shop_2,gazoza,can,330ml,0.39,33798
5244,30/11/16,Irakleion,35.32787,25.14341,137302,shop_2,gazoza,can,330ml,0.41,32387
5331,31/12/16,Irakleion,35.32787,25.14341,137302,shop_2,gazoza,can,330ml,0.37,52445
6299,31/10/17,Irakleion,35.32787,25.14341,138200,shop_2,gazoza,can,330ml,0.39,35149
6321,30/11/17,Irakleion,35.32787,25.14341,138200,shop_2,gazoza,can,330ml,0.37,43833
6411,31/12/17,Irakleion,35.32787,25.14341,138200,shop_2,gazoza,can,330ml,0.39,47261
7313,31/10/18,Irakleion,35.32787,25.14341,137154,shop_2,gazoza,can,330ml,0.37,39852
7401,30/11/18,Irakleion,35.32787,25.14341,137154,shop_2,gazoza,can,330ml,0.37,45855
7490,31/12/18,Irakleion,35.32787,25.14341,137154,shop_2,gazoza,can,330ml,0.36,57179
834,31/10/12,Irakleion,35.32787,25.14341,134219,shop_2,lemon-boost,glass,500ml,0.93,23888
924,30/11/12,Irakleion,35.32787,25.14341,134219,shop_2,lemon-boost,glass,500ml,0.82,21908
1069,31/12/12,Irakleion,35.32787,25.14341,134219,shop_2,lemon-boost,glass,500ml,1,18292
2991,31/10/14,Irakleion,35.32787,25.14341,136202,shop_2,lemon-boost,glass,500ml,1.19,15131
3081,30/11/14,Irakleion,35.32787,25.14341,136202,shop_2,lemon-boost,glass,500ml,0.96,18645
3169,31/12/14,Irakleion,35.32787,25.14341,136202,shop_2,lemon-boost,glass,500ml,0.86,24909
4130,31/10/15,Irakleion,35.32787,25.14341,138560,shop_2,lemon-boost,glass,500ml,0.85,29106
4162,30/11/15,Irakleion,35.32787,25.14341,138560,shop_2,lemon-boost,glass,500ml,0.74,25723
4249,31/12/15,Irakleion,35.32787,25.14341,138560,shop_2,lemon-boost,glass,500ml,0.95,22160
5153,31/10/16,Irakleion,35.32787,25.14341,137302,shop_2,lemon-boost,glass,500ml,0.88,28643
5245,30/11/16,Irakleion,35.32787,25.14341,137302,shop_2,lemon-boost,glass,500ml,0.97,19460
5332,31/12/16,Irakleion,35.32787,25.14341,137302,shop_2,lemon-boost,glass,500ml,1.02,20777
6233,31/10/17,Irakleion,35.32787,25.14341,138200,shop_2,lemon-boost,glass,500ml,0.86,30222
6322,30/11/17,Irakleion,35.32787,25.14341,138200,shop_2,lemon-boost,glass,500ml,0.95,20594
6412,31/12/17,Irakleion,35.32787,25.14341,138200,shop_2,lemon-boost,glass,500ml,1.15,17125
7314,31/10/18,Irakleion,35.32787,25.14341,137154,shop_2,lemon-boost,glass,500ml,1.04,24266
7402,30/11/18,Irakleion,35.32787,25.14341,137154,shop_2,lemon-boost,glass,500ml,1.1,17082
7491,31/12/18,Irakleion,35.32787,25.14341,137154,shop_2,lemon-boost,glass,500ml,0.85,27339
835,31/10/12,Irakleion,35.32787,25.14341,134219,shop_2,lemon-boost,plastic,1.5lt,2.27,15505
925,30/11/12,Irakleion,35.32787,25.14341,134219,shop_2,lemon-boost,plastic,1.5lt,0.85,25631
1014,31/12/12,Irakleion,35.32787,25.14341,134219,shop_2,lemon-boost,plastic,1.5lt,2.13,15467
3050,31/10/14,Irakleion,35.32787,25.14341,136202,shop_2,lemon-boost,plastic,1.5lt,2.17,17614
3082,30/11/14,Irakleion,35.32787,25.14341,136202,shop_2,lemon-boost,plastic,1.5lt,2.76,9545
3170,31/12/14,Irakleion,35.32787,25.14341,136202,shop_2,lemon-boost,plastic,1.5lt,2.28,14955
4122,31/10/15,Irakleion,35.32787,25.14341,138560,shop_2,lemon-boost,plastic,1.5lt,0.99,30033
4163,30/11/15,Irakleion,35.32787,25.14341,138560,shop_2,lemon-boost,plastic,1.5lt,2.83,9453
4250,31/12/15,Irakleion,35.32787,25.14341,138560,shop_2,lemon-boost,plastic,1.5lt,1.9,18917
5209,31/10/16,Irakleion,35.32787,25.14341,137302,shop_2,lemon-boost,plastic,1.5lt,1.63,23901
5246,30/11/16,Irakleion,35.32787,25.14341,137302,shop_2,lemon-boost,plastic,1.5lt,1.82,18249
5333,31/12/16,Irakleion,,,137302,shop_2,lemon-boost,plastic,1.5lt,1.71,20969
6234,31/10/17,Irakleion,35.32787,25.14341,138200,shop_2,lemon-boost,plastic,1.5lt,2.65,14314
6386,30/11/17,Irakleion,35.32787,25.14341,138200,shop_2,lemon-boost,plastic,1.5lt,2.11,16198
6413,31/12/17,Irakleion,35.32787,25.14341,138200,shop_2,lemon-boost,plastic,1.5lt,2.7,12563
7366,31/10/18,Irakleion,35.32787,25.14341,137154,shop_2,lemon-boost,plastic,1.5lt,1.78,23137
7403,30/11/18,Irakleion,35.32787,25.14341,137154,shop_2,lemon-boost,plastic,1.5lt,2.43,14055
7492,31/12/18,Irakleion,35.32787,25.14341,137154,shop_2,lemon-boost,plastic,1.5lt,1.46,23724
836,31/10/12,Irakleion,35.32787,25.14341,134219,shop_2,lemon-boost,can,330ml,0.62,20537
977,30/11/12,Irakleion,35.32787,25.14341,134219,shop_2,lemon-boost,can,330ml,0.51,26126
1015,31/12/12,Irakleion,35.32787,25.14341,134219,shop_2,lemon-boost,can,330ml,0.59,27776
2992,31/10/14,Irakleion,35.32787,25.14341,136202,shop_2,lemon-boost,can,330ml,0.52,29085
3083,30/11/14,Irakleion,35.32787,25.14341,136202,shop_2,lemon-boost,can,330ml,0.71,15083
3171,31/12/14,Irakleion,35.32787,25.14341,136202,shop_2,lemon-boost,can,330ml,0.46,40565
4121,31/10/15,Irakleion,35.32787,25.14341,138560,shop_2,lemon-boost,can,330ml,0.64,22064
4164,30/11/15,Irakleion,35.32787,25.14341,138560,shop_2,lemon-boost,can,330ml,0.46,31123
4251,31/12/15,Irakleion,35.32787,25.14341,138560,shop_2,lemon-boost,can,330ml,0.4,46204
5154,31/10/16,Irakleion,35.32787,25.14341,137302,shop_2,lemon-boost,can,330ml,0.48,33083
5247,30/11/16,Irakleion,35.32787,25.14341,137302,shop_2,lemon-boost,can,330ml,0.58,24504
5334,31/12/16,Irakleion,35.32787,25.14341,137302,shop_2,lemon-boost,can,330ml,0.52,37285
6235,31/10/17,Irakleion,35.32787,25.14341,138200,shop_2,lemon-boost,can,330ml,0.55,29669
6379,30/11/17,Irakleion,35.32787,25.14341,138200,shop_2,lemon-boost,can,330ml,0.64,22075
6468,31/12/17,Irakleion,35.32787,25.14341,138200,shop_2,lemon-boost,can,330ml,0.65,28151
7315,31/10/18,Irakleion,35.32787,25.14341,137154,shop_2,lemon-boost,can,330ml,0.54,30769
7404,30/11/18,Irakleion,35.32787,25.14341,137154,shop_2,lemon-boost,can,330ml,0.55,27878
7493,31/12/18,Irakleion,35.32787,25.14341,137154,shop_2,lemon-boost,can,330ml,0.6,32972
837,31/10/12,Patra,38.24444,21.73444,164250,shop_6,kinder-cola,plastic,1.5lt,3.94,9179
927,30/11/12,Patra,38.24444,21.73444,164250,shop_6,kinder-cola,plastic,1.5lt,3.45,9768
1017,31/12/12,Patra,38.24444,21.73444,164250,shop_6,kinder-cola,plastic,1.5lt,3.68,11714
2994,31/10/14,Patra,38.24444,21.73444,167242,shop_6,kinder-cola,plastic,1.5lt,2.63,17565
3085,30/11/14,Patra,38.24444,21.73444,167242,shop_6,kinder-cola,plastic,1.5lt,2.48,14920
3173,31/12/14,Patra,38.24444,21.73444,167242,shop_6,kinder-cola,plastic,1.5lt,3.47,13990
4072,31/10/15,Patra,38.24444,21.73444,167001,shop_6,kinder-cola,plastic,1.5lt,3.13,15120
4166,30/11/15,Patra,38.24444,21.73444,167001,shop_6,kinder-cola,plastic,1.5lt,2.32,15866
4253,31/12/15,Patra,38.24444,21.73444,167001,shop_6,kinder-cola,plastic,1.5lt,2.57,19833
5156,31/10/16,Patra,38.24444,21.73444,168254,shop_6,kinder-cola,plastic,1.5lt,3.23,14936
5248,30/11/16,Patra,38.24444,21.73444,168254,shop_6,kinder-cola,plastic,1.5lt,3.54,10775
5336,31/12/16,Patra,38.24444,21.73444,168254,shop_6,kinder-cola,plastic,1.5lt,3.29,15956
6237,31/10/17,Patra,38.24444,21.73444,168501,shop_6,kinder-cola,plastic,1.5lt,2.49,19202
6324,30/11/17,Patra,38.24444,21.73444,168501,shop_6,kinder-cola,plastic,1.5lt,3.02,13315
6415,31/12/17,Patra,38.24444,21.73444,168501,shop_6,kinder-cola,plastic,1.5lt,2.02,23684
7316,31/10/18,Patra,38.24444,21.73444,168034,shop_6,kinder-cola,plastic,1.5lt,2.78,17957
7406,30/11/18,Patra,38.24444,21.73444,168034,shop_6,kinder-cola,plastic,1.5lt,3.7,10694
7495,31/12/18,Patra,38.24444,21.73444,168034,shop_6,kinder-cola,plastic,1.5lt,2.86,19155
838,31/10/12,Patra,38.24444,21.73444,164250,shop_6,kinder-cola,can,330ml,0.81,24774
928,30/11/12,Patra,38.24444,21.73444,164250,shop_6,kinder-cola,can,330ml,0.72,22321
1018,31/12/12,Patra,38.24444,21.73444,164250,shop_6,kinder-cola,can,330ml,0.61,30662
2995,31/10/14,Patra,38.24444,21.73444,167242,shop_6,kinder-cola,can,330ml,0.84,25258
3086,30/11/14,Patra,38.24444,21.73444,167242,shop_6,kinder-cola,can,330ml,0.66,25687
3174,31/12/14,Patra,38.24444,21.73444,167242,shop_6,kinder-cola,can,330ml,0.68,28737
4073,31/10/15,Patra,38.24444,21.73444,167001,shop_6,kinder-cola,can,330ml,0.8,28006
4167,30/11/15,Patra,38.24444,21.73444,167001,shop_6,kinder-cola,can,330ml,0.93,16447
4254,31/12/15,Patra,38.24444,21.73444,167001,shop_6,kinder-cola,can,330ml,0.83,23179
5157,31/10/16,Patra,38.24444,21.73444,168254,shop_6,kinder-cola,can,330ml,0.79,29321
5249,30/11/16,Patra,38.24444,21.73444,168254,shop_6,kinder-cola,can,330ml,0.78,22332
5337,31/12/16,Patra,38.24444,21.73444,168254,shop_6,kinder-cola,can,330ml,0.73,28166
6238,31/10/17,Patra,38.24444,21.73444,168501,shop_6,kinder-cola,can,330ml,0.76,31055
6325,30/11/17,Patra,38.24444,21.73444,168501,shop_6,kinder-cola,can,330ml,0.71,25286
6416,31/12/17,Patra,38.24444,21.73444,168501,shop_6,kinder-cola,can,330ml,1.04,16258
7317,31/10/18,Patra,38.24444,21.73444,168034,shop_6,kinder-cola,can,330ml,0.6,39081
7407,30/11/18,Patra,38.24444,21.73444,168034,shop_6,kinder-cola,can,330ml,0.88,20095
7557,31/12/18,Patra,38.24444,21.73444,168034,shop_6,kinder-cola,can,330ml,0.85,24378
839,31/10/12,Patra,38.24444,21.73444,164250,shop_6,adult-cola,glass,500ml,1.27,20019
929,30/11/12,Patra,38.24444,21.73444,164250,shop_6,adult-cola,glass,500ml,0.74,41603
1019,31/12/12,Patra,38.24444,21.73444,164250,shop_6,adult-cola,glass,500ml,1.35,24156
2996,31/10/14,Patra,38.24444,21.73444,167242,shop_6,adult-cola,glass,500ml,1.19,24973
3087,30/11/14,Patra,38.24444,21.73444,167242,shop_6,adult-cola,glass,500ml,0.87,38254
3175,31/12/14,Patra,38.24444,21.73444,167242,shop_6,adult-cola,glass,500ml,0.92,49461
4074,31/10/15,Patra,38.24444,21.73444,167001,shop_6,adult-cola,glass,500ml,0.75,41633
4168,30/11/15,Patra,38.24444,21.73444,167001,shop_6,adult-cola,glass,500ml,0.97,35137
4255,31/12/15,Patra,38.24444,21.73444,167001,shop_6,adult-cola,glass,500ml,0.93,50375
5158,31/10/16,Patra,38.24444,21.73444,168254,shop_6,adult-cola,glass,500ml,1.36,20941
5250,30/11/16,Patra,38.24444,21.73444,168254,shop_6,adult-cola,glass,500ml,1.49,16984
5338,31/12/16,Patra,38.24444,21.73444,168254,shop_6,adult-cola,glass,500ml,1.19,38414
6239,31/10/17,Patra,38.24444,,168501,shop_6,adult-cola,glass,500ml,1.11,30549
6326,30/11/17,Patra,38.24444,21.73444,168501,shop_6,adult-cola,glass,500ml,1.05,33731
6477,31/12/17,Patra,38.24444,21.73444,168501,shop_6,adult-cola,glass,500ml,1.02,47708
7318,31/10/18,Patra,38.24444,21.73444,168034,shop_6,adult-cola,glass,500ml,1.31,24682
7461,30/11/18,Patra,38.24444,21.73444,168034,shop_6,adult-cola,glass,500ml,1.45,20528
7496,31/12/18,Patra,38.24444,21.73444,168034,shop_6,adult-cola,glass,500ml,1.32,34520
840,31/10/12,Patra,38.24444,21.73444,164250,shop_6,adult-cola,plastic,1.5lt,2.97,18951
930,30/11/12,Patra,38.24444,21.73444,164250,shop_6,adult-cola,plastic,1.5lt,2.76,20869
1020,31/12/12,Patra,38.24444,21.73444,164250,shop_6,adult-cola,plastic,1.5lt,2.42,27105
2997,31/10/14,Patra,38.24444,21.73444,167242,shop_6,adult-cola,plastic,1.5lt,3.09,19137
3088,30/11/14,Patra,38.24444,21.73444,167242,shop_6,adult-cola,plastic,1.5lt,2.77,22143
3176,31/12/14,Patra,38.24444,21.73444,167242,shop_6,adult-cola,plastic,1.5lt,2.61,26150
4075,31/10/15,Patra,38.24444,21.73444,167001,shop_6,adult-cola,plastic,1.5lt,2.16,29991
4224,30/11/15,Patra,38.24444,21.73444,167001,shop_6,adult-cola,plastic,1.5lt,2.34,27334
4256,31/12/15,Patra,38.24444,21.73444,167001,shop_6,adult-cola,plastic,1.5lt,2.99,22337
5159,31/10/16,Patra,38.24444,21.73444,168254,shop_6,adult-cola,plastic,1.5lt,2.69,24799
5251,30/11/16,Patra,38.24444,21.73444,168254,shop_6,adult-cola,plastic,1.5lt,3.01,20834
5339,31/12/16,Patra,38.24444,21.73444,168254,shop_6,adult-cola,plastic,1.5lt,2.6,27602
6240,31/10/17,Patra,38.24444,21.73444,168501,shop_6,adult-cola,plastic,1.5lt,1.66,36181
6327,30/11/17,Patra,38.24444,21.73444,168501,shop_6,adult-cola,plastic,1.5lt,2.08,30925
6417,31/12/17,Patra,38.24444,21.73444,168501,shop_6,adult-cola,plastic,1.5lt,2.54,28849
7319,31/10/18,Patra,38.24444,21.73444,168034,shop_6,adult-cola,plastic,1.5lt,2.62,26617
7467,30/11/18,Patra,38.24444,21.73444,168034,shop_6,adult-cola,plastic,1.5lt,1.69,35273
7545,31/12/18,Patra,38.24444,21.73444,168034,shop_6,adult-cola,plastic,1.5lt,1.57,40037
841,31/10/12,Patra,38.24444,21.73444,164250,shop_6,adult-cola,can,330ml,0.63,35773
931,30/11/12,Patra,38.24444,21.73444,164250,shop_6,adult-cola,can,330ml,0.59,35838
1021,31/12/12,Patra,38.24444,21.73444,164250,shop_6,adult-cola,can,330ml,0.7,35552
2998,31/10/14,Patra,38.24444,21.73444,167242,shop_6,adult-cola,can,330ml,0.72,31491
3089,30/11/14,Patra,38.24444,21.73444,167242,shop_6,adult-cola,can,330ml,0.72,29012
3177,31/12/14,Patra,38.24444,21.73444,167242,shop_6,adult-cola,can,330ml,0.75,33954
4076,31/10/15,Patra,38.24444,21.73444,167001,shop_6,adult-cola,can,330ml,0.66,36767
4215,30/11/15,Patra,38.24444,21.73444,167001,shop_6,adult-cola,can,330ml,0.62,36149
4257,31/12/15,Patra,38.24444,21.73444,167001,shop_6,adult-cola,can,330ml,0.76,35032
5215,31/10/16,Patra,38.24444,21.73444,168254,shop_6,adult-cola,can,330ml,0.57,44505
5252,30/11/16,Patra,38.24444,21.73444,168254,shop_6,adult-cola,can,330ml,0.73,29874
5340,31/12/16,Patra,38.24444,21.73444,168254,shop_6,adult-cola,can,330ml,0.62,46797
6241,31/10/17,Patra,38.24444,21.73444,168501,shop_6,adult-cola,can,330ml,0.6,43225
6328,30/11/17,Patra,38.24444,21.73444,168501,shop_6,adult-cola,can,330ml,0.82,25715
6418,31/12/17,Patra,38.24444,21.73444,168501,shop_6,adult-cola,can,330ml,0.5,57806
7320,31/10/18,Patra,38.24444,21.73444,168034,shop_6,adult-cola,can,330ml,0.59,44601
7457,30/11/18,Patra,38.24444,21.73444,168034,shop_6,adult-cola,can,330ml,0.44,49568
7497,31/12/18,Patra,38.24444,21.73444,168034,shop_6,adult-cola,,330ml,0.56,53881
842,31/10/12,Patra,,,164250,shop_6,orange-power,glass,500ml,0.68,49521
932,30/11/12,Patra,38.24444,21.73444,164250,shop_6,orange-power,glass,500ml,0.79,37314
1075,31/12/12,Patra,38.24444,21.73444,164250,shop_6,orange-power,glass,500ml,0.72,51717
2999,31/10/14,Patra,38.24444,21.73444,167242,shop_6,orange-power,glass,500ml,0.87,37347
3090,30/11/14,Patra,38.24444,21.73444,167242,shop_6,orange-power,glass,500ml,0.88,33554
3178,31/12/14,Patra,38.24444,21.73444,167242,shop_6,orange-power,glass,500ml,0.8,47889
4077,31/10/15,Patra,38.24444,21.73444,167001,shop_6,orange-power,glass,500ml,0.97,30959
4169,30/11/15,Patra,38.24444,21.73444,167001,shop_6,orange-power,glass,500ml,0.67,49045
4258,31/12/15,Patra,38.24444,21.73444,167001,shop_6,orange-power,glass,500ml,0.93,38434
5160,31/10/16,Patra,38.24444,21.73444,168254,shop_6,orange-power,glass,500ml,0.97,32475
5253,30/11/16,Patra,38.24444,21.73444,168254,shop_6,orange-power,glass,500ml,1.01,27602
5341,31/12/16,Patra,38.24444,21.73444,168254,shop_6,orange-power,glass,500ml,0.93,40519
6242,31/10/17,Patra,38.24444,21.73444,168501,shop_6,orange-power,glass,500ml,1.08,26308
6329,30/11/17,Patra,38.24444,21.73444,168501,shop_6,orange-power,glass,500ml,0.84,39964
6466,31/12/17,Patra,38.24444,21.73444,168501,shop_6,orange-power,glass,500ml,0.9,43915
7321,31/10/18,Patra,38.24444,21.73444,168034,shop_6,orange-power,glass,500ml,0.73,52069
7408,30/11/18,Patra,38.24444,21.73444,168034,shop_6,orange-power,glass,500ml,0.97,32467
7498,31/12/18,Patra,38.24444,21.73444,168034,shop_6,orange-power,glass,500ml,0.95,41287
843,31/10/12,Patra,38.24444,21.73444,164250,shop_6,orange-power,plastic,1.5lt,1.39,41490
933,30/11/12,Patra,38.24444,21.73444,164250,shop_6,orange-power,plastic,1.5lt,1.06,44475
1022,31/12/12,Patra,38.24444,21.73444,164250,shop_6,orange-power,plastic,1.5lt,1.09,50581
3000,31/10/14,Patra,38.24444,21.73444,167242,shop_6,orange-power,plastic,1.5lt,1.69,36072
3091,30/11/14,Patra,38.24444,21.73444,167242,shop_6,orange-power,plastic,1.5lt,2.03,25140
3220,31/12/14,Patra,38.24444,21.73444,167242,shop_6,orange-power,plastic,1.5lt,1.61,39229
4078,31/10/15,Patra,38.24444,21.73444,167001,shop_6,orange-power,plastic,1.5lt,1.3,45591
4170,30/11/15,Patra,38.24444,21.73444,167001,shop_6,orange-power,plastic,1.5lt,1.97,27311
4259,31/12/15,Patra,38.24444,21.73444,167001,shop_6,orange-power,plastic,1.5lt,2.1,28458
5161,31/10/16,Patra,38.24444,21.73444,168254,shop_6,orange-power,plastic,1.5lt,1.9,32803
5254,30/11/16,Patra,38.24444,21.73444,168254,shop_6,orange-power,plastic,1.5lt,0.84,50732
5342,31/12/16,Patra,38.24444,21.73444,168254,shop_6,orange-power,plastic,1.5lt,2.24,26458
6243,31/10/17,Patra,38.24444,21.73444,168501,shop_6,orange-power,plastic,1.5lt,2.05,30491
6330,30/11/17,Patra,38.24444,21.73444,168501,shop_6,orange-power,plastic,1.5lt,2.01,28253
6419,31/12/17,Patra,38.24444,21.73444,168501,shop_6,orange-power,plastic,1.5lt,1.29,48853
7322,31/10/18,Patra,38.24444,21.73444,168034,shop_6,orange-power,plastic,1.5lt,1.99,32602
7409,30/11/18,Patra,38.24444,21.73444,168034,shop_6,orange-power,plastic,1.5lt,2.15,26346
7499,31/12/18,Patra,38.24444,21.73444,168034,shop_6,orange-power,plastic,1.5lt,1.13,52959
