ML/data/quarterly.csv
id,date,city,lat,long,pop,shop,brand,container,capacity,price,quantity
844,31/10/12,Patra,38.24444,21.73444,164250,shop_6,orange-power,can,330ml,0.51,46732
934,30/11/12,Patra,38.24444,21.73444,164250,shop_6,orange-power,can,330ml,0.52,40922
1066,31/12/12,Patra,38.24444,21.73444,164250,shop_6,orange-power,can,330ml,0.45,58362
3001,31/10/14,Patra,38.24444,21.73444,167242,shop_6,orange-power,can,330ml,0.31,84278
3092,30/11/14,Patra,38.24444,21.73444,167242,shop_6,orange-power,can,330ml,0.3,78031
3217,31/12/14,Patra,38.24444,21.73444,167242,shop_6,orange-power,can,330ml,0.54,46569
4079,31/10/15,Patra,38.24444,21.73444,167001,shop_6,orange-power,can,330ml,0.44,63710
4171,30/11/15,Patra,38.24444,21.73444,167001,shop_6,orange-power,can,330ml,0.5,49769
4260,31/12/15,Patra,38.24444,21.73444,167001,shop_6,orange-power,can,330ml,0.32,85194
5162,31/10/16,Patra,38.24444,21.73444,168254,shop_6,orange-power,can,330ml,0.52,52796
5255,30/11/16,Patra,38.24444,21.73444,168254,shop_6,orange-power,can,330ml,0.44,60156
5343,31/12/16,Patra,38.24444,21.73444,168254,shop_6,orange-power,can,330ml,0.51,56342
6244,31/10/17,Patra,38.24444,21.73444,168501,shop_6,orange-power,can,330ml,0.56,47412
6385,30/11/17,Patra,38.24444,21.73444,168501,shop_6,orange-power,can,330ml,0.56,44054
6420,31/12/17,Patra,38.24444,21.73444,168501,shop_6,orange-power,can,330ml,0.61,40490
7323,31/10/18,Patra,38.24444,21.73444,168034,shop_6,orange-power,can,330ml,0.49,61016
7410,30/11/18,Patra,38.24444,21.73444,168034,shop_6,orange-power,can,330ml,0.52,50896
7550,31/12/18,Patra,38.24444,21.73444,168034,shop_6,orange-power,can,330ml,0.5,60454
845,31/10/12,Patra,38.24444,21.73444,164250,shop_6,gazoza,glass,500ml,0.5,71371
935,30/11/12,Patra,38.24444,21.73444,164250,shop_6,gazoza,glass,500ml,0.53,63292
1067,31/12/12,Patra,38.24444,21.73444,164250,shop_6,gazoza,glass,500ml,0.58,55913
3002,31/10/14,Patra,38.24444,21.73444,167242,shop_6,gazoza,glass,500ml,0.61,57000
3093,30/11/14,Patra,38.24444,21.73444,167242,shop_6,gazoza,glass,500ml,0.66,45397
3223,31/12/14,Patra,38.24444,21.73444,167242,shop_6,gazoza,glass,500ml,0.46,80198
4080,31/10/15,Patra,38.24444,21.73444,167001,shop_6,gazoza,glass,500ml,0.61,59732
4172,30/11/15,Patra,38.24444,21.73444,167001,shop_6,gazoza,glass,500ml,0.49,75689
4261,31/12/15,Patra,38.24444,21.73444,167001,shop_6,gazoza,glass,500ml,0.61,57243
5163,31/10/16,Patra,38.24444,21.73444,168254,shop_6,gazoza,glass,500ml,0.73,41245
5256,30/11/16,Patra,38.24444,21.73444,168254,shop_6,gazoza,glass,500ml,0.77,33721
5388,31/12/16,Patra,38.24444,21.73444,168254,shop_6,gazoza,glass,500ml,0.71,43373
6245,31/10/17,Patra,38.24444,21.73444,168501,shop_6,gazoza,glass,500ml,0.77,38177
6377,30/11/17,Patra,38.24444,21.73444,168501,shop_6,gazoza,glass,500ml,0.74,40164
6421,31/12/17,Patra,38.24444,21.73444,168501,shop_6,gazoza,glass,500ml,0.76,37562
7324,31/10/18,Patra,38.24444,21.73444,168034,shop_6,gazoza,glass,500ml,0.7,51068
7411,30/11/18,Patra,38.24444,,168034,shop_6,gazoza,glass,500ml,0.68,51877
7500,31/12/18,Patra,38.24444,21.73444,168034,shop_6,gazoza,glass,500ml,0.76,39268
846,31/10/12,Patra,38.24444,21.73444,164250,shop_6,gazoza,plastic,1.5lt,0.8,49139
936,30/11/12,Patra,38.24444,21.73444,164250,shop_6,gazoza,plastic,1.5lt,1.21,30031
1023,31/12/12,Patra,38.24444,21.73444,164250,shop_6,gazoza,plastic,1.5lt,0.7,59301
3003,31/10/14,Patra,38.24444,21.73444,167242,shop_6,gazoza,plastic,1.5lt,1.29,29765
3094,30/11/14,Patra,38.24444,21.73444,167242,shop_6,gazoza,plastic,1.5lt,0.79,50056
3179,31/12/14,Patra,38.24444,21.73444,167242,shop_6,gazoza,plastic,1.5lt,0.88,52277
4081,31/10/15,Patra,38.24444,21.73444,167001,shop_6,gazoza,plastic,1.5lt,1.09,39292
4173,30/11/15,Patra,38.24444,21.73444,167001,shop_6,gazoza,plastic,1.5lt,1.27,31224
4262,31/12/15,Patra,38.24444,21.73444,167001,shop_6,gazoza,plastic,1.5lt,1.12,41972
5164,31/10/16,Patra,38.24444,21.73444,168254,shop_6,gazoza,plastic,1.5lt,1.05,42016
5300,30/11/16,Patra,38.24444,21.73444,168254,shop_6,gazoza,plastic,1.5lt,0.77,52204
5344,31/12/16,Patra,38.24444,21.73444,168254,shop_6,gazoza,plastic,1.5lt,1.05,46624
6246,31/10/17,Patra,38.24444,21.73444,168501,shop_6,gazoza,plastic,1.5lt,1.27,33694
6331,30/11/17,Patra,38.24444,21.73444,168501,shop_6,gazoza,plastic,1.5lt,1.36,29536
6467,31/12/17,Patra,38.24444,21.73444,168501,shop_6,gazoza,plastic,1.5lt,1.48,28441
7325,31/10/18,Patra,38.24444,21.73444,168034,shop_6,gazoza,plastic,1.5lt,1.2,37596
7412,30/11/18,Patra,38.24444,21.73444,168034,shop_6,gazoza,plastic,1.5lt,1.19,37138
7501,31/12/18,Patra,38.24444,21.73444,168034,shop_6,gazoza,plastic,1.5lt,1.23,40326
847,31/10/12,Patra,38.24444,21.73444,164250,shop_6,gazoza,can,330ml,0.27,81654
937,30/11/12,Patra,38.24444,21.73444,164250,shop_6,gazoza,can,330ml,0.29,76563
1024,31/12/12,Patra,38.24444,21.73444,164250,shop_6,gazoza,can,330ml,0.25,91445
3004,31/10/14,Patra,38.24444,21.73444,167242,shop_6,gazoza,can,330ml,0.29,78579
3095,30/11/14,Patra,38.24444,21.73444,167242,shop_6,gazoza,can,330ml,0.32,70913
3180,31/12/14,Patra,38.24444,21.73444,167242,shop_6,gazoza,can,330ml,0.33,69618
4131,31/10/15,Patra,38.24444,21.73444,167001,shop_6,gazoza,can,330ml,0.35,63309
4174,30/11/15,Patra,38.24444,21.73444,167001,shop_6,gazoza,can,330ml,0.39,49780
4263,31/12/15,Patra,38.24444,21.73444,167001,shop_6,gazoza,can,330ml,0.34,68817
5165,31/10/16,Patra,38.24444,21.73444,168254,shop_6,gazoza,can,330ml,0.43,42251
5305,30/11/16,Patra,38.24444,21.73444,168254,shop_6,gazoza,can,330ml,0.35,64768
5345,31/12/16,Patra,38.24444,21.73444,168254,shop_6,gazoza,can,330ml,0.33,72802
6247,31/10/17,Patra,38.24444,21.73444,168501,shop_6,gazoza,can,330ml,0.39,56743
6375,30/11/17,Patra,38.24444,21.73444,168501,shop_6,gazoza,can,330ml,0.36,62431
6422,31/12/17,Patra,38.24444,21.73444,168501,shop_6,gazoza,can,330ml,0.34,74358
7326,31/10/18,Patra,38.24444,21.73444,168034,shop_6,gazoza,can,330ml,0.35,70282
7413,30/11/18,Patra,38.24444,21.73444,168034,shop_6,gazoza,can,330ml,0.35,70189
7502,31/12/18,Patra,38.24444,21.73444,168034,shop_6,gazoza,can,330ml,0.43,48980
848,31/10/12,Patra,38.24444,21.73444,164250,shop_6,lemon-boost,glass,500ml,0.73,35038
938,30/11/12,Patra,38.24444,21.73444,164250,shop_6,lemon-boost,glass,500ml,1.04,21501
1076,31/12/12,Patra,38.24444,21.73444,164250,shop_6,lemon-boost,glass,500ml,0.99,24650
3005,31/10/14,Patra,38.24444,21.73444,167242,shop_6,lemon-boost,glass,500ml,0.98,25747
3096,30/11/14,Patra,38.24444,21.73444,167242,shop_6,lemon-boost,glass,500ml,0.77,35535
3181,31/12/14,Patra,38.24444,21.73444,167242,shop_6,lemon-boost,glass,500ml,0.84,33985
4082,31/10/15,Patra,38.24444,21.73444,167001,shop_6,lemon-boost,glass,500ml,1.1,21541
4218,30/11/15,Patra,38.24444,21.73444,167001,shop_6,lemon-boost,glass,500ml,0.81,34409
4264,31/12/15,Patra,38.24444,21.73444,167001,shop_6,lemon-boost,glass,500ml,0.89,32520
5166,31/10/16,Patra,38.24444,21.73444,168254,shop_6,lemon-boost,glass,500ml,0.99,26830
5257,30/11/16,Patra,38.24444,21.73444,168254,shop_6,lemon-boost,glass,500ml,0.9,31282
5387,31/12/16,Patra,38.24444,21.73444,168254,shop_6,lemon-boost,glass,500ml,1.07,25165
6248,31/10/17,Patra,38.24444,21.73444,168501,shop_6,lemon-boost,glass,500ml,1.2,19313
6332,30/11/17,Patra,38.24444,21.73444,168501,shop_6,lemon-boost,glass,500ml,1.17,20779
6423,31/12/17,Patra,38.24444,21.73444,168501,shop_6,lemon-boost,glass,500ml,0.88,34649
7327,31/10/18,Patra,38.24444,21.73444,168034,shop_6,lemon-boost,glass,500ml,1.06,25736
7462,30/11/18,Patra,38.24444,21.73444,168034,shop_6,lemon-boost,glass,500ml,1.01,28575
7503,31/12/18,Patra,38.24444,21.73444,168034,shop_6,lemon-boost,glass,500ml,1.14,24195
849,31/10/12,Patra,38.24444,21.73444,164250,shop_6,lemon-boost,plastic,1.5lt,2.15,16151
982,30/11/12,Patra,38.24444,21.73444,164250,shop_6,lemon-boost,plastic,1.5lt,1.41,26956
1025,31/12/12,Patra,38.24444,21.73444,164250,shop_6,lemon-boost,plastic,1.5lt,1.79,24971
3006,31/10/14,Patra,38.24444,21.73444,167242,shop_6,lemon-boost,plastic,1.5lt,2.18,16796
3097,30/11/14,Patra,38.24444,21.73444,167242,shop_6,lemon-boost,plastic,1.5lt,1.96,21504
3182,31/12/14,Patra,38.24444,21.73444,167242,shop_6,lemon-boost,plastic,1.5lt,2.12,21850
4083,31/10/15,Patra,38.24444,21.73444,167001,shop_6,lemon-boost,plastic,1.5lt,1.32,25620
4175,30/11/15,Patra,38.24444,21.73444,167001,shop_6,lemon-boost,plastic,1.5lt,2.13,20082
4265,31/12/15,Patra,38.24444,21.73444,167001,shop_6,lemon-boost,plastic,1.5lt,1.69,27737
5167,31/10/16,Patra,38.24444,21.73444,168254,shop_6,lemon-boost,plastic,1.5lt,2.45,15100
5258,30/11/16,Patra,38.24444,21.73444,168254,shop_6,lemon-boost,plastic,1.5lt,2.74,13938
5346,31/12/16,Patra,38.24444,21.73444,168254,shop_6,lemon-boost,plastic,1.5lt,2.71,15825
6288,31/10/17,Patra,38.24444,21.73444,168501,shop_6,lemon-boost,plastic,1.5lt,2.14,18523
6333,30/11/17,Patra,38.24444,21.73444,168501,shop_6,lemon-boost,plastic,1.5lt,1.88,23745
6470,31/12/17,Patra,38.24444,21.73444,168501,shop_6,lemon-boost,plastic,1.5lt,2.72,16442
7328,31/10/18,Patra,38.24444,21.73444,168034,shop_6,lemon-boost,plastic,1.5lt,2.14,18889
7456,30/11/18,Patra,38.24444,21.73444,168034,shop_6,lemon-boost,plastic,1.5lt,1.85,24412
7504,31/12/18,Patra,38.24444,21.73444,168034,shop_6,lemon-boost,plastic,1.5lt,1.67,29126
850,31/10/12,Patra,38.24444,21.73444,164250,shop_6,lemon-boost,can,330ml,0.47,35480
939,30/11/12,Patra,38.24444,21.73444,164250,shop_6,lemon-boost,can,330ml,0.52,30370
1026,31/12/12,Patra,38.24444,21.73444,164250,shop_6,lemon-boost,can,330ml,0.53,41493
3007,31/10/14,Patra,38.24444,21.73444,167242,shop_6,lemon-boost,can,330ml,0.65,23329
3098,30/11/14,Patra,38.24444,21.73444,167242,shop_6,lemon-boost,can,330ml,0.53,30638
3183,31/12/14,Patra,38.24444,21.73444,167242,shop_6,lemon-boost,can,330ml,0.66,30475
4084,31/10/15,Patra,38.24444,21.73444,167001,shop_6,lemon-boost,can,330ml,0.55,32253
4176,30/11/15,Patra,38.24444,21.73444,167001,shop_6,lemon-boost,can,330ml,0.73,17573
4266,31/12/15,Patra,38.24444,21.73444,167001,shop_6,lemon-boost,can,330ml,0.52,46601
5168,31/10/16,Patra,38.24444,21.73444,168254,shop_6,lemon-boost,can,330ml,0.59,30195
5299,30/11/16,Patra,38.24444,21.73444,168254,shop_6,lemon-boost,can,330ml,0.42,40162
5347,31/12/16,Patra,38.24444,21.73444,168254,shop_6,lemon-boost,can,330ml,0.45,54182
6249,31/10/17,Patra,38.24444,21.73444,168501,shop_6,lemon-boost,can,330ml,0.58,31584
6334,30/11/17,Patra,38.24444,21.73444,168501,shop_6,lemon-boost,can,330ml,0.57,30549
6424,31/12/17,Patra,38.24444,21.73444,168501,shop_6,lemon-boost,can,330ml,0.56,44176
7329,31/10/18,Patra,38.24444,21.73444,168034,shop_6,lemon-boost,can,330ml,0.6,30721
7463,30/11/18,Patra,38.24444,21.73444,168034,shop_6,lemon-boost,can,330ml,0.55,32845
7542,31/12/18,Patra,38.24444,21.73444,168034,shop_6,lemon-boost,can,330ml,0.61,40382
851,31/10/12,Thessaloniki,40.64361,22.93086,346502,shop_4,kinder-cola,glass,500ml,1.21,16794
940,30/11/12,Thessaloniki,40.64361,22.93086,346502,shop_4,kinder-cola,glass,500ml,1.38,11537
1065,31/12/12,Thessaloniki,40.64361,22.93086,346502,shop_4,kinder-cola,glass,500ml,1.24,17085
3008,31/10/14,Thessaloniki,40.64361,22.93086,349232,shop_4,kinder-cola,glass,500ml,1.07,20164
3099,30/11/14,Thessaloniki,40.64361,22.93086,349232,shop_4,kinder-cola,glass,500ml,1.04,17594
3184,31/12/14,Thessaloniki,40.64361,22.93086,349232,shop_4,kinder-cola,glass,500ml,1.37,15645
4124,31/10/15,Thessaloniki,40.64361,22.93086,351650,shop_4,kinder-cola,glass,500ml,1.6,11295
4210,30/11/15,Thessaloniki,40.64361,22.93086,351650,shop_4,kinder-cola,glass,500ml,1.29,14144
4267,31/12/15,Thessaloniki,40.64361,22.93086,351650,shop_4,kinder-cola,glass,500ml,0.95,24083
5169,31/10/16,Thessaloniki,40.64361,22.93086,351702,shop_4,kinder-cola,glass,500ml,1.22,18416
5298,30/11/16,Thessaloniki,40.64361,22.93086,351702,shop_4,kinder-cola,glass,500ml,1.31,14341
5348,31/12/16,Thessaloniki,40.64361,22.93086,351702,shop_4,kinder-cola,glass,500ml,1.48,14735
6250,31/10/17,Thessaloniki,40.64361,22.93086,353001,shop_4,kinder-cola,glass,500ml,1.35,16663
6335,30/11/17,Thessaloniki,40.64361,22.93086,353001,shop_4,kinder-cola,glass,500ml,0.67,23907
6425,31/12/17,Thessaloniki,40.64361,22.93086,353001,shop_4,kinder-cola,glass,500ml,1.41,16441
7373,31/10/18,Thessaloniki,40.64361,22.93086,354290,shop_4,kinder-cola,glass,500ml,1,22813
7414,30/11/18,Thessaloniki,40.64361,22.93086,354290,shop_4,kinder-cola,glass,500ml,1.95,6036
7505,31/12/18,Thessaloniki,40.64361,22.93086,354290,shop_4,kinder-cola,glass,500ml,1.25,19736
852,31/10/12,Thessaloniki,40.64361,22.93086,346502,shop_4,kinder-cola,plastic,1.5lt,3.53,7926
980,30/11/12,Thessaloniki,40.64361,22.93086,346502,shop_4,kinder-cola,plastic,1.5lt,3,10784
1027,31/12/12,Thessaloniki,40.64361,22.93086,346502,shop_4,kinder-cola,plastic,1.5lt,3.09,12669
3009,31/10/14,Thessaloniki,40.64361,22.93086,349232,shop_4,kinder-cola,plastic,1.5lt,2.63,12033
3100,30/11/14,Thessaloniki,40.64361,22.93086,349232,shop_4,kinder-cola,plastic,1.5lt,2.26,14418
3185,31/12/14,Thessaloniki,40.64361,22.93086,349232,shop_4,kinder-cola,plastic,1.5lt,3.74,10093
4085,31/10/15,Thessaloniki,40.64361,22.93086,351650,shop_4,kinder-cola,plastic,1.5lt,3.06,10618
4177,30/11/15,Thessaloniki,40.64361,22.93086,351650,shop_4,kinder-cola,plastic,1.5lt,2.86,12175
4268,31/12/15,Thessaloniki,40.64361,22.93086,351650,shop_4,kinder-cola,plastic,1.5lt,2.38,17196
5217,31/10/16,Thessaloniki,40.64361,22.93086,351702,shop_4,kinder-cola,plastic,1.5lt,2.83,11697
5259,30/11/16,Thessaloniki,40.64361,22.93086,351702,shop_4,kinder-cola,plastic,1.5lt,3.29,10722
5349,31/12/16,Thessaloniki,40.64361,22.93086,351702,shop_4,kinder-cola,plastic,1.5lt,3.15,13730
6251,31/10/17,Thessaloniki,40.64361,22.93086,353001,shop_4,kinder-cola,plastic,1.5lt,1.99,14979
6383,30/11/17,Thessaloniki,40.64361,22.93086,353001,shop_4,kinder-cola,plastic,1.5lt,2.18,15275
6426,31/12/17,Thessaloniki,40.64361,22.93086,353001,shop_4,kinder-cola,plastic,1.5lt,1.74,20720
7377,31/10/18,Thessaloniki,40.64361,22.93086,354290,shop_4,kinder-cola,plastic,1.5lt,3.3,10467
7415,30/11/18,Thessaloniki,40.64361,22.93086,354290,shop_4,kinder-cola,plastic,1.5lt,3.79,9327
7506,31/12/18,Thessaloniki,40.64361,22.93086,354290,shop_4,kinder-cola,plastic,1.5lt,2.92,15391
853,31/10/12,Thessaloniki,40.64361,22.93086,346502,shop_4,kinder-cola,can,330ml,0.75,16046
941,30/11/12,Thessaloniki,40.64361,22.93086,346502,shop_4,kinder-cola,can,330ml,0.9,13421
1028,31/12/12,Thessaloniki,40.64361,22.93086,346502,shop_4,kinder-cola,can,330ml,0.79,21564
3010,31/10/14,Thessaloniki,40.64361,22.93086,349232,shop_4,kinder-cola,can,330ml,0.83,14823
3101,30/11/14,Thessaloniki,40.64361,22.93086,349232,shop_4,kinder-cola,can,330ml,0.79,18014
3186,31/12/14,Thessaloniki,40.64361,22.93086,349232,shop_4,kinder-cola,can,330ml,0.87,19706
4086,31/10/15,Thessaloniki,40.64361,22.93086,351650,shop_4,kinder-cola,can,330ml,0.84,14959
4178,30/11/15,Thessaloniki,40.64361,22.93086,351650,shop_4,kinder-cola,can,330ml,0.7,21227
4269,31/12/15,Thessaloniki,40.64361,22.93086,351650,shop_4,kinder-cola,can,330ml,0.88,20300
5219,31/10/16,Thessaloniki,40.64361,22.93086,351702,shop_4,kinder-cola,can,330ml,0.7,19219
5260,30/11/16,Thessaloniki,40.64361,22.93086,351702,shop_4,kinder-cola,can,330ml,0.63,23900
5350,31/12/16,Thessaloniki,40.64361,22.93086,351702,shop_4,kinder-cola,can,330ml,0.76,25439
6293,31/10/17,Thessaloniki,40.64361,22.93086,353001,shop_4,kinder-cola,can,330ml,1.08,9753
6336,30/11/17,Thessaloniki,40.64361,22.93086,353001,shop_4,kinder-cola,can,330ml,0.73,21339
6427,31/12/17,Thessaloniki,40.64361,22.93086,353001,shop_4,kinder-cola,can,330ml,0.87,22095
7372,31/10/18,Thessaloniki,40.64361,22.93086,354290,shop_4,kinder-cola,can,330ml,0.62,22000
7416,30/11/18,Thessaloniki,40.64361,22.93086,354290,shop_4,kinder-cola,can,330ml,0.68,23111
7507,31/12/18,Thessaloniki,40.64361,22.93086,354290,shop_4,kinder-cola,can,330ml,0.5,36361
854,31/10/12,Thessaloniki,40.64361,22.93086,346502,shop_4,adult-cola,glass,500ml,1.24,20052
942,30/11/12,Thessaloniki,40.64361,22.93086,346502,shop_4,adult-cola,glass,500ml,1.09,25068
1079,31/12/12,Thessaloniki,40.64361,22.93086,346502,shop_4,adult-cola,glass,500ml,1.26,21803
3011,31/10/14,Thessaloniki,40.64361,22.93086,349232,shop_4,adult-cola,glass,500ml,0.85,35304
3149,30/11/14,Thessaloniki,40.64361,22.93086,349232,shop_4,adult-cola,glass,500ml,1.14,25184
3187,31/12/14,Thessaloniki,40.64361,22.93086,349232,shop_4,adult-cola,glass,500ml,1.19,26738
4087,31/10/15,Thessaloniki,40.64361,22.93086,351650,shop_4,adult-cola,glass,500ml,1.01,30556
4179,30/11/15,Thessaloniki,40.64361,22.93086,351650,shop_4,adult-cola,glass,500ml,1.22,23399
4270,31/12/15,Thessaloniki,40.64361,22.93086,351650,shop_4,adult-cola,glass,500ml,1.24,25675
5170,31/10/16,Thessaloniki,40.64361,22.93086,351702,shop_4,adult-cola,glass,500ml,1.15,26617
5261,30/11/16,Thessaloniki,40.64361,22.93086,351702,shop_4,adult-cola,glass,500ml,0.97,32267
5351,31/12/16,Thessaloniki,40.64361,22.93086,351702,shop_4,adult-cola,glass,500ml,0.9,39404
6252,31/10/17,Thessaloniki,40.64361,22.93086,353001,shop_4,adult-cola,glass,500ml,1.07,30067
6337,30/11/17,Thessaloniki,40.64361,22.93086,353001,shop_4,adult-cola,glass,500ml,1.24,24323
6479,31/12/17,Thessaloniki,40.64361,22.93086,353001,shop_4,adult-cola,glass,500ml,1.16,30413
7368,31/10/18,Thessaloniki,40.64361,22.93086,354290,shop_4,adult-cola,glass,500ml,1.52,16451
7417,30/11/18,Thessaloniki,40.64361,22.93086,354290,shop_4,adult-cola,glass,500ml,1.01,32197
7508,31/12/18,Thessaloniki,40.64361,22.93086,354290,shop_4,adult-cola,glass,500ml,0.89,40992
