ML/data/quarterly.csv
id,date,city,lat,long,pop,shop,brand,container,capacity,price,quantity
855,31/10/12,Thessaloniki,40.64361,22.93086,346502,shop_4,adult-cola,plastic,1.5lt,3.14,13413
943,30/11/12,Thessaloniki,40.64361,22.93086,346502,shop_4,adult-cola,plastic,1.5lt,2.43,14280
1029,31/12/12,Thessaloniki,40.64361,22.93086,346502,shop_4,adult-cola,plastic,1.5lt,3.1,11574
3055,31/10/14,Thessaloniki,40.64361,22.93086,349232,shop_4,adult-cola,plastic,1.5lt,2.79,17822
3102,30/11/14,Thessaloniki,40.64361,22.93086,349232,shop_4,adult-cola,plastic,1.5lt,1.34,21867
3188,31/12/14,Thessaloniki,40.64361,22.93086,349232,shop_4,adult-cola,plastic,1.5lt,3.19,11895
4088,31/10/15,Thessaloniki,40.64361,22.93086,351650,shop_4,adult-cola,plastic,1.5lt,2.62,19764
4180,30/11/15,Thessaloniki,40.64361,22.93086,351650,shop_4,adult-cola,plastic,1.5lt,2.55,14527
4271,31/12/15,Thessaloniki,40.64361,22.93086,351650,shop_4,adult-cola,plastic,1.5lt,2.01,20959
5171,31/10/16,Thessaloniki,40.64361,22.93086,351702,shop_4,adult-cola,plastic,1.5lt,1.32,31245
5262,30/11/16,Thessaloniki,40.64361,22.93086,351702,shop_4,adult-cola,plastic,1.5lt,2.42,15660
5352,31/12/16,Thessaloniki,40.64361,22.93086,351702,shop_4,adult-cola,plastic,1.5lt,3.08,13650
6291,31/10/17,Thessaloniki,40.64361,22.93086,353001,shop_4,adult-cola,plastic,1.5lt,2.83,18917
6338,30/11/17,Thessaloniki,40.64361,22.93086,353001,shop_4,adult-cola,plastic,1.5lt,3.05,12212
6428,31/12/17,Thessaloniki,40.64361,22.93086,353001,shop_4,adult-cola,plastic,1.5lt,2.37,19006
7330,31/10/18,Thessaloniki,40.64361,22.93086,354290,shop_4,adult-cola,plastic,1.5lt,3.18,16569
7418,30/11/18,Thessaloniki,40.64361,22.93086,354290,shop_4,adult-cola,plastic,1.5lt,2.68,14744
7558,31/12/18,Thessaloniki,40.64361,22.93086,354290,shop_4,adult-cola,plastic,1.5lt,2.17,20691
856,31/10/12,Thessaloniki,40.64361,22.93086,346502,shop_4,orange-power,glass,500ml,0.94,33258
945,30/11/12,Thessaloniki,40.64361,22.93086,346502,shop_4,orange-power,glass,500ml,0.64,43422
1031,31/12/12,Thessaloniki,40.64361,22.93086,346502,shop_4,orange-power,glass,500ml,0.95,26638
3013,31/10/14,Thessaloniki,40.64361,22.93086,349232,shop_4,orange-power,glass,500ml,0.74,55171
3104,30/11/14,Thessaloniki,40.64361,22.93086,349232,shop_4,orange-power,glass,500ml,0.82,33451
3189,31/12/14,Thessaloniki,40.64361,22.93086,349232,shop_4,orange-power,glass,500ml,0.92,32048
4125,31/10/15,Thessaloniki,40.64361,22.93086,351650,shop_4,orange-power,glass,500ml,0.69,60558
4182,30/11/15,Thessaloniki,40.64361,22.93086,351650,shop_4,orange-power,glass,500ml,0.9,29924
4273,31/12/15,Thessaloniki,40.64361,22.93086,351650,shop_4,orange-power,glass,500ml,0.77,43905
5173,31/10/16,Thessaloniki,40.64361,22.93086,351702,shop_4,orange-power,glass,500ml,0.66,64665
5264,30/11/16,Thessaloniki,40.64361,22.93086,351702,shop_4,orange-power,glass,500ml,0.97,26665
5354,31/12/16,Thessaloniki,40.64361,22.93086,351702,shop_4,orange-power,glass,500ml,0.83,41258
6253,31/10/17,Thessaloniki,40.64361,22.93086,353001,shop_4,orange-power,glass,500ml,0.88,47205
6378,30/11/17,Thessaloniki,40.64361,22.93086,353001,shop_4,orange-power,glass,500ml,0.84,35606
6430,31/12/17,Thessaloniki,40.64361,22.93086,353001,shop_4,orange-power,glass,500ml,0.5,64951
7332,31/10/18,Thessaloniki,40.64361,22.93086,354290,shop_4,orange-power,glass,500ml,1.06,34239
7420,30/11/18,Thessaloniki,40.64361,22.93086,354290,shop_4,orange-power,glass,500ml,0.99,28249
7509,31/12/18,Thessaloniki,40.64361,22.93086,354290,shop_4,orange-power,glass,500ml,1.1,25150
857,31/10/12,Thessaloniki,40.64361,22.93086,346502,shop_4,orange-power,plastic,1.5lt,2.03,19880
983,30/11/12,Thessaloniki,40.64361,22.93086,346502,shop_4,orange-power,plastic,1.5lt,1.19,27306
1032,31/12/12,Thessaloniki,40.64361,,346502,shop_4,orange-power,plastic,1.5lt,1.08,37159
3014,31/10/14,Thessaloniki,40.64361,22.93086,349232,shop_4,orange-power,plastic,1.5lt,1.72,26944
3105,30/11/14,Thessaloniki,40.64361,22.93086,349232,shop_4,orange-power,plastic,1.5lt,2.1,15622
3190,31/12/14,Thessaloniki,40.64361,22.93086,349232,shop_4,orange-power,plastic,1.5lt,2.04,21068
4089,31/10/15,Thessaloniki,40.64361,22.93086,351650,shop_4,orange-power,plastic,1.5lt,1.51,31205
4214,30/11/15,Thessaloniki,40.64361,22.93086,351650,shop_4,orange-power,plastic,1.5lt,1.37,26003
4274,31/12/15,Thessaloniki,40.64361,22.93086,351650,shop_4,orange-power,plastic,1.5lt,1.85,25180
5174,31/10/16,Thessaloniki,40.64361,22.93086,351702,shop_4,orange-power,plastic,1.5lt,1.99,23636
5265,30/11/16,Thessaloniki,40.64361,22.93086,351702,shop_4,orange-power,plastic,1.5lt,2.24,14966
5355,31/12/16,Thessaloniki,40.64361,22.93086,351702,shop_4,orange-power,plastic,1.5lt,2.25,19011
6254,31/10/17,Thessaloniki,40.64361,22.93086,353001,shop_4,orange-power,plastic,1.5lt,1.7,29237
6340,30/11/17,Thessaloniki,40.64361,22.93086,353001,shop_4,orange-power,plastic,1.5lt,2.52,11909
6465,31/12/17,Thessaloniki,40.64361,22.93086,353001,shop_4,orange-power,plastic,1.5lt,1.7,28852
7333,31/10/18,Thessaloniki,40.64361,22.93086,354290,shop_4,orange-power,plastic,1.5lt,1.89,26666
7421,30/11/18,Thessaloniki,40.64361,22.93086,354290,shop_4,orange-power,plastic,1.5lt,1.2,29239
7510,31/12/18,Thessaloniki,40.64361,22.93086,354290,shop_4,orange-power,plastic,1.5lt,1.7,29469
858,31/10/12,Thessaloniki,40.64361,22.93086,346502,shop_4,orange-power,can,330ml,0.45,40801
946,30/11/12,Thessaloniki,40.64361,22.93086,346502,shop_4,orange-power,can,330ml,0.24,62668
1033,31/12/12,Thessaloniki,40.64361,22.93086,346502,shop_4,orange-power,can,330ml,0.44,53822
3015,31/10/14,Thessaloniki,40.64361,22.93086,349232,shop_4,orange-power,can,330ml,0.59,26340
3106,30/11/14,Thessaloniki,40.64361,22.93086,349232,shop_4,orange-power,can,330ml,0.37,49833
3191,31/12/14,Thessaloniki,40.64361,22.93086,349232,shop_4,orange-power,can,330ml,0.48,50274
4090,31/10/15,Thessaloniki,40.64361,22.93086,351650,shop_4,orange-power,can,330ml,0.51,37794
4183,30/11/15,Thessaloniki,40.64361,22.93086,351650,shop_4,orange-power,can,330ml,0.64,21331
4275,31/12/15,Thessaloniki,40.64361,22.93086,351650,shop_4,orange-power,can,330ml,0.42,60301
5205,31/10/16,Thessaloniki,40.64361,22.93086,351702,shop_4,orange-power,can,330ml,0.62,25842
5307,30/11/16,Thessaloniki,40.64361,22.93086,351702,shop_4,orange-power,can,330ml,0.38,50116
5356,31/12/16,Thessaloniki,40.64361,22.93086,351702,shop_4,orange-power,can,330ml,0.47,54191
6255,31/10/17,Thessaloniki,40.64361,22.93086,353001,shop_4,orange-power,can,330ml,0.41,51462
6341,30/11/17,Thessaloniki,40.64361,22.93086,353001,shop_4,orange-power,can,330ml,0.58,30372
6431,31/12/17,Thessaloniki,40.64361,22.93086,353001,shop_4,orange-power,can,330ml,0.44,60310
7334,31/10/18,Thessaloniki,40.64361,22.93086,354290,shop_4,orange-power,can,330ml,0.44,48800
7422,30/11/18,Thessaloniki,40.64361,22.93086,354290,shop_4,orange-power,can,330ml,0.67,22363
7511,31/12/18,Thessaloniki,40.64361,22.93086,354290,shop_4,orange-power,can,330ml,0.61,38485
859,31/10/12,Thessaloniki,40.64361,22.93086,346502,shop_4,gazoza,glass,500ml,0.52,55524
947,30/11/12,Thessaloniki,40.64361,22.93086,346502,shop_4,gazoza,glass,500ml,0.5,58307
1034,31/12/12,Thessaloniki,40.64361,22.93086,346502,shop_4,gazoza,glass,500ml,0.59,50951
3016,31/10/14,Thessaloniki,40.64361,22.93086,349232,shop_4,gazoza,glass,500ml,0.74,28529
3107,30/11/14,Thessaloniki,40.64361,22.93086,349232,shop_4,gazoza,glass,500ml,0.63,43159
3192,31/12/14,Thessaloniki,40.64361,22.93086,349232,shop_4,gazoza,glass,500ml,0.56,60250
4091,31/10/15,Thessaloniki,40.64361,22.93086,351650,shop_4,gazoza,glass,500ml,0.64,44777
4184,30/11/15,Thessaloniki,40.64361,22.93086,351650,shop_4,gazoza,glass,500ml,0.66,40801
4276,31/12/15,Thessaloniki,40.64361,22.93086,351650,shop_4,gazoza,glass,500ml,0.49,73238
5175,31/10/16,Thessaloniki,40.64361,22.93086,351702,shop_4,gazoza,glass,500ml,0.67,42318
5266,30/11/16,Thessaloniki,40.64361,22.93086,351702,shop_4,gazoza,glass,500ml,0.65,43737
5398,31/12/16,Thessaloniki,40.64361,22.93086,351702,shop_4,gazoza,glass,500ml,0.73,38536
6256,31/10/17,Thessaloniki,40.64361,22.93086,353001,shop_4,gazoza,glass,500ml,0.66,45631
6373,30/11/17,Thessaloniki,40.64361,22.93086,353001,shop_4,gazoza,glass,500ml,0.73,35457
6432,31/12/17,Thessaloniki,40.64361,22.93086,353001,shop_4,gazoza,glass,500ml,0.67,49203
7335,31/10/18,Thessaloniki,40.64361,22.93086,354290,shop_4,gazoza,glass,500ml,0.69,43412
7423,30/11/18,Thessaloniki,40.64361,22.93086,354290,shop_4,gazoza,glass,500ml,0.76,33272
7512,31/12/18,Thessaloniki,40.64361,22.93086,354290,shop_4,gazoza,glass,500ml,0.7,46670
860,31/10/12,Thessaloniki,40.64361,22.93086,346502,shop_4,gazoza,plastic,1.5lt,1.04,28805
948,30/11/12,Thessaloniki,40.64361,22.93086,346502,shop_4,gazoza,plastic,1.5lt,0.89,31812
1035,31/12/12,Thessaloniki,40.64361,22.93086,346502,shop_4,gazoza,plastic,1.5lt,0.79,43113
3017,31/10/14,Thessaloniki,40.64361,22.93086,349232,shop_4,gazoza,plastic,1.5lt,0.95,33168
3108,30/11/14,Thessaloniki,40.64361,22.93086,349232,shop_4,gazoza,plastic,1.5lt,0.98,30314
3193,31/12/14,Thessaloniki,40.64361,22.93086,349232,shop_4,gazoza,plastic,1.5lt,0.93,39366
4092,31/10/15,Thessaloniki,40.64361,22.93086,351650,shop_4,gazoza,plastic,1.5lt,0.84,37249
4227,30/11/15,Thessaloniki,40.64361,22.93086,351650,shop_4,gazoza,plastic,1.5lt,0.98,31140
4277,31/12/15,Thessaloniki,40.64361,22.93086,351650,shop_4,gazoza,plastic,1.5lt,1.2,30400
5206,31/10/16,Thessaloniki,40.64361,22.93086,351702,shop_4,gazoza,plastic,1.5lt,1.36,21745
5267,30/11/16,Thessaloniki,40.64361,22.93086,351702,shop_4,gazoza,plastic,1.5lt,0.96,32281
5357,31/12/16,Thessaloniki,40.64361,22.93086,351702,shop_4,gazoza,plastic,1.5lt,0.99,38688
6257,31/10/17,Thessaloniki,40.64361,22.93086,353001,shop_4,gazoza,plastic,1.5lt,1.31,23988
6342,30/11/17,Thessaloniki,40.64361,22.93086,353001,shop_4,gazoza,plastic,1.5lt,1.37,21187
6478,31/12/17,Thessaloniki,40.64361,22.93086,353001,shop_4,gazoza,plastic,1.5lt,1.34,27115
7336,31/10/18,Thessaloniki,40.64361,22.93086,354290,shop_4,gazoza,plastic,1.5lt,1.08,31568
7424,30/11/18,Thessaloniki,40.64361,22.93086,354290,shop_4,gazoza,plastic,1.5lt,1.34,22812
7513,31/12/18,Thessaloniki,40.64361,22.93086,354290,shop_4,gazoza,plastic,1.5lt,1.24,31618
861,31/10/12,Thessaloniki,40.64361,22.93086,346502,shop_4,gazoza,can,330ml,0.3,56685
949,30/11/12,Thessaloniki,40.64361,22.93086,346502,shop_4,gazoza,can,330ml,0.27,59197
1036,31/12/12,Thessaloniki,40.64361,22.93086,346502,shop_4,gazoza,can,330ml,0.35,51585
3018,31/10/14,Thessaloniki,40.64361,22.93086,349232,shop_4,gazoza,can,330ml,0.34,48989
3109,30/11/14,Thessaloniki,40.64361,22.93086,349232,shop_4,gazoza,can,330ml,0.32,49155
3232,31/12/14,Thessaloniki,40.64361,22.93086,349232,shop_4,gazoza,can,330ml,0.37,52510
4093,31/10/15,Thessaloniki,40.64361,22.93086,351650,shop_4,gazoza,can,330ml,0.31,59380
4185,30/11/15,Thessaloniki,40.64361,22.93086,351650,shop_4,gazoza,can,330ml,0.37,40136
4278,31/12/15,Thessaloniki,40.64361,22.93086,351650,shop_4,gazoza,can,330ml,0.31,71337
5211,31/10/16,Thessaloniki,40.64361,22.93086,351702,shop_4,gazoza,can,330ml,0.33,54754
5268,30/11/16,Thessaloniki,40.64361,22.93086,351702,shop_4,gazoza,can,330ml,0.34,49107
5358,31/12/16,Thessaloniki,40.64361,22.93086,351702,shop_4,gazoza,can,330ml,0.37,54456
6285,31/10/17,Thessaloniki,40.64361,22.93086,353001,shop_4,gazoza,can,330ml,0.35,52714
6343,30/11/17,Thessaloniki,40.64361,22.93086,353001,shop_4,gazoza,can,330ml,0.45,26113
6433,31/12/17,Thessaloniki,40.64361,22.93086,353001,shop_4,gazoza,can,330ml,0.37,57093
7337,31/10/18,Thessaloniki,40.64361,22.93086,354290,shop_4,gazoza,can,330ml,0.49,22381
7425,30/11/18,Thessaloniki,40.64361,22.93086,354290,shop_4,gazoza,can,330ml,0.29,62409
862,31/10/12,Thessaloniki,40.64361,22.93086,346502,shop_4,lemon-boost,glass,500ml,0.9,19429
978,30/11/12,Thessaloniki,40.64361,22.93086,346502,shop_4,lemon-boost,glass,500ml,1.08,17147
1037,31/12/12,Thessaloniki,40.64361,22.93086,346502,shop_4,lemon-boost,glass,500ml,0.91,25633
3019,31/10/14,Thessaloniki,40.64361,22.93086,349232,shop_4,lemon-boost,glass,500ml,1.05,15892
3110,30/11/14,Thessaloniki,40.64361,22.93086,349232,shop_4,lemon-boost,glass,500ml,1.25,12526
3194,31/12/14,Thessaloniki,40.64361,22.93086,349232,shop_4,lemon-boost,glass,500ml,0.9,27773
4094,31/10/15,Thessaloniki,40.64361,22.93086,351650,shop_4,lemon-boost,glass,500ml,1.16,13215
4222,30/11/15,Thessaloniki,40.64361,22.93086,351650,shop_4,lemon-boost,glass,500ml,0.97,23969
4311,31/12/15,Thessaloniki,40.64361,22.93086,351650,shop_4,lemon-boost,glass,500ml,0.97,26043
5176,31/10/16,Thessaloniki,40.64361,22.93086,351702,shop_4,lemon-boost,glass,500ml,0.81,24478
5269,30/11/16,Thessaloniki,40.64361,22.93086,351702,shop_4,lemon-boost,glass,500ml,0.9,27387
5384,31/12/16,Thessaloniki,40.64361,22.93086,351702,shop_4,lemon-boost,glass,500ml,1.08,22479
6258,31/10/17,Thessaloniki,40.64361,22.93086,353001,shop_4,lemon-boost,glass,500ml,0.91,21955
6344,30/11/17,Thessaloniki,40.64361,22.93086,353001,shop_4,lemon-boost,glass,500ml,0.75,33570
6434,31/12/17,Thessaloniki,40.64361,22.93086,353001,shop_4,lemon-boost,glass,500ml,0.99,26664
7338,31/10/18,Thessaloniki,40.64361,22.93086,354290,shop_4,lemon-boost,glass,500ml,0.94,21612
7426,30/11/18,Thessaloniki,40.64361,22.93086,354290,shop_4,lemon-boost,glass,500ml,0.66,37416
7515,31/12/18,Thessaloniki,40.64361,22.93086,354290,shop_4,lemon-boost,glass,500ml,1.06,24681
863,31/10/12,Thessaloniki,40.64361,22.93086,346502,shop_4,lemon-boost,plastic,1.5lt,1.39,24516
950,30/11/12,Thessaloniki,40.64361,22.93086,346502,shop_4,lemon-boost,plastic,1.5lt,2.76,7975
1038,31/12/12,Thessaloniki,40.64361,22.93086,346502,shop_4,lemon-boost,plastic,1.5lt,2.36,17784
3020,31/10/14,Thessaloniki,40.64361,22.93086,349232,shop_4,lemon-boost,plastic,1.5lt,1.98,19130
3111,30/11/14,Thessaloniki,40.64361,22.93086,349232,shop_4,lemon-boost,plastic,1.5lt,1.97,15419
3224,31/12/14,Thessaloniki,40.64361,22.93086,349232,shop_4,lemon-boost,plastic,1.5lt,1.42,31205
4095,31/10/15,Thessaloniki,40.64361,22.93086,351650,shop_4,lemon-boost,plastic,1.5lt,1.95,19919
4221,30/11/15,Thessaloniki,40.64361,22.93086,351650,shop_4,lemon-boost,plastic,1.5lt,2.29,13202
4279,31/12/15,Thessaloniki,40.64361,22.93086,351650,shop_4,lemon-boost,plastic,1.5lt,1.78,27053
5214,31/10/16,Thessaloniki,40.64361,22.93086,351702,shop_4,lemon-boost,plastic,1.5lt,1.69,22814
5303,30/11/16,Thessaloniki,40.64361,22.93086,351702,shop_4,lemon-boost,plastic,1.5lt,1.79,17485
5359,31/12/16,Thessaloniki,40.64361,22.93086,351702,shop_4,lemon-boost,plastic,1.5lt,1.77,27639
6259,31/10/17,Thessaloniki,40.64361,22.93086,353001,shop_4,lemon-boost,plastic,1.5lt,1.75,22572
6345,30/11/17,Thessaloniki,40.64361,22.93086,353001,shop_4,lemon-boost,plastic,1.5lt,2.4,13140
6435,31/12/17,Thessaloniki,40.64361,22.93086,353001,shop_4,lemon-boost,plastic,1.5lt,2.59,18313
7376,31/10/18,Thessaloniki,40.64361,22.93086,354290,shop_4,lemon-boost,plastic,1.5lt,3.18,9518
7427,30/11/18,Thessaloniki,40.64361,22.93086,354290,shop_4,lemon-boost,plastic,1.5lt,1.1,23270
7516,31/12/18,Thessaloniki,40.64361,22.93086,354290,shop_4,lemon-boost,plastic,1.5lt,2.73,17184
864,31/10/12,Thessaloniki,40.64361,22.93086,346502,shop_4,lemon-boost,can,330ml,0.64,20510
951,30/11/12,Thessaloniki,40.64361,22.93086,346502,shop_4,lemon-boost,can,330ml,0.59,20137
1039,31/12/12,Thessaloniki,40.64361,22.93086,346502,shop_4,lemon-boost,can,330ml,0.58,30137
3021,31/10/14,Thessaloniki,40.64361,22.93086,349232,shop_4,lemon-boost,can,330ml,0.5,33044
3112,30/11/14,Thessaloniki,40.64361,22.93086,349232,shop_4,lemon-boost,can,330ml,0.39,34005
3229,31/12/14,Thessaloniki,40.64361,22.93086,349232,shop_4,lemon-boost,can,330ml,0.74,18362
4096,31/10/15,Thessaloniki,40.64361,22.93086,351650,shop_4,lemon-boost,can,330ml,0.59,27324
4186,30/11/15,Thessaloniki,40.64361,22.93086,351650,shop_4,lemon-boost,can,330ml,0.49,28563
4280,31/12/15,Thessaloniki,40.64361,22.93086,351650,shop_4,lemon-boost,can,330ml,0.71,21857
5177,31/10/16,Thessaloniki,40.64361,22.93086,351702,shop_4,lemon-boost,can,330ml,0.52,33313
5270,30/11/16,Thessaloniki,40.64361,22.93086,351702,shop_4,lemon-boost,can,330ml,0.68,18263
5360,31/12/16,Thessaloniki,40.64361,22.93086,351702,shop_4,lemon-boost,can,330ml,0.44,45236
6295,31/10/17,Thessaloniki,40.64361,22.93086,353001,shop_4,lemon-boost,can,330ml,0.56,31234
6346,30/11/17,Thessaloniki,40.64361,22.93086,353001,shop_4,lemon-boost,can,330ml,0.68,18741
6436,31/12/17,Thessaloniki,40.64361,22.93086,353001,shop_4,lemon-boost,can,330ml,0.65,29720
7339,31/10/18,Thessaloniki,40.64361,22.93086,354290,shop_4,lemon-boost,can,330ml,0.25,52476
7428,30/11/18,Thessaloniki,40.64361,22.93086,354290,shop_4,lemon-boost,can,330ml,0.74,16384
7517,31/12/18,Thessaloniki,40.64361,22.93086,354290,shop_4,lemon-boost,can,330ml,0.46,45128
