ML/data/quarterly.csv
id,date,city,lat,long,pop,shop,brand,container,capacity,price,quantity
865,31/10/12,Athens,37.96245,23.68708,672130,shop_3,kinder-cola,glass,500ml,1.49,6713
952,30/11/12,Athens,37.96245,23.68708,672130,shop_3,kinder-cola,glass,500ml,1.38,7396
1040,31/12/12,Athens,37.96245,23.68708,672130,shop_3,kinder-cola,glass,500ml,1.19,9070
3022,31/10/14,Athens,37.96245,23.68708,668203,shop_3,kinder-cola,glass,500ml,1.28,9660
3113,30/11/14,Athens,37.96245,23.68708,668203,shop_3,kinder-cola,glass,500ml,1.23,9486
3195,31/12/14,Athens,37.96245,23.68708,668203,shop_3,kinder-cola,glass,500ml,1.47,6889
4097,31/10/15,Athens,37.96245,23.68708,667237,shop_3,kinder-cola,glass,500ml,0.78,15101
4187,30/11/15,Athens,37.96245,23.68708,667237,shop_3,kinder-cola,glass,500ml,0.95,12417
4318,31/12/15,Athens,37.96245,23.68708,667237,shop_3,kinder-cola,glass,500ml,0.9,12446
5178,31/10/16,Athens,37.96245,23.68708,665102,shop_3,kinder-cola,glass,500ml,0.72,15952
5271,30/11/16,Athens,37.96245,23.68708,665102,shop_3,kinder-cola,glass,500ml,0.97,12416
5361,31/12/16,Athens,37.96245,23.68708,665102,shop_3,kinder-cola,glass,500ml,0.81,13495
6260,31/10/17,Athens,37.96245,23.68708,665871,shop_3,kinder-cola,glass,500ml,1.55,7860
6347,30/11/17,Athens,37.96245,23.68708,665871,shop_3,kinder-cola,glass,500ml,1.47,7961
6437,31/12/17,Athens,37.96245,23.68708,665871,shop_3,kinder-cola,glass,500ml,1.71,5599
7340,31/10/18,Athens,37.96245,23.68708,664046,shop_3,kinder-cola,glass,500ml,1.26,10924
7429,30/11/18,Athens,37.96245,23.68708,664046,shop_3,kinder-cola,glass,500ml,1.9,4369
7518,31/12/18,Athens,37.96245,23.68708,664046,shop_3,kinder-cola,glass,500ml,1.43,8301
866,31/10/12,Athens,37.96245,23.68708,672130,shop_3,kinder-cola,plastic,1.5lt,3.92,4722
953,30/11/12,Athens,37.96245,23.68708,672130,shop_3,kinder-cola,plastic,1.5lt,2.6,7695
1041,31/12/12,Athens,37.96245,23.68708,672130,shop_3,kinder-cola,plastic,1.5lt,2.39,8705
3023,31/10/14,Athens,37.96245,23.68708,668203,shop_3,kinder-cola,plastic,1.5lt,3.14,7444
3114,30/11/14,Athens,37.96245,23.68708,668203,shop_3,kinder-cola,plastic,1.5lt,2.73,7659
3196,31/12/14,Athens,37.96245,23.68708,668203,shop_3,kinder-cola,plastic,1.5lt,2.26,9322
4098,31/10/15,Athens,37.96245,23.68708,667237,shop_3,kinder-cola,plastic,1.5lt,2.34,9888
4188,30/11/15,Athens,37.96245,23.68708,667237,shop_3,kinder-cola,plastic,1.5lt,3.6,5645
4281,31/12/15,Athens,37.96245,23.68708,667237,shop_3,kinder-cola,plastic,1.5lt,3.58,6005
5179,31/10/16,Athens,37.96245,23.68708,665102,shop_3,kinder-cola,plastic,1.5lt,3.4,7114
5272,30/11/16,Athens,37.96245,23.68708,665102,shop_3,kinder-cola,plastic,1.5lt,1.6,10704
5362,31/12/16,Athens,37.96245,23.68708,665102,shop_3,kinder-cola,plastic,1.5lt,3.7,5877
6261,31/10/17,Athens,37.96245,23.68708,665871,shop_3,kinder-cola,plastic,1.5lt,2.32,10197
6348,30/11/17,Athens,37.96245,23.68708,665871,shop_3,kinder-cola,plastic,1.5lt,2.11,9576
6438,31/12/17,Athens,37.96245,23.68708,665871,shop_3,kinder-cola,plastic,1.5lt,4.03,5259
7341,31/10/18,Athens,37.96245,23.68708,664046,shop_3,kinder-cola,plastic,1.5lt,1.83,11606
7430,30/11/18,Athens,37.96245,23.68708,664046,shop_3,kinder-cola,plastic,1.5lt,4.53,4017
7554,31/12/18,Athens,37.96245,23.68708,664046,shop_3,kinder-cola,plastic,1.5lt,1.91,10670
867,31/10/12,Athens,37.96245,23.68708,672130,shop_3,kinder-cola,can,330ml,0.92,7377
954,30/11/12,Athens,37.96245,23.68708,672130,shop_3,kinder-cola,can,330ml,0.9,7746
1064,31/12/12,Athens,37.96245,23.68708,672130,shop_3,kinder-cola,can,330ml,0.94,7603
3024,31/10/14,Athens,37.96245,23.68708,668203,shop_3,kinder-cola,can,330ml,0.48,16115
3115,30/11/14,Athens,37.96245,23.68708,668203,shop_3,kinder-cola,can,330ml,0.93,7867
3197,31/12/14,Athens,37.96245,23.68708,668203,shop_3,kinder-cola,can,330ml,0.7,13025
4127,31/10/15,Athens,37.96245,23.68708,667237,shop_3,kinder-cola,can,330ml,0.65,13344
4189,30/11/15,Athens,37.96245,23.68708,667237,shop_3,kinder-cola,can,330ml,0.64,13289
4282,31/12/15,Athens,37.96245,23.68708,667237,shop_3,kinder-cola,can,330ml,0.77,12053
5180,31/10/16,Athens,37.96245,23.68708,665102,shop_3,kinder-cola,can,330ml,0.96,8218
5273,30/11/16,Athens,37.96245,23.68708,665102,shop_3,kinder-cola,can,330ml,0.72,12199
5363,31/12/16,Athens,37.96245,23.68708,665102,shop_3,kinder-cola,can,330ml,0.96,8801
6262,31/10/17,Athens,37.96245,23.68708,665871,shop_3,kinder-cola,can,330ml,0.74,12176
6349,30/11/17,Athens,37.96245,23.68708,665871,shop_3,kinder-cola,can,330ml,0.35,18716
6439,31/12/17,Athens,37.96245,23.68708,665871,shop_3,kinder-cola,can,330ml,0.97,8832
7342,31/10/18,Athens,37.96245,23.68708,664046,shop_3,kinder-cola,can,330ml,0.75,12425
7431,30/11/18,Athens,37.96245,23.68708,664046,shop_3,kinder-cola,can,330ml,0.73,12587
7519,31/12/18,Athens,37.96245,23.68708,664046,shop_3,kinder-cola,can,330ml,0.45,18576
868,31/10/12,Athens,37.96245,23.68708,672130,shop_3,adult-cola,glass,500ml,1.14,14741
955,30/11/12,Athens,37.96245,23.68708,672130,shop_3,adult-cola,glass,500ml,1.27,11517
1042,31/12/12,Athens,37.96245,23.68708,672130,shop_3,adult-cola,glass,500ml,1.37,7761
3025,31/10/14,Athens,37.96245,23.68708,668203,shop_3,adult-cola,glass,500ml,0.67,25946
3116,30/11/14,Athens,37.96245,23.68708,668203,shop_3,adult-cola,glass,500ml,1.26,12781
3198,31/12/14,Athens,37.96245,23.68708,668203,shop_3,adult-cola,glass,500ml,1.37,8815
4099,31/10/15,Athens,37.96245,23.68708,667237,shop_3,adult-cola,glass,500ml,1.44,10155
4223,30/11/15,Athens,37.96245,23.68708,667237,shop_3,adult-cola,glass,500ml,1.13,15985
4283,31/12/15,Athens,37.96245,23.68708,667237,shop_3,adult-cola,glass,500ml,1.41,8630
5213,31/10/16,Athens,37.96245,23.68708,665102,shop_3,adult-cola,glass,500ml,0.75,24773
5274,30/11/16,Athens,37.96245,23.68708,665102,shop_3,adult-cola,glass,500ml,1.26,13888
5397,31/12/16,Athens,37.96245,23.68708,665102,shop_3,adult-cola,glass,500ml,0.65,21511
6263,31/10/17,Athens,37.96245,23.68708,665871,shop_3,adult-cola,glass,500ml,1.55,9137
6350,30/11/17,Athens,37.96245,23.68708,665871,shop_3,adult-cola,glass,500ml,0.81,23071
6440,31/12/17,Athens,37.96245,23.68708,665871,shop_3,adult-cola,glass,500ml,0.72,20517
7343,31/10/18,Athens,37.96245,23.68708,664046,shop_3,adult-cola,glass,500ml,1.25,15563
7459,30/11/18,Athens,37.96245,23.68708,664046,shop_3,adult-cola,glass,500ml,1.27,14611
7520,31/12/18,Athens,37.96245,23.68708,664046,shop_3,adult-cola,glass,500ml,1.17,13662
869,31/10/12,Athens,37.96245,23.68708,672130,shop_3,adult-cola,plastic,1.5lt,2.36,13824
956,30/11/12,Athens,37.96245,23.68708,672130,shop_3,adult-cola,plastic,1.5lt,2.7,10730
1078,31/12/12,Athens,37.96245,23.68708,672130,shop_3,adult-cola,plastic,1.5lt,2.63,10283
3026,31/10/14,Athens,37.96245,23.68708,668203,shop_3,adult-cola,plastic,1.5lt,2.6,13045
3117,30/11/14,Athens,37.96245,23.68708,668203,shop_3,adult-cola,plastic,1.5lt,3.16,8904
3221,31/12/14,Athens,37.96245,23.68708,668203,shop_3,adult-cola,plastic,1.5lt,2.72,10395
4100,31/10/15,Athens,37.96245,23.68708,667237,shop_3,adult-cola,plastic,1.5lt,2.08,16417
4228,30/11/15,Athens,37.96245,23.68708,667237,shop_3,adult-cola,plastic,1.5lt,2.18,14421
4284,31/12/15,Athens,37.96245,23.68708,667237,shop_3,adult-cola,plastic,1.5lt,2.84,10091
5181,31/10/16,Athens,37.96245,23.68708,665102,shop_3,adult-cola,plastic,1.5lt,2.22,15869
5275,30/11/16,Athens,37.96245,23.68708,665102,shop_3,adult-cola,plastic,1.5lt,3.59,7389
5399,31/12/16,Athens,37.96245,23.68708,665102,shop_3,adult-cola,plastic,1.5lt,2.66,11243
6264,31/10/17,Athens,37.96245,23.68708,665871,shop_3,adult-cola,plastic,1.5lt,2.85,12605
6351,30/11/17,Athens,37.96245,23.68708,665871,shop_3,adult-cola,plastic,1.5lt,2.82,11641
6441,31/12/17,Athens,37.96245,23.68708,665871,shop_3,adult-cola,plastic,1.5lt,3.24,8773
7344,31/10/18,Athens,37.96245,23.68708,664046,shop_3,adult-cola,plastic,1.5lt,2.54,14615
7432,30/11/18,Athens,37.96245,23.68708,664046,shop_3,adult-cola,plastic,1.5lt,1.76,17171
7521,31/12/18,Athens,37.96245,23.68708,664046,shop_3,adult-cola,plastic,1.5lt,1.23,18303
870,31/10/12,Athens,37.96245,23.68708,672130,shop_3,adult-cola,can,330ml,0.7,17584
957,30/11/12,Athens,37.96245,23.68708,672130,shop_3,adult-cola,can,330ml,0.83,11914
1043,31/12/12,Athens,37.96245,23.68708,672130,shop_3,adult-cola,can,330ml,0.77,14590
3027,31/10/14,Athens,37.96245,23.68708,668203,shop_3,adult-cola,can,330ml,0.6,22826
3118,30/11/14,Athens,37.96245,23.68708,668203,shop_3,adult-cola,can,330ml,0.64,21045
3199,31/12/14,Athens,37.96245,23.68708,668203,shop_3,adult-cola,can,330ml,0.72,17895
4101,31/10/15,Athens,37.96245,23.68708,667237,shop_3,adult-cola,can,330ml,0.55,25302
4190,30/11/15,Athens,37.96245,23.68708,667237,shop_3,adult-cola,can,330ml,0.7,19298
4285,31/12/15,Athens,37.96245,23.68708,667237,shop_3,adult-cola,can,330ml,0.52,26803
5207,31/10/16,Athens,37.96245,23.68708,665102,shop_3,adult-cola,can,330ml,0.44,30204
5276,30/11/16,Athens,37.96245,23.68708,665102,shop_3,adult-cola,can,330ml,0.54,25916
5364,31/12/16,Athens,37.96245,23.68708,665102,shop_3,adult-cola,can,330ml,0.5,27756
6265,31/10/17,Athens,37.96245,23.68708,665871,shop_3,adult-cola,,330ml,0.93,11677
6352,30/11/17,Athens,37.96245,23.68708,665871,shop_3,adult-cola,can,330ml,0.6,24165
6464,31/12/17,Athens,37.96245,23.68708,665871,shop_3,adult-cola,can,330ml,0.69,20795
7374,31/10/18,Athens,37.96245,23.68708,664046,shop_3,adult-cola,can,330ml,0.81,16908
7433,30/11/18,Athens,37.96245,23.68708,664046,shop_3,adult-cola,can,330ml,0.69,21384
7522,31/12/18,Athens,37.96245,23.68708,664046,shop_3,adult-cola,can,330ml,0.54,27178
871,31/10/12,Athens,37.96245,23.68708,672130,shop_3,orange-power,glass,500ml,0.51,35930
958,30/11/12,Athens,37.96245,23.68708,672130,shop_3,orange-power,glass,500ml,0.85,17855
1074,31/12/12,Athens,37.96245,23.68708,672130,shop_3,orange-power,glass,500ml,0.83,24244
3028,31/10/14,Athens,37.96245,23.68708,668203,shop_3,orange-power,glass,500ml,0.93,18691
3119,30/11/14,Athens,37.96245,23.68708,668203,shop_3,orange-power,glass,500ml,0.97,14818
3218,31/12/14,Athens,37.96245,23.68708,668203,shop_3,orange-power,glass,500ml,1.11,12437
4102,31/10/15,Athens,37.96245,23.68708,667237,shop_3,orange-power,glass,500ml,0.86,22696
4191,30/11/15,Athens,37.96245,23.68708,667237,shop_3,orange-power,glass,500ml,0.9,18229
4286,31/12/15,Athens,37.96245,23.68708,667237,shop_3,orange-power,glass,500ml,0.86,25790
5182,31/10/16,Athens,37.96245,23.68708,665102,shop_3,orange-power,glass,500ml,1,17521
5277,30/11/16,Athens,37.96245,23.68708,665102,shop_3,orange-power,glass,500ml,0.41,36725
5365,31/12/16,Athens,37.96245,23.68708,665102,shop_3,orange-power,glass,500ml,0.8,29345
6266,31/10/17,Athens,37.96245,23.68708,665871,shop_3,orange-power,glass,500ml,0.85,24631
6374,30/11/17,Athens,37.96245,23.68708,665871,shop_3,orange-power,glass,500ml,1.16,10276
6442,31/12/17,Athens,37.96245,23.68708,665871,shop_3,orange-power,glass,500ml,0.76,31877
7379,31/10/18,Athens,37.96245,23.68708,664046,shop_3,orange-power,glass,500ml,1.06,16558
7434,30/11/18,Athens,37.96245,23.68708,664046,shop_3,orange-power,glass,500ml,0.88,21074
7523,31/12/18,Athens,37.96245,23.68708,664046,shop_3,orange-power,glass,500ml,0.71,35324
872,31/10/12,Athens,37.96245,23.68708,672130,shop_3,orange-power,plastic,1.5lt,1.67,15145
959,30/11/12,Athens,37.96245,23.68708,672130,shop_3,orange-power,plastic,1.5lt,1.95,11883
1044,31/12/12,Athens,37.96245,23.68708,672130,shop_3,orange-power,plastic,1.5lt,1.68,21555
3029,31/10/14,Athens,37.96245,23.68708,668203,shop_3,orange-power,plastic,1.5lt,1.46,18066
3120,30/11/14,Athens,37.96245,23.68708,668203,shop_3,orange-power,plastic,1.5lt,1.58,16484
3200,31/12/14,Athens,37.96245,23.68708,668203,shop_3,orange-power,plastic,1.5lt,2.06,17235
4103,31/10/15,Athens,37.96245,23.68708,667237,shop_3,orange-power,plastic,1.5lt,1.99,13113
4192,30/11/15,Athens,37.96245,23.68708,667237,shop_3,orange-power,plastic,1.5lt,1.53,17293
4287,31/12/15,Athens,37.96245,23.68708,667237,shop_3,orange-power,plastic,1.5lt,1.04,32389
5183,31/10/16,Athens,37.96245,23.68708,665102,shop_3,orange-power,plastic,1.5lt,1.97,13659
5278,30/11/16,Athens,,,665102,shop_3,orange-power,plastic,1.5lt,0.92,23358
5366,31/12/16,Athens,37.96245,23.68708,665102,shop_3,orange-power,plastic,1.5lt,2.02,18953
6267,31/10/17,Athens,37.96245,23.68708,665871,shop_3,orange-power,plastic,1.5lt,1.66,17022
6353,30/11/17,Athens,37.96245,23.68708,665871,shop_3,orange-power,plastic,1.5lt,2.13,12256
6475,31/12/17,Athens,37.96245,23.68708,665871,shop_3,orange-power,plastic,1.5lt,1.02,33201
7345,31/10/18,Athens,37.96245,23.68708,664046,shop_3,orange-power,plastic,1.5lt,2.75,7146
7435,30/11/18,Athens,37.96245,23.68708,664046,shop_3,orange-power,plastic,1.5lt,1.37,19604
7524,31/12/18,Athens,37.96245,23.68708,664046,shop_3,orange-power,plastic,1.5lt,2.32,16088
873,31/10/12,Athens,37.96245,23.68708,672130,shop_3,gazoza,glass,500ml,0.51,32603
961,30/11/12,Athens,37.96245,23.68708,672130,shop_3,gazoza,glass,500ml,0.58,31705
1046,31/12/12,Athens,37.96245,23.68708,672130,shop_3,gazoza,glass,500ml,0.54,29906
3031,31/10/14,Athens,37.96245,23.68708,668203,shop_3,gazoza,glass,500ml,0.48,36426
3122,30/11/14,Athens,37.96245,23.68708,668203,shop_3,gazoza,glass,500ml,0.69,24399
3201,31/12/14,Athens,37.96245,23.68708,668203,shop_3,gazoza,glass,500ml,0.85,7321
4105,31/10/15,Athens,37.96245,23.68708,667237,shop_3,gazoza,glass,500ml,0.77,14791
4194,30/11/15,Athens,37.96245,23.68708,667237,shop_3,gazoza,glass,500ml,0.81,14539
4289,31/12/15,Athens,37.96245,23.68708,667237,shop_3,gazoza,glass,500ml,0.83,9920
5204,31/10/16,Athens,37.96245,23.68708,665102,shop_3,gazoza,glass,500ml,0.64,26152
5280,30/11/16,Athens,37.96245,23.68708,665102,shop_3,gazoza,glass,500ml,0.65,30075
5392,31/12/16,Athens,37.96245,23.68708,665102,shop_3,gazoza,glass,500ml,0.73,19415
6269,31/10/17,Athens,37.96245,23.68708,665871,shop_3,gazoza,glass,500ml,0.72,20883
6355,30/11/17,Athens,37.96245,23.68708,665871,shop_3,gazoza,glass,500ml,0.65,31487
6443,31/12/17,Athens,37.96245,23.68708,665871,shop_3,gazoza,glass,500ml,0.64,26841
7347,31/10/18,Athens,37.96245,23.68708,664046,shop_3,gazoza,glass,500ml,0.8,15969
7437,30/11/18,Athens,37.96245,23.68708,664046,shop_3,gazoza,glass,500ml,0.59,38484
874,31/10/12,Athens,37.96245,23.68708,672130,shop_3,gazoza,plastic,1.5lt,0.38,36308
962,30/11/12,Athens,37.96245,23.68708,672130,shop_3,gazoza,plastic,1.5lt,0.86,25180
1047,31/12/12,Athens,37.96245,23.68708,672130,shop_3,gazoza,plastic,1.5lt,0.72,26032
3032,31/10/14,Athens,37.96245,23.68708,668203,shop_3,gazoza,plastic,1.5lt,1.05,21418
3123,30/11/14,Athens,37.96245,23.68708,668203,shop_3,gazoza,plastic,1.5lt,0.43,36006
3202,31/12/14,Athens,37.96245,23.68708,668203,shop_3,gazoza,plastic,1.5lt,1.09,18839
4106,31/10/15,Athens,37.96245,23.68708,667237,shop_3,gazoza,plastic,1.5lt,1.17,19170
4195,30/11/15,Athens,37.96245,23.68708,667237,shop_3,gazoza,plastic,1.5lt,1.39,14427
4290,31/12/15,Athens,37.96245,23.68708,667237,shop_3,gazoza,plastic,1.5lt,0.98,21786
5185,31/10/16,Athens,37.96245,23.68708,665102,shop_3,gazoza,plastic,1.5lt,1.04,22514
5281,30/11/16,Athens,37.96245,23.68708,665102,shop_3,gazoza,plastic,1.5lt,1,23597
5396,31/12/16,Athens,37.96245,23.68708,665102,shop_3,gazoza,plastic,1.5lt,0.76,26527
6294,31/10/17,Athens,37.96245,23.68708,665871,shop_3,gazoza,plastic,1.5lt,1.45,14238
6356,30/11/17,Athens,37.96245,23.68708,665871,shop_3,gazoza,plastic,1.5lt,1.4,15525
6444,31/12/17,Athens,37.96245,23.68708,665871,shop_3,gazoza,plastic,1.5lt,0.99,22212
7348,31/10/18,Athens,37.96245,23.68708,664046,shop_3,gazoza,plastic,1.5lt,1.38,16292
7438,30/11/18,Athens,37.96245,23.68708,664046,shop_3,gazoza,plastic,1.5lt,1.05,23552
7526,31/12/18,Athens,37.96245,23.68708,664046,shop_3,gazoza,plastic,1.5lt,1.63,10160
875,31/10/12,Athens,37.96245,23.68708,672130,shop_3,lemon-boost,glass,500ml,0.67,22028
987,30/11/12,Athens,37.96245,23.68708,672130,shop_3,lemon-boost,glass,500ml,0.91,11721
1049,31/12/12,Athens,37.96245,23.68708,672130,shop_3,lemon-boost,glass,500ml,0.87,17424
3056,31/10/14,Athens,37.96245,23.68708,668203,shop_3,lemon-boost,glass,500ml,1.18,9846
3144,30/11/14,Athens,37.96245,23.68708,668203,shop_3,lemon-boost,glass,500ml,1.17,7417
3204,31/12/14,Athens,37.96245,23.68708,668203,shop_3,lemon-boost,glass,500ml,1.04,14158
4107,31/10/15,Athens,37.96245,23.68708,667237,shop_3,lemon-boost,glass,500ml,1,14813
4217,30/11/15,Athens,37.96245,23.68708,667237,shop_3,lemon-boost,glass,500ml,0.59,18630
4292,31/12/15,Athens,37.96245,23.68708,667237,shop_3,lemon-boost,glass,500ml,1.12,12638
5187,31/10/16,Athens,37.96245,23.68708,665102,shop_3,lemon-boost,glass,500ml,0.91,17617
5282,30/11/16,Athens,37.96245,23.68708,665102,shop_3,lemon-boost,glass,500ml,0.99,11741
5367,31/12/16,Athens,37.96245,23.68708,665102,shop_3,lemon-boost,glass,500ml,1.27,9393
6271,31/10/17,Athens,37.96245,23.68708,665871,shop_3,lemon-boost,glass,500ml,0.85,19511
6357,30/11/17,Athens,37.96245,23.68708,665871,shop_3,lemon-boost,glass,500ml,1.03,11251
6446,31/12/17,Athens,37.96245,23.68708,665871,shop_3,lemon-boost,glass,500ml,0.74,23271
7350,31/10/18,Athens,37.96245,23.68708,664046,shop_3,lemon-boost,glass,500ml,1.14,13193
7440,30/11/18,Athens,37.96245,23.68708,664046,shop_3,lemon-boost,glass,500ml,1.09,10599
7528,31/12/18,Athens,37.96245,23.68708,664046,shop_3,lemon-boost,glass,500ml,0.94,18752
