ML/data/quarterly.csv
id,date,city,lat,long,pop,shop,brand,container,capacity,price,quantity
876,31/10/12,Athens,37.96245,23.68708,672130,shop_3,lemon-boost,plastic,1.5lt,2.84,6587
964,30/11/12,Athens,37.96245,23.68708,672130,shop_3,lemon-boost,plastic,1.5lt,2.17,7043
1050,31/12/12,Athens,37.96245,23.68708,672130,shop_3,lemon-boost,plastic,1.5lt,1.67,13500
3034,31/10/14,Athens,37.96245,23.68708,668203,shop_3,lemon-boost,plastic,1.5lt,2.41,10688
3125,30/11/14,Athens,37.96245,23.68708,668203,shop_3,lemon-boost,plastic,1.5lt,1.11,12168
3236,31/12/14,Athens,37.96245,23.68708,668203,shop_3,lemon-boost,plastic,1.5lt,2.2,10648
4108,31/10/15,Athens,37.96245,23.68708,667237,shop_3,lemon-boost,plastic,1.5lt,2.43,10858
4197,30/11/15,Athens,37.96245,23.68708,667237,shop_3,lemon-boost,plastic,1.5lt,2.35,6896
4293,31/12/15,Athens,37.96245,23.68708,667237,shop_3,lemon-boost,plastic,1.5lt,2.29,10380
5188,31/10/16,Athens,37.96245,23.68708,665102,shop_3,lemon-boost,plastic,1.5lt,1.5,17749
5283,30/11/16,Athens,37.96245,23.68708,665102,shop_3,lemon-boost,plastic,1.5lt,1.45,10923
5368,31/12/16,Athens,37.96245,23.68708,665102,shop_3,lemon-boost,plastic,1.5lt,2.42,9881
6272,31/10/17,Athens,37.96245,23.68708,665871,shop_3,lemon-boost,plastic,1.5lt,2.51,11057
6358,30/11/17,Athens,37.96245,23.68708,665871,shop_3,lemon-boost,plastic,1.5lt,2.23,7844
6447,31/12/17,Athens,37.96245,23.68708,665871,shop_3,lemon-boost,plastic,1.5lt,1.94,13016
7351,31/10/18,Athens,37.96245,23.68708,664046,shop_3,lemon-boost,plastic,1.5lt,1,21588
7441,30/11/18,Athens,37.96245,23.68708,664046,shop_3,lemon-boost,plastic,1.5lt,1.75,9963
7529,31/12/18,Athens,37.96245,23.68708,664046,shop_3,lemon-boost,plastic,1.5lt,1.7,14669
877,31/10/12,Athens,37.96245,23.68708,672130,shop_3,lemon-boost,can,330ml,0.47,19025
965,30/11/12,Athens,37.96245,23.68708,672130,shop_3,lemon-boost,can,330ml,0.15,34132
1073,31/12/12,Athens,37.96245,23.68708,672130,shop_3,lemon-boost,can,330ml,0.55,14992
3049,31/10/14,Athens,37.96245,23.68708,668203,shop_3,lemon-boost,can,330ml,0.62,13439
3140,30/11/14,Athens,37.96245,23.68708,668203,shop_3,lemon-boost,can,330ml,0.5,19468
3205,31/12/14,Athens,37.96245,23.68708,668203,shop_3,lemon-boost,can,330ml,0.55,15966
4109,31/10/15,Athens,37.96245,23.68708,667237,shop_3,lemon-boost,can,330ml,0.25,29178
4198,30/11/15,Athens,37.96245,23.68708,667237,shop_3,lemon-boost,can,330ml,0.69,11802
4310,31/12/15,Athens,37.96245,23.68708,667237,shop_3,lemon-boost,can,330ml,0.73,9514
5212,31/10/16,Athens,37.96245,23.68708,665102,shop_3,lemon-boost,can,330ml,0.59,15676
5284,30/11/16,Athens,37.96245,23.68708,665102,shop_3,lemon-boost,can,330ml,0.65,14068
5391,31/12/16,Athens,37.96245,23.68708,665102,shop_3,lemon-boost,can,330ml,0.67,12472
6273,31/10/17,Athens,37.96245,23.68708,665871,shop_3,lemon-boost,can,330ml,0.67,13417
6359,30/11/17,Athens,37.96245,23.68708,665871,shop_3,lemon-boost,can,330ml,0.63,15539
6448,31/12/17,Athens,37.96245,23.68708,665871,shop_3,lemon-boost,can,330ml,0.57,16664
7352,31/10/18,Athens,37.96245,23.68708,664046,shop_3,lemon-boost,can,330ml,0.59,16664
7442,30/11/18,Athens,37.96245,23.68708,664046,shop_3,lemon-boost,can,330ml,0.65,15028
7530,31/12/18,Athens,37.96245,23.68708,664046,shop_3,lemon-boost,can,330ml,0.41,22864
878,31/10/12,Larisa,39.63689,22.41761,137540,shop_5,kinder-cola,glass,500ml,0.69,18681
966,30/11/12,Larisa,39.63689,22.41761,137540,shop_5,kinder-cola,glass,500ml,1.22,11970
1051,31/12/12,Larisa,39.63689,22.41761,137540,shop_5,kinder-cola,,500ml,1.4,7497
3035,31/10/14,Larisa,39.63689,22.41761,140563,shop_5,kinder-cola,glass,500ml,1.06,14307
3126,30/11/14,Larisa,39.63689,22.41761,140563,shop_5,kinder-cola,glass,500ml,1.43,9924
3206,31/12/14,Larisa,39.63689,22.41761,140563,shop_5,kinder-cola,glass,500ml,1.2,10204
4138,31/10/15,Larisa,39.63689,22.41761,141732,shop_5,kinder-cola,glass,500ml,1.47,9551
4213,30/11/15,Larisa,39.63689,22.41761,141732,shop_5,kinder-cola,glass,500ml,1.44,10141
4294,31/12/15,Larisa,,,141732,shop_5,kinder-cola,glass,500ml,1.55,7026
5189,31/10/16,Larisa,39.63689,22.41761,142030,shop_5,kinder-cola,glass,500ml,0.92,16596
5285,30/11/16,Larisa,39.63689,22.41761,142030,shop_5,kinder-cola,glass,500ml,1.39,11191
5389,31/12/16,Larisa,39.63689,22.41761,142030,shop_5,kinder-cola,glass,500ml,1.59,6941
6290,31/10/17,Larisa,39.63689,22.41761,144302,shop_5,kinder-cola,glass,500ml,1.84,5848
6376,30/11/17,Larisa,39.63689,22.41761,144302,shop_5,kinder-cola,glass,500ml,1.4,11432
6449,31/12/17,Larisa,39.63689,22.41761,144302,shop_5,kinder-cola,glass,500ml,1.16,11377
7353,31/10/18,Larisa,39.63689,22.41761,144651,shop_5,kinder-cola,,500ml,1.52,10031
7443,30/11/18,Larisa,39.63689,22.41761,144651,shop_5,kinder-cola,glass,500ml,0.81,18805
7531,31/12/18,Larisa,39.63689,22.41761,144651,shop_5,kinder-cola,glass,500ml,0.94,13680
879,31/10/12,Larisa,39.63689,22.41761,137540,shop_5,kinder-cola,can,330ml,0.74,13495
967,30/11/12,Larisa,39.63689,22.41761,137540,shop_5,kinder-cola,can,330ml,0.65,12070
1072,31/12/12,Larisa,39.63689,22.41761,137540,shop_5,kinder-cola,can,330ml,0.83,14501
3037,31/10/14,Larisa,39.63689,22.41761,140563,shop_5,kinder-cola,can,330ml,0.71,15050
3138,30/11/14,Larisa,39.63689,22.41761,140563,shop_5,kinder-cola,can,330ml,0.83,9545
3208,31/12/14,Larisa,39.63689,22.41761,140563,shop_5,kinder-cola,can,330ml,0.68,20086
4111,31/10/15,Larisa,39.63689,22.41761,141732,shop_5,kinder-cola,can,330ml,0.76,14293
4216,30/11/15,Larisa,39.63689,22.41761,141732,shop_5,kinder-cola,can,330ml,0.85,9430
4295,31/12/15,Larisa,39.63689,22.41761,141732,shop_5,kinder-cola,can,330ml,0.81,16655
5191,31/10/16,Larisa,39.63689,22.41761,142030,shop_5,kinder-cola,can,330ml,0.56,18961
5297,30/11/16,Larisa,39.63689,22.41761,142030,shop_5,kinder-cola,can,330ml,0.91,8629
5370,31/12/16,Larisa,39.63689,22.41761,142030,shop_5,kinder-cola,can,330ml,0.85,16182
6286,31/10/17,Larisa,39.63689,22.41761,144302,shop_5,kinder-cola,can,330ml,0.74,15493
6361,30/11/17,Larisa,39.63689,22.41761,144302,shop_5,kinder-cola,can,330ml,0.75,11652
6451,31/12/17,Larisa,39.63689,22.41761,144302,shop_5,kinder-cola,can,330ml,0.9,15106
7354,31/10/18,Larisa,39.63689,22.41761,144651,shop_5,kinder-cola,can,330ml,0.94,11548
7444,30/11/18,Larisa,39.63689,22.41761,144651,shop_5,kinder-cola,can,330ml,0.86,10081
7548,31/12/18,Larisa,39.63689,22.41761,144651,shop_5,kinder-cola,can,330ml,0.72,20441
880,31/10/12,Larisa,39.63689,22.41761,137540,shop_5,adult-cola,glass,500ml,1.02,18374
968,30/11/12,Larisa,39.63689,22.41761,137540,shop_5,adult-cola,glass,500ml,1.3,13905
1053,31/12/12,Larisa,39.63689,22.41761,137540,shop_5,adult-cola,glass,500ml,0.84,28450
3038,31/10/14,Larisa,39.63689,22.41761,140563,shop_5,adult-cola,glass,500ml,0.9,22174
3128,30/11/14,Larisa,39.63689,22.41761,140563,shop_5,adult-cola,glass,500ml,1.1,20561
3233,31/12/14,Larisa,39.63689,22.41761,140563,shop_5,adult-cola,glass,500ml,1.02,24595
4112,31/10/15,Larisa,39.63689,22.41761,141732,shop_5,adult-cola,glass,500ml,1.08,18614
4199,30/11/15,Larisa,39.63689,22.41761,141732,shop_5,adult-cola,glass,500ml,1.17,19475
4296,31/12/15,Larisa,39.63689,22.41761,141732,shop_5,adult-cola,glass,500ml,0.61,36388
5192,31/10/16,Larisa,39.63689,22.41761,142030,shop_5,adult-cola,glass,500ml,1.08,19287
5287,30/11/16,Larisa,39.63689,22.41761,142030,shop_5,adult-cola,glass,500ml,1.27,17622
5371,31/12/16,Larisa,39.63689,22.41761,142030,shop_5,adult-cola,glass,500ml,1.54,11448
6274,31/10/17,Larisa,39.63689,22.41761,144302,shop_5,adult-cola,glass,500ml,1.57,9210
6389,30/11/17,Larisa,39.63689,22.41761,144302,shop_5,adult-cola,glass,500ml,0.73,31582
6452,31/12/17,Larisa,39.63689,22.41761,144302,shop_5,adult-cola,glass,500ml,1.54,12376
7355,31/10/18,Larisa,39.63689,22.41761,144651,shop_5,adult-cola,glass,500ml,1.05,20811
7445,30/11/18,Larisa,39.63689,22.41761,144651,shop_5,adult-cola,glass,500ml,0.96,26364
7544,31/12/18,Larisa,39.63689,22.41761,144651,shop_5,adult-cola,glass,500ml,1.18,22640
881,31/10/12,Larisa,39.63689,22.41761,137540,shop_5,adult-cola,plastic,1.5lt,2.44,10993
969,30/11/12,Larisa,39.63689,22.41761,137540,shop_5,adult-cola,plastic,1.5lt,1.96,18894
1054,31/12/12,Larisa,39.63689,22.41761,137540,shop_5,adult-cola,plastic,1.5lt,1.9,17890
3039,31/10/14,Larisa,,,140563,shop_5,adult-cola,plastic,1.5lt,2.55,11012
3148,30/11/14,Larisa,39.63689,22.41761,140563,shop_5,adult-cola,plastic,1.5lt,3.14,11433
3230,31/12/14,Larisa,39.63689,22.41761,140563,shop_5,adult-cola,plastic,1.5lt,3.13,10649
4133,31/10/15,Larisa,39.63689,22.41761,141732,shop_5,adult-cola,plastic,1.5lt,2.71,10508
4200,30/11/15,Larisa,39.63689,22.41761,141732,shop_5,adult-cola,plastic,1.5lt,3,12783
4297,31/12/15,Larisa,39.63689,22.41761,141732,shop_5,adult-cola,plastic,1.5lt,1.39,21864
5193,31/10/16,Larisa,39.63689,22.41761,142030,shop_5,adult-cola,plastic,1.5lt,3.78,5753
5288,30/11/16,Larisa,39.63689,22.41761,142030,shop_5,adult-cola,plastic,1.5lt,2.86,14106
5372,31/12/16,Larisa,39.63689,22.41761,142030,shop_5,adult-cola,plastic,1.5lt,2.7,14098
6275,31/10/17,Larisa,39.63689,22.41761,144302,shop_5,adult-cola,plastic,1.5lt,1.58,16207
6362,30/11/17,Larisa,39.63689,22.41761,144302,shop_5,adult-cola,plastic,1.5lt,3.36,11276
6471,31/12/17,Larisa,39.63689,22.41761,144302,shop_5,adult-cola,plastic,1.5lt,3.83,7675
7356,31/10/18,Larisa,39.63689,22.41761,144651,shop_5,adult-cola,plastic,1.5lt,1.8,15336
7466,30/11/18,Larisa,39.63689,22.41761,144651,shop_5,adult-cola,plastic,1.5lt,1.59,22860
7532,31/12/18,Larisa,39.63689,22.41761,144651,shop_5,adult-cola,plastic,1.5lt,1.69,20659
882,31/10/12,Larisa,39.63689,22.41761,137540,shop_5,adult-cola,can,330ml,0.57,25510
970,30/11/12,Larisa,39.63689,22.41761,137540,shop_5,adult-cola,can,330ml,0.67,19537
1055,31/12/12,Larisa,39.63689,22.41761,137540,shop_5,adult-cola,can,330ml,0.64,25128
3129,30/11/14,Larisa,39.63689,22.41761,140563,shop_5,adult-cola,can,330ml,0.77,16530
3214,31/12/14,Larisa,39.63689,22.41761,140563,shop_5,adult-cola,can,330ml,0.56,30871
4113,31/10/15,Larisa,39.63689,22.41761,141732,shop_5,adult-cola,can,330ml,0.55,28067
4201,30/11/15,Larisa,39.63689,22.41761,141732,shop_5,adult-cola,can,330ml,0.6,24140
4298,31/12/15,Larisa,39.63689,22.41761,141732,shop_5,adult-cola,can,330ml,0.59,29997
5194,31/10/16,Larisa,39.63689,22.41761,142030,shop_5,adult-cola,can,330ml,0.68,22817
5296,30/11/16,Larisa,39.63689,22.41761,142030,shop_5,adult-cola,can,330ml,0.77,17831
5373,31/12/16,Larisa,39.63689,22.41761,142030,shop_5,adult-cola,can,330ml,0.84,18299
6276,31/10/17,Larisa,,22.41761,144302,shop_5,adult-cola,can,330ml,0.72,21995
6363,30/11/17,Larisa,39.63689,22.41761,144302,shop_5,adult-cola,can,330ml,0.83,16185
6453,31/12/17,Larisa,39.63689,22.41761,144302,shop_5,adult-cola,can,330ml,0.57,32326
7357,31/10/18,Larisa,39.63689,22.41761,144651,shop_5,adult-cola,can,330ml,0.81,18815
7464,30/11/18,Larisa,39.63689,22.41761,144651,shop_5,adult-cola,can,330ml,0.47,30886
7533,31/12/18,Larisa,39.63689,22.41761,144651,shop_5,adult-cola,can,330ml,0.68,27784
883,31/10/12,Larisa,39.63689,22.41761,137540,shop_5,orange-power,glass,500ml,0.57,33081
979,30/11/12,Larisa,39.63689,22.41761,137540,shop_5,orange-power,glass,500ml,0.63,32423
1056,31/12/12,Larisa,39.63689,22.41761,137540,shop_5,orange-power,glass,500ml,0.89,28010
3041,31/10/14,Larisa,39.63689,22.41761,140563,shop_5,orange-power,glass,500ml,0.92,18981
3130,30/11/14,Larisa,39.63689,22.41761,140563,shop_5,orange-power,glass,500ml,1.11,11614
3209,31/12/14,Larisa,39.63689,22.41761,140563,shop_5,orange-power,glass,500ml,0.75,39347
4114,31/10/15,Larisa,,,141732,shop_5,orange-power,glass,500ml,1.04,14831
4229,30/11/15,Larisa,39.63689,22.41761,141732,shop_5,orange-power,glass,500ml,0.98,18521
4299,31/12/15,Larisa,39.63689,22.41761,141732,shop_5,orange-power,glass,500ml,0.79,37653
5195,31/10/16,Larisa,39.63689,,142030,shop_5,orange-power,glass,500ml,0.96,18787
5289,30/11/16,Larisa,39.63689,22.41761,142030,shop_5,orange-power,glass,500ml,0.82,26686
5374,31/12/16,Larisa,39.63689,22.41761,142030,shop_5,orange-power,glass,500ml,0.9,31858
6277,31/10/17,Larisa,39.63689,22.41761,144302,shop_5,orange-power,glass,500ml,0.56,35930
6364,30/11/17,Larisa,39.63689,22.41761,144302,shop_5,orange-power,glass,500ml,0.84,26709
6454,31/12/17,Larisa,39.63689,22.41761,144302,shop_5,orange-power,glass,500ml,0.96,29760
7367,31/10/18,Larisa,39.63689,22.41761,144651,shop_5,orange-power,glass,500ml,1.07,16141
7446,30/11/18,Larisa,39.63689,22.41761,144651,shop_5,orange-power,glass,500ml,0.74,31639
7547,31/12/18,Larisa,39.63689,22.41761,144651,shop_5,orange-power,glass,500ml,0.8,39920
884,31/10/12,Larisa,39.63689,22.41761,137540,shop_5,orange-power,plastic,1.5lt,1.91,13738
988,30/11/12,Larisa,39.63689,22.41761,137540,shop_5,orange-power,plastic,1.5lt,1.15,22469
1057,31/12/12,Larisa,39.63689,22.41761,137540,shop_5,orange-power,plastic,1.5lt,1.49,19296
3042,31/10/14,Larisa,39.63689,22.41761,140563,shop_5,orange-power,plastic,1.5lt,1.56,18560
3131,30/11/14,Larisa,39.63689,22.41761,140563,shop_5,orange-power,plastic,1.5lt,1.87,15019
3227,31/12/14,Larisa,39.63689,22.41761,140563,shop_5,orange-power,plastic,1.5lt,2.12,12880
4132,31/10/15,Larisa,39.63689,22.41761,141732,shop_5,orange-power,plastic,1.5lt,1.91,15158
4202,30/11/15,Larisa,39.63689,22.41761,141732,shop_5,orange-power,plastic,1.5lt,0.47,30591
4300,31/12/15,Larisa,39.63689,22.41761,141732,shop_5,orange-power,plastic,1.5lt,1.67,18484
5218,31/10/16,Larisa,39.63689,22.41761,142030,shop_5,orange-power,plastic,1.5lt,2.09,13622
5290,30/11/16,Larisa,39.63689,22.41761,142030,shop_5,orange-power,plastic,1.5lt,2.28,11647
5375,31/12/16,Larisa,39.63689,22.41761,142030,shop_5,orange-power,plastic,1.5lt,2.08,14358
6278,31/10/17,Larisa,39.63689,22.41761,144302,shop_5,orange-power,plastic,1.5lt,1.27,22591
6365,30/11/17,Larisa,39.63689,22.41761,144302,shop_5,orange-power,plastic,1.5lt,1.95,15490
6455,31/12/17,Larisa,39.63689,22.41761,144302,shop_5,orange-power,plastic,1.5lt,2.1,14523
7358,31/10/18,Larisa,39.63689,22.41761,144651,shop_5,orange-power,plastic,1.5lt,2.47,10699
7447,30/11/18,Larisa,39.63689,22.41761,144651,shop_5,orange-power,plastic,1.5lt,2.7,8284
7534,31/12/18,Larisa,39.63689,22.41761,144651,shop_5,orange-power,plastic,1.5lt,1.58,20519
885,31/10/12,Larisa,39.63689,22.41761,137540,shop_5,orange-power,can,330ml,0.39,40466
971,30/11/12,Larisa,39.63689,22.41761,137540,shop_5,orange-power,can,330ml,0.58,15193
1058,31/12/12,Larisa,39.63689,22.41761,137540,shop_5,orange-power,can,330ml,0.6,23250
3043,31/10/14,Larisa,39.63689,22.41761,140563,shop_5,orange-power,can,330ml,0.56,24817
3132,30/11/14,Larisa,39.63689,22.41761,140563,shop_5,orange-power,can,330ml,0.55,19228
3210,31/12/14,Larisa,39.63689,22.41761,140563,shop_5,orange-power,can,330ml,0.54,34269
4123,31/10/15,Larisa,39.63689,22.41761,141732,shop_5,orange-power,can,330ml,0.54,28324
4203,30/11/15,Larisa,39.63689,22.41761,141732,shop_5,orange-power,can,330ml,0.33,36016
4301,31/12/15,Larisa,39.63689,22.41761,141732,shop_5,orange-power,can,330ml,0.43,50054
5216,31/10/16,Larisa,39.63689,22.41761,142030,shop_5,orange-power,can,330ml,0.52,31054
5291,30/11/16,Larisa,39.63689,22.41761,142030,shop_5,orange-power,can,330ml,0.4,31628
5376,31/12/16,Larisa,39.63689,22.41761,142030,shop_5,orange-power,can,330ml,0.37,57391
6287,31/10/17,Larisa,39.63689,22.41761,144302,shop_5,orange-power,can,330ml,0.34,48793
6366,30/11/17,Larisa,39.63689,22.41761,144302,shop_5,orange-power,can,330ml,0.7,11764
6476,31/12/17,Larisa,39.63689,22.41761,144302,shop_5,orange-power,can,330ml,0.47,46971
7359,31/10/18,Larisa,39.63689,22.41761,144651,shop_5,orange-power,can,330ml,0.48,36720
7448,30/11/18,Larisa,39.63689,22.41761,144651,shop_5,orange-power,can,330ml,0.41,31979
7535,31/12/18,Larisa,39.63689,22.41761,144651,shop_5,orange-power,can,330ml,0.53,41582
886,31/10/12,Larisa,39.63689,22.41761,137540,shop_5,gazoza,glass,500ml,0.43,49125
972,30/11/12,Larisa,39.63689,22.41761,137540,shop_5,gazoza,glass,500ml,0.39,52602
1059,31/12/12,Larisa,39.63689,22.41761,137540,shop_5,gazoza,glass,500ml,0.49,58837
3044,31/10/14,Larisa,39.63689,22.41761,140563,shop_5,gazoza,glass,500ml,0.66,28550
3133,30/11/14,Larisa,39.63689,22.41761,140563,shop_5,gazoza,glass,500ml,0.63,31001
3234,31/12/14,Larisa,39.63689,22.41761,140563,shop_5,gazoza,glass,500ml,0.74,27012
4115,31/10/15,Larisa,39.63689,22.41761,141732,shop_5,gazoza,glass,500ml,0.8,16019
4204,30/11/15,Larisa,39.63689,22.41761,141732,shop_5,gazoza,glass,500ml,0.63,32045
4302,31/12/15,Larisa,39.63689,22.41761,141732,shop_5,gazoza,glass,500ml,0.56,54149
5196,31/10/16,Larisa,39.63689,22.41761,142030,shop_5,gazoza,glass,500ml,0.77,20756
5292,30/11/16,Larisa,39.63689,22.41761,142030,shop_5,gazoza,glass,500ml,0.76,21317
5377,31/12/16,Larisa,39.63689,22.41761,142030,shop_5,gazoza,glass,500ml,0.7,37362
6279,31/10/17,Larisa,39.63689,22.41761,144302,shop_5,gazoza,glass,500ml,0.59,38553
6367,30/11/17,Larisa,39.63689,22.41761,144302,shop_5,gazoza,glass,500ml,0.79,19886
6456,31/12/17,Larisa,39.63689,22.41761,144302,shop_5,gazoza,glass,500ml,0.7,38691
7360,31/10/18,Larisa,39.63689,22.41761,144651,shop_5,gazoza,glass,500ml,0.63,35812
7449,30/11/18,Larisa,39.63689,22.41761,144651,shop_5,gazoza,glass,500ml,0.72,27966
7536,31/12/18,Larisa,39.63689,22.41761,144651,shop_5,gazoza,glass,500ml,0.66,45724
