ML/data/quarterly.csv
id,date,city,lat,long,pop,shop,brand,container,capacity,price,quantity
887,31/10/12,Larisa,39.63689,22.41761,137540,shop_5,gazoza,plastic,1.5lt,0.34,44656
973,30/11/12,Larisa,39.63689,22.41761,137540,shop_5,gazoza,plastic,1.5lt,1.01,20065
1071,31/12/12,Larisa,39.63689,22.41761,137540,shop_5,gazoza,plastic,1.5lt,1.32,16149
3045,31/10/14,Larisa,39.63689,22.41761,140563,shop_5,gazoza,plastic,1.5lt,1.34,17539
3134,30/11/14,Larisa,39.63689,22.41761,140563,shop_5,gazoza,plastic,1.5lt,1.15,18099
3215,31/12/14,Larisa,39.63689,22.41761,140563,shop_5,gazoza,plastic,1.5lt,1.15,22081
4116,31/10/15,Larisa,39.63689,22.41761,141732,shop_5,gazoza,plastic,1.5lt,1.31,19191
4205,30/11/15,Larisa,39.63689,22.41761,141732,shop_5,gazoza,plastic,1.5lt,1.07,20221
4303,31/12/15,Larisa,39.63689,22.41761,141732,shop_5,gazoza,plastic,1.5lt,0.87,29920
5197,31/10/16,Larisa,39.63689,22.41761,142030,shop_5,gazoza,plastic,1.5lt,1.16,24008
5293,30/11/16,Larisa,39.63689,22.41761,142030,shop_5,gazoza,plastic,1.5lt,1.21,17734
5378,31/12/16,Larisa,39.63689,22.41761,142030,shop_5,gazoza,plastic,1.5lt,1.39,17276
6280,31/10/17,Larisa,39.63689,22.41761,144302,shop_5,gazoza,plastic,1.5lt,1.43,17682
6368,30/11/17,Larisa,39.63689,22.41761,144302,shop_5,gazoza,plastic,1.5lt,0.52,32243
6473,31/12/17,Larisa,39.63689,22.41761,144302,shop_5,gazoza,plastic,1.5lt,0.26,46047
7361,31/10/18,Larisa,39.63689,22.41761,144651,shop_5,gazoza,plastic,1.5lt,1.2,23984
7455,30/11/18,Larisa,39.63689,22.41761,144651,shop_5,gazoza,plastic,1.5lt,1.52,12621
7537,31/12/18,Larisa,39.63689,22.41761,144651,shop_5,gazoza,plastic,1.5lt,1.25,22136
888,31/10/12,Larisa,39.63689,22.41761,137540,shop_5,gazoza,can,330ml,0.33,30802
981,30/11/12,Larisa,39.63689,22.41761,137540,shop_5,gazoza,can,330ml,0.21,59991
1060,31/12/12,Larisa,39.63689,22.41761,137540,shop_5,gazoza,can,330ml,0.25,46834
3046,31/10/14,Larisa,39.63689,22.41761,140563,shop_5,gazoza,can,330ml,0.36,27939
3143,30/11/14,Larisa,39.63689,22.41761,140563,shop_5,gazoza,can,330ml,0.34,37293
3211,31/12/14,Larisa,39.63689,22.41761,140563,shop_5,gazoza,can,330ml,0.35,32204
4117,31/10/15,Larisa,39.63689,22.41761,141732,shop_5,gazoza,can,330ml,0.31,37009
4206,30/11/15,Larisa,39.63689,22.41761,141732,shop_5,gazoza,can,330ml,0.38,31220
4304,31/12/15,Larisa,39.63689,22.41761,141732,shop_5,gazoza,can,330ml,0.42,22026
5198,31/10/16,Larisa,39.63689,22.41761,142030,shop_5,gazoza,can,330ml,0.37,27983
5295,30/11/16,Larisa,39.63689,22.41761,142030,shop_5,gazoza,can,330ml,0.32,43462
5379,31/12/16,Larisa,39.63689,22.41761,142030,shop_5,gazoza,can,330ml,0.39,28383
6281,31/10/17,Larisa,39.63689,22.41761,144302,shop_5,gazoza,can,330ml,0.35,32239
6369,30/11/17,Larisa,39.63689,22.41761,144302,shop_5,gazoza,can,330ml,0.41,29270
6457,31/12/17,Larisa,39.63689,22.41761,144302,shop_5,gazoza,can,330ml,0.36,33818
7362,31/10/18,Larisa,39.63689,22.41761,144651,shop_5,gazoza,can,330ml,0.35,34172
7450,30/11/18,Larisa,39.63689,22.41761,144651,shop_5,gazoza,can,330ml,0.42,28664
7538,31/12/18,Larisa,39.63689,22.41761,144651,shop_5,gazoza,can,330ml,0.31,43512
889,31/10/12,Larisa,39.63689,22.41761,137540,shop_5,lemon-boost,glass,500ml,0.78,19447
974,30/11/12,Larisa,39.63689,22.41761,137540,shop_5,lemon-boost,glass,500ml,0.95,12544
1061,31/12/12,Larisa,39.63689,22.41761,137540,shop_5,lemon-boost,glass,500ml,0.79,21501
3047,31/10/14,Larisa,39.63689,22.41761,140563,shop_5,lemon-boost,glass,500ml,1.15,10744
3135,30/11/14,Larisa,39.63689,22.41761,140563,shop_5,lemon-boost,glass,500ml,0.82,16513
3238,31/12/14,Larisa,39.63689,22.41761,140563,shop_5,lemon-boost,glass,500ml,1.26,9084
4118,31/10/15,Larisa,39.63689,22.41761,141732,shop_5,lemon-boost,glass,500ml,0.7,22722
4207,30/11/15,Larisa,39.63689,22.41761,141732,shop_5,lemon-boost,glass,500ml,0.77,17877
4305,31/12/15,Larisa,39.63689,22.41761,141732,shop_5,lemon-boost,glass,500ml,0.95,18546
5210,31/10/16,Larisa,39.63689,22.41761,142030,shop_5,lemon-boost,glass,500ml,0.98,16116
5306,30/11/16,Larisa,39.63689,22.41761,142030,shop_5,lemon-boost,glass,500ml,1.07,11853
5380,31/12/16,Larisa,39.63689,22.41761,142030,shop_5,lemon-boost,glass,500ml,1.01,17379
6282,31/10/17,Larisa,39.63689,22.41761,144302,shop_5,lemon-boost,glass,500ml,1.09,13933
6370,30/11/17,Larisa,39.63689,22.41761,144302,shop_5,lemon-boost,glass,500ml,1.08,12118
6458,31/12/17,Larisa,39.63689,22.41761,144302,shop_5,lemon-boost,glass,500ml,0.87,21932
7363,31/10/18,Larisa,39.63689,22.41761,144651,shop_5,lemon-boost,glass,500ml,1.17,12523
7451,30/11/18,Larisa,39.63689,22.41761,144651,shop_5,lemon-boost,glass,500ml,0.79,18436
7539,31/12/18,Larisa,39.63689,22.41761,144651,shop_5,lemon-boost,glass,500ml,0.71,26496
890,31/10/12,Larisa,39.63689,22.41761,137540,shop_5,lemon-boost,plastic,1.5lt,1.82,13150
975,30/11/12,Larisa,39.63689,22.41761,137540,shop_5,lemon-boost,plastic,1.5lt,1.61,14904
1062,31/12/12,Larisa,39.63689,22.41761,137540,shop_5,lemon-boost,plastic,1.5lt,1.98,14381
3052,31/10/14,Larisa,39.63689,22.41761,140563,shop_5,lemon-boost,plastic,1.5lt,1.59,15235
3136,30/11/14,Larisa,39.63689,22.41761,140563,shop_5,lemon-boost,plastic,1.5lt,1.95,13068
3212,31/12/14,Larisa,39.63689,22.41761,140563,shop_5,lemon-boost,plastic,1.5lt,2.98,7117
4119,31/10/15,Larisa,39.63689,22.41761,141732,shop_5,lemon-boost,plastic,1.5lt,1.15,18370
4208,30/11/15,Larisa,39.63689,22.41761,141732,shop_5,lemon-boost,plastic,1.5lt,1.64,15442
4306,31/12/15,Larisa,39.63689,22.41761,141732,shop_5,lemon-boost,plastic,1.5lt,1.22,21414
5199,31/10/16,Larisa,39.63689,22.41761,142030,shop_5,lemon-boost,plastic,1.5lt,2.8,7908
5309,30/11/16,Larisa,39.63689,22.41761,142030,shop_5,lemon-boost,plastic,1.5lt,2.04,13077
5393,31/12/16,Larisa,39.63689,22.41761,142030,shop_5,lemon-boost,plastic,1.5lt,1.39,20275
6283,31/10/17,Larisa,39.63689,22.41761,144302,shop_5,lemon-boost,plastic,1.5lt,1.99,13364
6371,30/11/17,Larisa,39.63689,22.41761,144302,shop_5,lemon-boost,plastic,1.5lt,2.18,12439
6459,31/12/17,Larisa,39.63689,22.41761,144302,shop_5,lemon-boost,plastic,1.5lt,2.82,9772
7364,31/10/18,Larisa,39.63689,22.41761,144651,shop_5,lemon-boost,plastic,1.5lt,3.23,5957
7465,30/11/18,Larisa,39.63689,22.41761,144651,shop_5,lemon-boost,plastic,1.5lt,2.77,8997
7543,31/12/18,Larisa,39.63689,22.41761,144651,shop_5,lemon-boost,plastic,1.5lt,1.95,16547
891,31/10/12,Larisa,39.63689,22.41761,137540,shop_5,lemon-boost,can,330ml,0.49,23629
976,30/11/12,Larisa,39.63689,22.41761,137540,shop_5,lemon-boost,can,330ml,0.62,14430
1063,31/12/12,Larisa,39.63689,22.41761,137540,shop_5,lemon-boost,can,330ml,0.38,34287
3048,31/10/14,Larisa,39.63689,22.41761,140563,shop_5,lemon-boost,can,330ml,0.63,17349
3137,30/11/14,Larisa,39.63689,22.41761,140563,shop_5,lemon-boost,can,330ml,0.43,25075
3213,31/12/14,Larisa,39.63689,22.41761,140563,shop_5,lemon-boost,can,330ml,0.73,13698
4120,31/10/15,Larisa,39.63689,22.41761,141732,shop_5,lemon-boost,can,330ml,0.56,21894
4209,30/11/15,Larisa,39.63689,22.41761,141732,shop_5,lemon-boost,can,330ml,0.33,30236
4307,31/12/15,Larisa,39.63689,22.41761,141732,shop_5,lemon-boost,can,330ml,0.46,30952
5200,31/10/16,Larisa,39.63689,22.41761,142030,shop_5,lemon-boost,can,330ml,0.44,28701
5294,30/11/16,Larisa,39.63689,22.41761,142030,shop_5,lemon-boost,can,330ml,0.49,23143
5381,31/12/16,Larisa,39.63689,22.41761,142030,shop_5,lemon-boost,can,330ml,0.43,33493
6284,31/10/17,Larisa,39.63689,22.41761,144302,shop_5,lemon-boost,can,330ml,0.62,20200
6372,30/11/17,Larisa,39.63689,22.41761,144302,shop_5,lemon-boost,can,330ml,0.6,18862
6460,31/12/17,Larisa,39.63689,22.41761,144302,shop_5,lemon-boost,can,330ml,0.66,20543
7365,31/10/18,Larisa,39.63689,22.41761,144651,shop_5,lemon-boost,can,330ml,0.52,25878
7452,30/11/18,Larisa,39.63689,22.41761,144651,shop_5,lemon-boost,can,330ml,0.71,14166
7540,31/12/18,Larisa,39.63689,22.41761,144651,shop_5,lemon-boost,can,330ml,0.63,23270
892,31/10/12,Irakleion,35.32787,25.14341,134219,shop_2,adult-cola,can,330ml,0.77,20916
918,30/11/12,Irakleion,35.32787,25.14341,134219,shop_2,adult-cola,can,330ml,0.87,12794
1008,31/12/12,Irakleion,35.32787,25.14341,134219,shop_2,adult-cola,can,330ml,0.75,26768
2985,31/10/14,Irakleion,35.32787,25.14341,136202,shop_2,adult-cola,can,330ml,0.72,25813
3075,30/11/14,Irakleion,35.32787,25.14341,136202,shop_2,adult-cola,can,330ml,0.56,30836
3166,31/12/14,Irakleion,35.32787,25.14341,136202,shop_2,adult-cola,can,330ml,0.77,27533
4137,31/10/15,Irakleion,35.32787,25.14341,138560,shop_2,adult-cola,can,330ml,0.65,30661
4155,30/11/15,Irakleion,35.32787,25.14341,138560,shop_2,adult-cola,can,330ml,0.69,24910
4244,31/12/15,Irakleion,35.32787,25.14341,138560,shop_2,adult-cola,can,330ml,0.66,36582
5147,31/10/16,Irakleion,35.32787,25.14341,137302,shop_2,adult-cola,can,330ml,0.81,22299
5240,30/11/16,Irakleion,35.32787,25.14341,137302,shop_2,adult-cola,can,330ml,0.71,24876
5327,31/12/16,Irakleion,35.32787,25.14341,137302,shop_2,adult-cola,can,330ml,0.68,35949
6228,31/10/17,Irakleion,35.32787,25.14341,138200,shop_2,adult-cola,can,330ml,0.54,38149
6316,30/11/17,Irakleion,35.32787,25.14341,138200,shop_2,adult-cola,can,330ml,0.69,26541
6407,31/12/17,Irakleion,35.32787,25.14341,138200,shop_2,adult-cola,can,330ml,0.81,28717
7308,31/10/18,Irakleion,35.32787,25.14341,137154,shop_2,adult-cola,can,330ml,0.52,39474
7453,30/11/18,Irakleion,35.32787,25.14341,137154,shop_2,adult-cola,can,330ml,0.49,36657
7484,31/12/18,Irakleion,35.32787,25.14341,137154,shop_2,adult-cola,can,330ml,0.33,61297
893,31/10/12,Larisa,39.63689,22.41761,137540,shop_5,kinder-cola,plastic,1.5lt,2.48,9395
986,30/11/12,Larisa,39.63689,22.41761,137540,shop_5,kinder-cola,plastic,1.5lt,2.47,10053
1052,31/12/12,Larisa,39.63689,22.41761,137540,shop_5,kinder-cola,plastic,1.5lt,3.13,9485
3036,31/10/14,Larisa,39.63689,22.41761,140563,shop_5,kinder-cola,plastic,1.5lt,3.27,7371
3127,30/11/14,Larisa,39.63689,22.41761,140563,shop_5,kinder-cola,plastic,1.5lt,3.89,5919
3207,31/12/14,Larisa,39.63689,22.41761,140563,shop_5,kinder-cola,plastic,1.5lt,3.75,7647
4110,31/10/15,Larisa,39.63689,22.41761,141732,shop_5,kinder-cola,plastic,1.5lt,4.4,4293
4219,30/11/15,Larisa,39.63689,22.41761,141732,shop_5,kinder-cola,plastic,1.5lt,2.72,9819
4316,31/12/15,Larisa,39.63689,22.41761,141732,shop_5,kinder-cola,plastic,1.5lt,3.53,8781
5190,31/10/16,Larisa,39.63689,22.41761,142030,shop_5,kinder-cola,plastic,1.5lt,3.65,6708
5286,30/11/16,Larisa,39.63689,22.41761,142030,shop_5,kinder-cola,plastic,1.5lt,3.87,6470
5369,31/12/16,Larisa,39.63689,22.41761,142030,shop_5,kinder-cola,plastic,1.5lt,3.44,9388
6298,31/10/17,Larisa,39.63689,22.41761,144302,shop_5,kinder-cola,plastic,1.5lt,1.56,12751
6360,30/11/17,Larisa,39.63689,22.41761,144302,shop_5,kinder-cola,plastic,1.5lt,2.62,10443
6450,31/12/17,Larisa,39.63689,22.41761,144302,shop_5,kinder-cola,plastic,1.5lt,1.76,15698
7371,31/10/18,Larisa,39.63689,22.41761,144651,shop_5,kinder-cola,plastic,1.5lt,2.57,10078
7458,30/11/18,Larisa,39.63689,22.41761,144651,shop_5,kinder-cola,plastic,1.5lt,2.86,9899
7541,31/12/18,Larisa,39.63689,22.41761,144651,shop_5,kinder-cola,plastic,1.5lt,3.14,10949
894,31/10/12,Patra,38.24444,21.73444,164250,shop_6,kinder-cola,glass,500ml,1.2,20556
926,30/11/12,Patra,38.24444,21.73444,164250,shop_6,kinder-cola,glass,500ml,1.23,16662
1016,31/12/12,Patra,38.24444,21.73444,164250,shop_6,kinder-cola,glass,500ml,1.23,24272
2993,31/10/14,Patra,38.24444,21.73444,167242,shop_6,kinder-cola,glass,500ml,1.21,21415
3084,30/11/14,Patra,38.24444,21.73444,167242,shop_6,kinder-cola,glass,500ml,1.16,18991
3172,31/12/14,Patra,38.24444,21.73444,167242,shop_6,kinder-cola,glass,500ml,1.37,22174
4071,31/10/15,Patra,38.24444,21.73444,167001,shop_6,kinder-cola,glass,500ml,1.51,15591
4165,30/11/15,Patra,38.24444,21.73444,167001,shop_6,kinder-cola,glass,500ml,1.29,17150
4252,31/12/15,Patra,38.24444,21.73444,167001,shop_6,kinder-cola,glass,500ml,1.18,27854
5155,31/10/16,Patra,38.24444,21.73444,168254,shop_6,kinder-cola,glass,500ml,1.35,19562
5304,30/11/16,Patra,38.24444,21.73444,168254,shop_6,kinder-cola,glass,500ml,1.62,11727
5335,31/12/16,Patra,38.24444,21.73444,168254,shop_6,kinder-cola,glass,500ml,1.18,28656
6236,31/10/17,Patra,38.24444,21.73444,168501,shop_6,kinder-cola,glass,500ml,1.34,20361
6323,30/11/17,Patra,38.24444,21.73444,168501,shop_6,kinder-cola,glass,500ml,1.36,16783
6414,31/12/17,Patra,38.24444,21.73444,168501,shop_6,kinder-cola,glass,500ml,1.24,27710
7370,31/10/18,Patra,38.24444,21.73444,168034,shop_6,kinder-cola,glass,500ml,1.38,20083
7405,30/11/18,Patra,38.24444,21.73444,168034,shop_6,kinder-cola,glass,500ml,1.46,15520
7494,31/12/18,Patra,38.24444,21.73444,168034,shop_6,kinder-cola,glass,500ml,1.32,26319
895,31/10/12,Athens,37.97945,23.71622,672130,shop_1,gazoza,glass,500ml,0.51,57395
909,30/11/12,Athens,37.97945,23.71622,672130,shop_1,gazoza,glass,500ml,0.5,49775
997,31/12/12,Athens,37.97945,23.71622,672130,shop_1,gazoza,glass,500ml,0.63,27331
2977,31/10/14,Athens,37.97945,23.71622,668203,shop_1,gazoza,glass,500ml,0.68,36652
3066,30/11/14,Athens,37.97945,23.71622,668203,shop_1,gazoza,glass,500ml,0.75,23035
3156,31/12/14,Athens,37.97945,23.71622,668203,shop_1,gazoza,glass,500ml,0.49,43649
4128,31/10/15,Athens,37.97945,23.71622,667237,shop_1,gazoza,glass,500ml,0.53,58570
4212,30/11/15,Athens,37.97945,23.71622,667237,shop_1,gazoza,glass,500ml,0.62,39658
4309,31/12/15,Athens,37.97945,23.71622,667237,shop_1,gazoza,glass,500ml,0.78,17268
5201,31/10/16,Athens,37.97945,23.71622,665102,shop_1,gazoza,glass,500ml,0.65,44834
5229,30/11/16,Athens,37.97945,23.71622,665102,shop_1,gazoza,glass,500ml,0.68,34431
5319,31/12/16,Athens,37.97945,23.71622,665102,shop_1,gazoza,glass,500ml,0.7,26274
6218,31/10/17,Athens,37.97945,23.71622,665871,shop_1,gazoza,glass,500ml,0.68,42442
6308,30/11/17,Athens,37.97945,23.71622,665871,shop_1,gazoza,glass,500ml,0.71,32668
6398,31/12/17,Athens,37.97945,23.71622,665871,shop_1,gazoza,glass,500ml,0.67,30410
7299,31/10/18,Athens,37.97945,23.71622,664046,shop_1,gazoza,glass,500ml,0.88,18587
7387,30/11/18,Athens,37.97945,23.71622,664046,shop_1,gazoza,glass,500ml,0.68,37750
7476,31/12/18,Athens,37.97945,,664046,shop_1,gazoza,glass,500ml,0.65,32945
896,31/10/12,Athens,37.96245,23.68708,672130,shop_3,orange-power,can,330ml,0.54,16436
960,30/11/12,Athens,37.96245,23.68708,672130,shop_3,orange-power,can,330ml,0.38,30196
1045,31/12/12,Athens,37.96245,23.68708,672130,shop_3,orange-power,can,330ml,0.25,46779
3030,31/10/14,Athens,37.96245,23.68708,668203,shop_3,orange-power,can,330ml,0.42,25632
3121,30/11/14,Athens,37.96245,23.68708,668203,shop_3,orange-power,can,330ml,0.51,22151
3231,31/12/14,Athens,37.96245,23.68708,668203,shop_3,orange-power,can,330ml,0.62,16791
4104,31/10/15,Athens,37.96245,23.68708,667237,shop_3,orange-power,can,330ml,0.28,35579
4193,30/11/15,Athens,37.96245,23.68708,667237,shop_3,orange-power,can,330ml,0.47,25865
4288,31/12/15,Athens,37.96245,23.68708,667237,shop_3,orange-power,can,330ml,0.48,29325
5184,31/10/16,Athens,37.96245,23.68708,665102,shop_3,orange-power,can,330ml,0.56,18446
5279,30/11/16,Athens,37.96245,23.68708,665102,shop_3,orange-power,can,330ml,0.31,37534
5394,31/12/16,Athens,37.96245,23.68708,665102,shop_3,orange-power,can,330ml,0.45,32680
6268,31/10/17,Athens,37.96245,23.68708,665871,shop_3,orange-power,can,330ml,0.52,21433
6354,30/11/17,Athens,37.96245,23.68708,665871,shop_3,orange-power,can,330ml,0.62,16547
6469,31/12/17,Athens,37.96245,23.68708,665871,shop_3,orange-power,can,330ml,0.57,23724
7346,31/10/18,Athens,37.96245,23.68708,664046,shop_3,orange-power,can,330ml,0.4,29095
7436,30/11/18,Athens,37.96245,23.68708,664046,shop_3,orange-power,can,330ml,0.57,20749
7552,31/12/18,Athens,37.96245,23.68708,664046,shop_3,orange-power,can,330ml,0.6,22219
897,31/10/12,Athens,37.96245,23.68708,672130,shop_3,gazoza,can,330ml,0.32,28633
963,30/11/12,Athens,37.96245,23.68708,672130,shop_3,gazoza,can,330ml,0.35,26078
1048,31/12/12,Athens,37.96245,23.68708,672130,shop_3,gazoza,can,330ml,0.32,32935
3033,31/10/14,Athens,37.96245,23.68708,668203,shop_3,gazoza,can,330ml,0.28,37130
3124,30/11/14,Athens,37.96245,23.68708,668203,shop_3,gazoza,can,330ml,0.35,28811
3203,31/12/14,Athens,37.96245,23.68708,668203,shop_3,gazoza,can,330ml,0.31,37552
4134,31/10/15,Athens,37.96245,23.68708,667237,shop_3,gazoza,can,330ml,0.4,21144
4196,30/11/15,Athens,37.96245,23.68708,667237,shop_3,gazoza,can,330ml,0.42,20202
4291,31/12/15,Athens,37.96245,23.68708,667237,shop_3,gazoza,can,330ml,0.31,38041
5186,31/10/16,Athens,37.96245,23.68708,665102,shop_3,gazoza,can,330ml,0.27,40658
5308,30/11/16,Athens,37.96245,23.68708,665102,shop_3,gazoza,can,330ml,0.36,30383
5383,31/12/16,Athens,37.96245,23.68708,665102,shop_3,gazoza,can,330ml,0.33,36827
6270,31/10/17,Athens,37.96245,23.68708,665871,shop_3,gazoza,can,330ml,0.43,19030
6384,30/11/17,Athens,37.96245,23.68708,665871,shop_3,gazoza,can,330ml,0.33,35050
6445,31/12/17,Athens,37.96245,23.68708,665871,shop_3,gazoza,can,330ml,0.23,53236
7349,31/10/18,Athens,37.96245,23.68708,664046,shop_3,gazoza,can,330ml,0.41,23636
7439,30/11/18,Athens,37.96245,23.68708,664046,shop_3,gazoza,can,330ml,0.33,36750
7527,31/12/18,Athens,37.96245,23.68708,664046,shop_3,gazoza,can,330ml,0.44,22206
