ML/data/quarterly.csv
id,date,city,lat,long,pop,shop,brand,container,capacity,price,quantity
898,31/10/12,Athens,37.97945,23.71622,672130,shop_1,orange-power,glass,500ml,0.3,55190
906,30/11/12,Athens,37.97945,23.71622,672130,shop_1,orange-power,glass,500ml,0.27,50565
994,31/12/12,Athens,37.97945,23.71622,672130,shop_1,orange-power,glass,500ml,0.85,26348
2974,31/10/14,Athens,37.97945,23.71622,668203,shop_1,orange-power,glass,500ml,0.85,27124
3064,30/11/14,Athens,37.97945,23.71622,668203,shop_1,orange-power,glass,500ml,1.08,13126
3154,31/12/14,Athens,37.97945,23.71622,668203,shop_1,orange-power,glass,500ml,0.7,37145
4056,31/10/15,Athens,37.97945,23.71622,667237,shop_1,orange-power,glass,500ml,1.02,19024
4145,30/11/15,Athens,37.97945,23.71622,667237,shop_1,orange-power,glass,500ml,0.96,19782
4234,31/12/15,Athens,37.97945,23.71622,667237,shop_1,orange-power,glass,500ml,1.05,18457
5135,31/10/16,Athens,37.97945,23.71622,665102,shop_1,orange-power,glass,500ml,0.91,25826
5226,30/11/16,Athens,37.97945,23.71622,665102,shop_1,orange-power,glass,500ml,1.21,9227
5316,31/12/16,Athens,37.97945,23.71622,665102,shop_1,orange-power,glass,500ml,0.69,39549
6215,31/10/17,Athens,37.97945,23.71622,665871,shop_1,orange-power,glass,500ml,1.01,21540
6305,30/11/17,Athens,37.97945,23.71622,665871,shop_1,orange-power,glass,500ml,0.92,23046
6396,31/12/17,Athens,37.97945,23.71622,665871,shop_1,orange-power,glass,500ml,0.99,24144
7296,31/10/18,Athens,37.97945,23.71622,664046,shop_1,orange-power,glass,500ml,1.01,22719
7385,30/11/18,Athens,37.97945,23.71622,664046,shop_1,orange-power,glass,500ml,0.92,23926
7474,31/12/18,Athens,37.97945,23.71622,664046,shop_1,orange-power,glass,500ml,0.9,30190
899,31/10/12,Thessaloniki,40.64361,22.93086,346502,shop_4,adult-cola,can,330ml,0.77,23973
944,30/11/12,Thessaloniki,40.64361,22.93086,346502,shop_4,adult-cola,can,330ml,0.7,23106
1030,31/12/12,Thessaloniki,40.64361,22.93086,346502,shop_4,adult-cola,can,330ml,0.66,33322
3012,31/10/14,Thessaloniki,40.64361,22.93086,349232,shop_4,adult-cola,can,330ml,0.49,45758
3103,30/11/14,Thessaloniki,40.64361,22.93086,349232,shop_4,adult-cola,can,330ml,0.63,28776
3237,31/12/14,Thessaloniki,40.64361,22.93086,349232,shop_4,adult-cola,can,330ml,0.43,52182
4139,31/10/15,Thessaloniki,40.64361,22.93086,351650,shop_4,adult-cola,can,330ml,0.71,31812
4181,30/11/15,Thessaloniki,40.64361,22.93086,351650,shop_4,adult-cola,can,330ml,0.45,38972
4272,31/12/15,Thessaloniki,40.64361,22.93086,351650,shop_4,adult-cola,can,330ml,0.66,36639
5172,31/10/16,Thessaloniki,40.64361,22.93086,351702,shop_4,adult-cola,can,330ml,0.64,37245
5263,30/11/16,Thessaloniki,40.64361,22.93086,351702,shop_4,adult-cola,can,330ml,0.82,20431
5353,31/12/16,Thessaloniki,40.64361,22.93086,351702,shop_4,adult-cola,can,330ml,0.66,37264
6296,31/10/17,Thessaloniki,40.64361,22.93086,353001,shop_4,adult-cola,can,330ml,0.7,34209
6339,30/11/17,Thessaloniki,40.64361,22.93086,353001,shop_4,adult-cola,can,330ml,0.54,35577
6429,31/12/17,Thessaloniki,40.64361,22.93086,353001,shop_4,adult-cola,can,330ml,0.74,32889
7331,31/10/18,Thessaloniki,40.64361,22.93086,354290,shop_4,adult-cola,can,330ml,0.65,38153
7419,30/11/18,Thessaloniki,40.64361,22.93086,354290,shop_4,adult-cola,can,330ml,0.72,26810
7551,31/12/18,Thessaloniki,40.64361,22.93086,354290,shop_4,adult-cola,can,330ml,0.76,33052
900,30/11/12,Athens,37.97945,23.71622,672130,shop_1,kinder-cola,glass,500ml,0.95,15536
990,31/12/12,Athens,37.97945,23.71622,672130,shop_1,kinder-cola,glass,500ml,1.56,9223
3058,31/10/14,Athens,37.97945,23.71622,668203,shop_1,kinder-cola,glass,500ml,1.43,10050
3060,30/11/14,Athens,37.97945,23.71622,668203,shop_1,kinder-cola,glass,500ml,1.39,10353
3150,31/12/14,Athens,37.97945,23.71622,668203,shop_1,kinder-cola,glass,500ml,1.43,12435
4050,31/10/15,Athens,37.97945,23.71622,667237,shop_1,kinder-cola,glass,500ml,1.45,10163
4140,30/11/15,Athens,37.97945,23.71622,667237,shop_1,kinder-cola,glass,500ml,1.7,6907
4230,31/12/15,Athens,37.97945,23.71622,667237,shop_1,kinder-cola,glass,500ml,1.13,17597
5130,31/10/16,Athens,37.97945,23.71622,665102,shop_1,kinder-cola,glass,500ml,1.1,14904
5220,30/11/16,Athens,37.97945,23.71622,665102,shop_1,kinder-cola,glass,500ml,1.03,15656
5310,31/12/16,Athens,37.97945,23.71622,665102,shop_1,kinder-cola,glass,500ml,0.81,22913
6210,31/10/17,Athens,37.97945,23.71622,665871,shop_1,kinder-cola,glass,500ml,0.73,19863
6300,30/11/17,Athens,37.97945,23.71622,665871,shop_1,kinder-cola,glass,500ml,1.6,8890
6390,31/12/17,Athens,37.97945,23.71622,665871,shop_1,kinder-cola,glass,500ml,1.38,14506
7290,31/10/18,Athens,37.97945,23.71622,664046,shop_1,kinder-cola,glass,500ml,1.71,8152
7380,30/11/18,Athens,37.97945,23.71622,664046,shop_1,kinder-cola,glass,500ml,1.64,8819
7470,31/12/18,Athens,37.97945,23.71622,664046,shop_1,kinder-cola,glass,500ml,1.5,13173
